Archive member included to satisfy reference by file (symbol)

/usr/lib/gcc/arm-none-eabi/6.1.1/../../../../arm-none-eabi/lib/armv7e-m/fpu/libc.a(lib_a-atexit.o)
                              /usr/lib/gcc/arm-none-eabi/6.1.1/../../../../arm-none-eabi/lib/armv7e-m/fpu/rdimon-crt0.o (atexit)
/usr/lib/gcc/arm-none-eabi/6.1.1/../../../../arm-none-eabi/lib/armv7e-m/fpu/libc.a(lib_a-exit.o)
                              /usr/lib/gcc/arm-none-eabi/6.1.1/../../../../arm-none-eabi/lib/armv7e-m/fpu/rdimon-crt0.o (exit)
/usr/lib/gcc/arm-none-eabi/6.1.1/../../../../arm-none-eabi/lib/armv7e-m/fpu/libc.a(lib_a-fini.o)
                              /usr/lib/gcc/arm-none-eabi/6.1.1/../../../../arm-none-eabi/lib/armv7e-m/fpu/rdimon-crt0.o (__libc_fini_array)
/usr/lib/gcc/arm-none-eabi/6.1.1/../../../../arm-none-eabi/lib/armv7e-m/fpu/libc.a(lib_a-impure.o)
                              /usr/lib/gcc/arm-none-eabi/6.1.1/../../../../arm-none-eabi/lib/armv7e-m/fpu/libc.a(lib_a-exit.o) (_global_impure_ptr)
/usr/lib/gcc/arm-none-eabi/6.1.1/../../../../arm-none-eabi/lib/armv7e-m/fpu/libc.a(lib_a-init.o)
                              /usr/lib/gcc/arm-none-eabi/6.1.1/../../../../arm-none-eabi/lib/armv7e-m/fpu/rdimon-crt0.o (__libc_init_array)
/usr/lib/gcc/arm-none-eabi/6.1.1/../../../../arm-none-eabi/lib/armv7e-m/fpu/libc.a(lib_a-memset.o)
                              /usr/lib/gcc/arm-none-eabi/6.1.1/../../../../arm-none-eabi/lib/armv7e-m/fpu/rdimon-crt0.o (memset)
/usr/lib/gcc/arm-none-eabi/6.1.1/../../../../arm-none-eabi/lib/armv7e-m/fpu/libc.a(lib_a-__atexit.o)
                              /usr/lib/gcc/arm-none-eabi/6.1.1/../../../../arm-none-eabi/lib/armv7e-m/fpu/libc.a(lib_a-atexit.o) (__register_exitproc)
/usr/lib/gcc/arm-none-eabi/6.1.1/../../../../arm-none-eabi/lib/armv7e-m/fpu/libc.a(lib_a-__call_atexit.o)
                              /usr/lib/gcc/arm-none-eabi/6.1.1/../../../../arm-none-eabi/lib/armv7e-m/fpu/libc.a(lib_a-exit.o) (__call_exitprocs)
/usr/lib/gcc/arm-none-eabi/6.1.1/../../../../arm-none-eabi/lib/armv7e-m/fpu/librdimon.a(rdimon-syscalls.o)
                              /usr/lib/gcc/arm-none-eabi/6.1.1/../../../../arm-none-eabi/lib/armv7e-m/fpu/rdimon-crt0.o (initialise_monitor_handles)
/usr/lib/gcc/arm-none-eabi/6.1.1/../../../../arm-none-eabi/lib/armv7e-m/fpu/librdimon.a(rdimon-_exit.o)
                              /usr/lib/gcc/arm-none-eabi/6.1.1/../../../../arm-none-eabi/lib/armv7e-m/fpu/libc.a(lib_a-exit.o) (_exit)
/usr/lib/gcc/arm-none-eabi/6.1.1/../../../../arm-none-eabi/lib/armv7e-m/fpu/librdimon.a(rdimon-_kill.o)
                              /usr/lib/gcc/arm-none-eabi/6.1.1/../../../../arm-none-eabi/lib/armv7e-m/fpu/librdimon.a(rdimon-_exit.o) (_kill)
./Drivers/STM32F4xx_HAL_Driver/libstm32f4_hal.a(stm32f4xx_hal.o)
                              obj/main.o (HAL_Init)
./Drivers/STM32F4xx_HAL_Driver/libstm32f4_hal.a(stm32f4xx_hal_cortex.o)
                              ./Drivers/STM32F4xx_HAL_Driver/libstm32f4_hal.a(stm32f4xx_hal.o) (HAL_NVIC_SetPriorityGrouping)
./Drivers/STM32F4xx_HAL_Driver/libstm32f4_hal.a(stm32f4xx_hal_gpio.o)
                              obj/main.o (HAL_GPIO_Init)
./Drivers/STM32F4xx_HAL_Driver/libstm32f4_hal.a(stm32f4xx_hal_pcd_ex.o)
                              obj/usbd_conf.o (HAL_PCDEx_SetTxFiFo)
./Drivers/STM32F4xx_HAL_Driver/libstm32f4_hal.a(stm32f4xx_hal_rcc.o)
                              obj/main.o (HAL_RCC_OscConfig)
./Drivers/STM32F4xx_HAL_Driver/libstm32f4_hal.a(stm32f4xx_hal_tim.o)
                              obj/main.o (HAL_TIM_ConfigClockSource)
./Drivers/STM32F4xx_HAL_Driver/libstm32f4_hal.a(stm32f4xx_hal_tim_ex.o)
                              ./Drivers/STM32F4xx_HAL_Driver/libstm32f4_hal.a(stm32f4xx_hal_tim.o) (TIMEx_DMACommutationCplt)
./Drivers/STM32F4xx_HAL_Driver/libstm32f4_hal.a(stm32f4xx_ll_usb.o)
                              obj/stm32f4xx_hal_pcd.o (USB_CoreInit)
./Drivers/STM32F4xx_HAL_Driver/libstm32f4_hal.a(stm32f4xx_hal_dma.o)
                              ./Drivers/STM32F4xx_HAL_Driver/libstm32f4_hal.a(stm32f4xx_hal_tim.o) (HAL_DMA_Start_IT)
/usr/lib/gcc/arm-none-eabi/6.1.1/../../../../arm-none-eabi/lib/armv7e-m/fpu/libg.a(lib_a-errno.o)
                              /usr/lib/gcc/arm-none-eabi/6.1.1/../../../../arm-none-eabi/lib/armv7e-m/fpu/librdimon.a(rdimon-syscalls.o) (__errno)
/usr/lib/gcc/arm-none-eabi/6.1.1/../../../../arm-none-eabi/lib/armv7e-m/fpu/libg.a(lib_a-findfp.o)
                              /usr/lib/gcc/arm-none-eabi/6.1.1/../../../../arm-none-eabi/lib/armv7e-m/fpu/librdimon.a(rdimon-syscalls.o) (__sinit)
/usr/lib/gcc/arm-none-eabi/6.1.1/../../../../arm-none-eabi/lib/armv7e-m/fpu/libg.a(lib_a-fwalk.o)
                              /usr/lib/gcc/arm-none-eabi/6.1.1/../../../../arm-none-eabi/lib/armv7e-m/fpu/libg.a(lib_a-findfp.o) (_fwalk)
/usr/lib/gcc/arm-none-eabi/6.1.1/../../../../arm-none-eabi/lib/armv7e-m/fpu/libg.a(lib_a-malloc.o)
                              obj/usbd_cdc.o (malloc)
[...]
Memory Configuration

Name             Origin             Length             Attributes
FLASH            0x0000000008000000 0x0000000000100000 xr
RAM              0x0000000020000000 0x0000000000020000 xrw
CCMRAM           0x0000000010000000 0x0000000000010000 rw
*default*        0x0000000000000000 0xffffffffffffffff

Linker script and memory map

LOAD /usr/lib/gcc/arm-none-eabi/6.1.1/armv7e-m/fpu/crti.o
LOAD /usr/lib/gcc/arm-none-eabi/6.1.1/armv7e-m/fpu/crtbegin.o
LOAD /usr/lib/gcc/arm-none-eabi/6.1.1/../../../../arm-none-eabi/lib/armv7e-m/fpu/rdimon-crt0.o
LOAD /usr/lib/gcc/arm-none-eabi/6.1.1/../../../../arm-none-eabi/lib/armv7e-m/fpu/libc.a
LOAD /usr/lib/gcc/arm-none-eabi/6.1.1/../../../../arm-none-eabi/lib/armv7e-m/fpu/librdimon.a
LOAD /tmp/ccuXfbie.o
LOAD obj/main.o
LOAD obj/usb_usr.o
LOAD obj/system_stm32f4xx.o
LOAD obj/stm32f4xx_it.o
LOAD obj/usbd_conf.o
LOAD obj/usbd_core.o
LOAD obj/usbd_ctlreq.o
LOAD obj/usbd_ioreq.o
LOAD obj/usbd_desc.o
LOAD obj/usb_device.o
LOAD obj/usbd_cdc.o
LOAD obj/usbd_cdc_if.o
LOAD obj/stm32f4xx_hal_pcd.o
LOAD ./Drivers/STM32F4xx_HAL_Driver/libstm32f4_hal.a
START GROUP
LOAD /usr/lib/gcc/arm-none-eabi/6.1.1/armv7e-m/fpu/libgcc.a
LOAD /usr/lib/gcc/arm-none-eabi/6.1.1/../../../../arm-none-eabi/lib/armv7e-m/fpu/libg.a
LOAD /usr/lib/gcc/arm-none-eabi/6.1.1/../../../../arm-none-eabi/lib/armv7e-m/fpu/libc.a
END GROUP
START GROUP
LOAD /usr/lib/gcc/arm-none-eabi/6.1.1/armv7e-m/fpu/libgcc.a
LOAD /usr/lib/gcc/arm-none-eabi/6.1.1/../../../../arm-none-eabi/lib/armv7e-m/fpu/libc.a
LOAD /usr/lib/gcc/arm-none-eabi/6.1.1/../../../../arm-none-eabi/lib/armv7e-m/fpu/librdimon.a
END GROUP
LOAD /usr/lib/gcc/arm-none-eabi/6.1.1/armv7e-m/fpu/crtend.o
LOAD /usr/lib/gcc/arm-none-eabi/6.1.1/armv7e-m/fpu/crtn.o
                0x000000002001ffff                _estack = 0x2001ffff
                0x0000000000000200                _Min_Heap_Size = 0x200
                0x0000000000000400                _Min_Stack_Size = 0x400

.isr_vector     0x0000000008000000      0x194
                0x0000000008000000                . = ALIGN (0x4)
 *(.isr_vector)
 .isr_vector    0x0000000008000000      0x194 /tmp/ccuXfbie.o
                0x0000000008000000                g_pfnVectors
                0x0000000008000194                . = ALIGN (0x4)

.text           0x0000000008000194     0x7300
                0x0000000008000194                . = ALIGN (0x4)
 *(.text)
 .text          0x0000000008000194      0x1a4 ./Drivers/STM32F4xx_HAL_Driver/libstm32f4_hal.a(stm32f4xx_hal.o)
                0x0000000008000194                HAL_MspInit
                0x0000000008000198                HAL_MspDeInit
                0x000000000800019c                HAL_DeInit
                0x00000000080001c8                HAL_InitTick
                0x00000000080001f4                HAL_Init
                0x0000000008000228                HAL_IncTick
                0x0000000008000238                HAL_GetTick
                0x0000000008000244                HAL_Delay
                0x0000000008000260                HAL_SuspendTick
                0x0000000008000270                HAL_ResumeTick
                0x0000000008000280                HAL_GetHalVersion
                0x0000000008000288                HAL_GetREVID
                0x0000000008000294                HAL_GetDEVID
                0x00000000080002a4                HAL_DBGMCU_EnableDBGSleepMode
                0x00000000080002b4                HAL_DBGMCU_DisableDBGSleepMode
                0x00000000080002c4                HAL_DBGMCU_EnableDBGStopMode
                0x00000000080002d4                HAL_DBGMCU_DisableDBGStopMode
                0x00000000080002e4                HAL_DBGMCU_EnableDBGStandbyMode
                0x00000000080002f4                HAL_DBGMCU_DisableDBGStandbyMode
                0x0000000008000304                HAL_EnableCompensationCell
                0x000000000800031c                HAL_DisableCompensationCell
 .text          0x0000000008000338      0x274 ./Drivers/STM32F4xx_HAL_Driver/libstm32f4_hal.a(stm32f4xx_hal_cortex.o)
                0x0000000008000338                HAL_NVIC_SetPriorityGrouping
                0x000000000800035c                HAL_NVIC_SetPriority
                0x00000000080003c8                HAL_NVIC_EnableIRQ
                0x00000000080003e0                HAL_NVIC_DisableIRQ
                0x00000000080003fc                HAL_NVIC_SystemReset
                0x0000000008000420                HAL_SYSTICK_Config
                0x0000000008000454                HAL_MPU_ConfigRegion
                0x00000000080004a8                HAL_NVIC_GetPriorityGrouping
                0x00000000080004b8                HAL_NVIC_GetPriority
                0x0000000008000518                HAL_NVIC_SetPendingIRQ
                0x0000000008000534                HAL_NVIC_GetPendingIRQ
                0x0000000008000550                HAL_NVIC_ClearPendingIRQ
                0x000000000800056c                HAL_NVIC_GetActive
                0x0000000008000588                HAL_SYSTICK_CLKSourceConfig
                0x00000000080005a0                HAL_SYSTICK_Callback
                0x00000000080005a4                HAL_SYSTICK_IRQHandler
 .text          0x00000000080005ac      0x40c ./Drivers/STM32F4xx_HAL_Driver/libstm32f4_hal.a(stm32f4xx_hal_gpio.o)
                0x00000000080005ac                HAL_GPIO_Init
                0x00000000080007f0                HAL_GPIO_DeInit
                0x0000000008000954                HAL_GPIO_ReadPin
                0x0000000008000960                HAL_GPIO_WritePin
                0x0000000008000968                HAL_GPIO_TogglePin
                0x0000000008000970                HAL_GPIO_LockPin
                0x000000000800099c                HAL_GPIO_EXTI_Callback
                0x00000000080009a0                HAL_GPIO_EXTI_IRQHandler
 .text          0x00000000080009b8       0x50 ./Drivers/STM32F4xx_HAL_Driver/libstm32f4_hal.a(stm32f4xx_hal_pcd_ex.o)
                0x00000000080009b8                HAL_PCDEx_SetTxFiFo
                0x0000000008000a00                HAL_PCDEx_SetRxFiFo
 .text          0x0000000008000a08      0x760 ./Drivers/STM32F4xx_HAL_Driver/libstm32f4_hal.a(stm32f4xx_hal_rcc.o)
                0x0000000008000a08                HAL_RCC_DeInit
                0x0000000008000a0c                HAL_RCC_OscConfig
                0x0000000008000d18                HAL_RCC_MCOConfig
                0x0000000008000dbc                HAL_RCC_EnableCSS
                0x0000000008000dc8                HAL_RCC_DisableCSS
                0x0000000008000dd4                HAL_RCC_GetSysClockFreq
                0x0000000008000e48                HAL_RCC_ClockConfig
                0x0000000008000fb8                HAL_RCC_GetHCLKFreq
                0x0000000008000fc4                HAL_RCC_GetPCLK1Freq
                0x0000000008000ff4                HAL_RCC_GetPCLK2Freq
                0x0000000008001024                HAL_RCC_GetOscConfig
                0x0000000008001100                HAL_RCC_GetClockConfig
                0x0000000008001144                HAL_RCC_CSSCallback
                0x0000000008001148                HAL_RCC_NMI_IRQHandler
 .text          0x0000000008001168     0x1f6c ./Drivers/STM32F4xx_HAL_Driver/libstm32f4_hal.a(stm32f4xx_hal_tim.o)
                0x000000000800132c                HAL_TIM_Base_MspInit
                0x0000000008001330                HAL_TIM_Base_MspDeInit
                0x0000000008001334                HAL_TIM_Base_DeInit
                0x0000000008001370                HAL_TIM_Base_Start
                0x0000000008001390                HAL_TIM_Base_Stop
                0x00000000080013c0                HAL_TIM_Base_Start_IT
                0x00000000080013d8                HAL_TIM_Base_Stop_IT
                0x0000000008001404                HAL_TIM_Base_Start_DMA
                0x0000000008001460                HAL_TIM_Base_Stop_DMA
                0x0000000008001490                HAL_TIM_OC_MspInit
                0x0000000008001494                HAL_TIM_OC_MspDeInit
                0x0000000008001498                HAL_TIM_OC_DeInit
                0x00000000080014d4                HAL_TIM_OC_Stop
                0x0000000008001540                HAL_TIM_PWM_MspInit
                0x0000000008001544                HAL_TIM_PWM_MspDeInit
                0x0000000008001548                HAL_TIM_PWM_DeInit
                0x0000000008001584                HAL_TIM_PWM_Start
                0x00000000080015cc                HAL_TIM_OC_Start
                0x00000000080015d0                HAL_TIM_PWM_Stop
                0x0000000008001640                HAL_TIM_PWM_Start_IT
                0x00000000080016d0                HAL_TIM_OC_Start_IT
                0x00000000080016d4                HAL_TIM_PWM_Stop_IT
                0x0000000008001788                HAL_TIM_OC_Stop_IT
                0x000000000800178c                HAL_TIM_PWM_Start_DMA
                0x00000000080018a4                HAL_TIM_OC_Start_DMA
                0x00000000080018a8                HAL_TIM_PWM_Stop_DMA
                0x0000000008001960                HAL_TIM_OC_Stop_DMA
                0x0000000008001964                HAL_TIM_IC_MspInit
                0x0000000008001968                HAL_TIM_IC_MspDeInit
                0x000000000800196c                HAL_TIM_IC_DeInit
                0x00000000080019a8                HAL_TIM_IC_Start
                0x00000000080019cc                HAL_TIM_IC_Stop
                0x0000000008001a00                HAL_TIM_IC_Start_IT
                0x0000000008001a68                HAL_TIM_IC_Stop_IT
                0x0000000008001ae4                HAL_TIM_IC_Start_DMA
                0x0000000008001bc8                HAL_TIM_IC_Stop_DMA
                0x0000000008001c50                HAL_TIM_OnePulse_MspInit
                0x0000000008001c54                HAL_TIM_OnePulse_MspDeInit
                0x0000000008001c58                HAL_TIM_OnePulse_DeInit
                0x0000000008001c94                HAL_TIM_OnePulse_Start
                0x0000000008001cdc                HAL_TIM_OnePulse_Stop
                0x0000000008001d48                HAL_TIM_OnePulse_Start_IT
                0x0000000008001da0                HAL_TIM_OnePulse_Stop_IT
                0x0000000008001e1c                HAL_TIM_Encoder_MspInit
                0x0000000008001e20                HAL_TIM_Encoder_MspDeInit
                0x0000000008001e24                HAL_TIM_Encoder_DeInit
                0x0000000008001e60                HAL_TIM_Encoder_Start
                0x0000000008001eac                HAL_TIM_Encoder_Stop
                0x0000000008001f00                HAL_TIM_Encoder_Start_IT
                0x0000000008001f80                HAL_TIM_Encoder_Stop_IT
                0x0000000008002000                HAL_TIM_Encoder_Start_DMA
                0x0000000008002148                HAL_TIM_Encoder_Stop_DMA
                0x00000000080021c8                HAL_TIM_DMABurst_WriteStart
                0x00000000080022ac                HAL_TIM_DMABurst_ReadStart
                0x0000000008002390                HAL_TIM_DMABurst_ReadStop
                0x0000000008002408                HAL_TIM_DMABurst_WriteStop
                0x000000000800240c                HAL_TIM_GenerateEvent
                0x0000000008002438                HAL_TIM_ConfigOCrefClear
                0x0000000008002504                HAL_TIM_ConfigClockSource
                0x0000000008002684                HAL_TIM_ConfigTI1Input
                0x0000000008002694                HAL_TIM_SlaveConfigSynchronization
                0x00000000080026d4                HAL_TIM_SlaveConfigSynchronization_IT
                0x0000000008002714                HAL_TIM_ReadCapturedValue
                0x0000000008002780                HAL_TIM_OC_DelayElapsedCallback
                0x0000000008002788                TIM_DMACaptureCplt
                0x00000000080027d4                HAL_TIM_PWM_PulseFinishedCallback
                0x00000000080027d8                TIM_DMADelayPulseCplt
                0x0000000008002824                HAL_TIM_TriggerCallback
                0x0000000008002828                HAL_TIM_IRQHandler
                0x000000000800298c                HAL_TIM_ErrorCallback
                0x0000000008002990                TIM_DMAError
                0x00000000080029a0                HAL_TIM_Base_GetState
                0x00000000080029a8                HAL_TIM_OC_GetState
                0x00000000080029b0                HAL_TIM_PWM_GetState
                0x00000000080029b8                HAL_TIM_IC_GetState
                0x00000000080029c0                HAL_TIM_OnePulse_GetState
                0x00000000080029c8                HAL_TIM_Encoder_GetState
                0x00000000080029d0                TIM_Base_SetConfig
                0x0000000008002ab4                HAL_TIM_Base_Init
                0x0000000008002aec                HAL_TIM_OC_Init
                0x0000000008002b24                HAL_TIM_PWM_Init
                0x0000000008002b5c                HAL_TIM_IC_Init
                0x0000000008002b94                HAL_TIM_OnePulse_Init
                0x0000000008002bdc                HAL_TIM_Encoder_Init
                0x0000000008002c80                TIM_TI1_SetConfig
                0x0000000008002cfc                HAL_TIM_IC_ConfigChannel
                0x0000000008002e24                TIM_OC2_SetConfig
                0x0000000008002e88                HAL_TIM_OC_ConfigChannel
                0x0000000008002ee8                HAL_TIM_PWM_ConfigChannel
                0x0000000008002fbc                HAL_TIM_OnePulse_ConfigChannel
                0x00000000080030b8                TIM_CCxChannelCmd
 .text          0x00000000080030d4      0x834 ./Drivers/STM32F4xx_HAL_Driver/libstm32f4_hal.a(stm32f4xx_hal_tim_ex.o)
                0x00000000080030d4                HAL_TIMEx_HallSensor_MspInit
                0x00000000080030d8                HAL_TIMEx_HallSensor_Init
                0x0000000008003178                HAL_TIMEx_HallSensor_MspDeInit
                0x000000000800317c                HAL_TIMEx_HallSensor_DeInit
                0x00000000080031b8                HAL_TIMEx_HallSensor_Start
                0x00000000080031d4                HAL_TIMEx_HallSensor_Stop
                0x0000000008003204                HAL_TIMEx_HallSensor_Start_IT
                0x0000000008003228                HAL_TIMEx_HallSensor_Stop_IT
                0x0000000008003260                HAL_TIMEx_HallSensor_Start_DMA
                0x00000000080032cc                HAL_TIMEx_HallSensor_Stop_DMA
                0x0000000008003304                HAL_TIMEx_PWMN_Start
                0x0000000008003330                HAL_TIMEx_OCN_Start
                0x0000000008003334                HAL_TIMEx_PWMN_Start_IT
                0x00000000080033ac                HAL_TIMEx_OCN_Start_IT
                0x00000000080033b0                HAL_TIMEx_PWMN_Stop_IT
                0x0000000008003458                HAL_TIMEx_OCN_Stop_IT
                0x000000000800345c                HAL_TIMEx_PWMN_Start_DMA
                0x000000000800355c                HAL_TIMEx_OCN_Start_DMA
                0x0000000008003560                HAL_TIMEx_PWMN_Stop_DMA
                0x0000000008003604                HAL_TIMEx_OCN_Stop_DMA
                0x0000000008003608                HAL_TIMEx_OnePulseN_Start
                0x000000000800362c                HAL_TIMEx_OnePulseN_Stop
                0x0000000008003680                HAL_TIMEx_PWMN_Stop
                0x0000000008003684                HAL_TIMEx_OCN_Stop
                0x0000000008003688                HAL_TIMEx_OnePulseN_Start_IT
                0x00000000080036bc                HAL_TIMEx_OnePulseN_Stop_IT
                0x0000000008003720                HAL_TIMEx_ConfigCommutationEvent
                0x0000000008003770                HAL_TIMEx_ConfigCommutationEvent_IT
                0x00000000080037c8                HAL_TIMEx_ConfigCommutationEvent_DMA
                0x0000000008003830                HAL_TIMEx_MasterConfigSynchronization
                0x000000000800387c                HAL_TIMEx_ConfigBreakDeadTime
                0x00000000080038c0                HAL_TIMEx_RemapConfig
                0x00000000080038e8                HAL_TIMEx_CommutationCallback
                0x00000000080038ec                TIMEx_DMACommutationCplt
                0x00000000080038fc                HAL_TIMEx_BreakCallback
                0x0000000008003900                HAL_TIMEx_HallSensor_GetState
 .text          0x0000000008003908     0x1300 ./Drivers/STM32F4xx_HAL_Driver/libstm32f4_hal.a(stm32f4xx_ll_usb.o)
                0x0000000008003908                USB_CoreInit
                0x0000000008003978                USB_EnableGlobalInt
                0x0000000008003988                USB_DisableGlobalInt
                0x0000000008003998                USB_SetCurrentMode
                0x00000000080039cc                USB_DevInit
                0x0000000008003b40                USB_FlushTxFifo
                0x0000000008003b64                USB_FlushRxFifo
                0x0000000008003b84                USB_SetDevSpeed
                0x0000000008003b94                USB_GetDevSpeed
                0x0000000008003bcc                USB_ActivateEndpoint
                0x0000000008003c5c                USB_ActivateDedicatedEndpoint
                0x0000000008003d1c                USB_DeactivateEndpoint
                0x0000000008003d78                USB_DeactivateDedicatedEndpoint
                0x0000000008003dd4                USB_EPStartXfer
                0x0000000008003f90                USB_EP0StartXfer
                0x0000000008004098                USB_WritePacket
                0x00000000080040c4                USB_ReadPacket
                0x00000000080040e0                USB_EPSetStall
                0x000000000800411c                USB_EPClearStall
                0x000000000800414c                USB_StopDevice
                0x00000000080041b0                USB_SetDevAddress
                0x00000000080041d0                USB_DevConnect
                0x00000000080041e8                USB_DevDisconnect
                0x0000000008004200                USB_ReadInterrupts
                0x0000000008004208                USB_ReadDevAllOutEpInterrupt
                0x0000000008004218                USB_ReadDevAllInEpInterrupt
                0x0000000008004228                USB_ReadDevOutEPInterrupt
                0x000000000800423c                USB_ReadDevInEPInterrupt
                0x0000000008004260                USB_ClearInterrupts
                0x0000000008004268                USB_GetMode
                0x0000000008004270                USB_ActivateSetup
                0x00000000080042a8                USB_EP0_OutStart
                0x0000000008004320                USB_HostInit
                0x0000000008004440                USB_InitFSLSPClkSel
                0x000000000800447c                USB_ResetPort
                0x00000000080044b0                USB_DriveVbus
                0x00000000080044f4                USB_GetHostSpeed
                0x0000000008004508                USB_GetCurrentFrame
                0x0000000008004514                USB_HC_Init
                0x0000000008004618                USB_HC_StartXfer
                0x0000000008004894                USB_HC_ReadInterrupt
                0x00000000080048b4                USB_HC_Halt
                0x0000000008004a88                USB_DoPing
                0x0000000008004b00                USB_StopHost
 .text          0x0000000008004c08      0x6f4 ./Drivers/STM32F4xx_HAL_Driver/libstm32f4_hal.a(stm32f4xx_hal_dma.o)
                0x0000000008004c08                HAL_DMA_Init
                0x0000000008004d38                HAL_DMA_DeInit
                0x0000000008004dac                HAL_DMA_Start
                0x0000000008004e08                HAL_DMA_Start_IT
                0x0000000008004e8c                HAL_DMA_Abort
                0x0000000008004f1c                HAL_DMA_Abort_IT
                0x0000000008004f40                HAL_DMA_PollForTransfer
                0x000000000800507c                HAL_DMA_IRQHandler
                0x0000000008005224                HAL_DMA_RegisterCallback
                0x0000000008005284                HAL_DMA_UnRegisterCallback
                0x00000000080052f0                HAL_DMA_GetState
                0x00000000080052f8                HAL_DMA_GetError
 *(.text*)
 .text.__do_global_dtors_aux
                0x00000000080052fc       0x24 /usr/lib/gcc/arm-none-eabi/6.1.1/armv7e-m/fpu/crtbegin.o
 .text.frame_dummy
                0x0000000008005320       0x34 /usr/lib/gcc/arm-none-eabi/6.1.1/armv7e-m/fpu/crtbegin.o
 .text.atexit   0x0000000008005354        0xc /usr/lib/gcc/arm-none-eabi/6.1.1/../../../../arm-none-eabi/lib/armv7e-m/fpu/libc.a(lib_a-atexit.o)
                0x0000000008005354                atexit
 .text.__libc_fini_array
                0x0000000008005360       0x34 /usr/lib/gcc/arm-none-eabi/6.1.1/../../../../arm-none-eabi/lib/armv7e-m/fpu/libc.a(lib_a-fini.o)
                0x0000000008005360                __libc_fini_array
 .text.__libc_init_array
                0x0000000008005394       0x50 /usr/lib/gcc/arm-none-eabi/6.1.1/../../../../arm-none-eabi/lib/armv7e-m/fpu/libc.a(lib_a-init.o)
                0x0000000008005394                __libc_init_array
 .text.__register_exitproc
                0x00000000080053e4       0xa4 /usr/lib/gcc/arm-none-eabi/6.1.1/../../../../arm-none-eabi/lib/armv7e-m/fpu/libc.a(lib_a-__atexit.o)
                0x00000000080053e4                __register_exitproc
 .text.startup.register_fini
                0x0000000008005488       0x14 /usr/lib/gcc/arm-none-eabi/6.1.1/../../../../arm-none-eabi/lib/armv7e-m/fpu/libc.a(lib_a-__call_atexit.o)
 .text._sbrk    0x000000000800549c       0x4c /usr/lib/gcc/arm-none-eabi/6.1.1/../../../../arm-none-eabi/lib/armv7e-m/fpu/librdimon.a(rdimon-syscalls.o)
                0x000000000800549c                _sbrk
 .text.Reset_Handler
                0x00000000080054e8       0x50 /tmp/ccuXfbie.o
                0x00000000080054e8                Reset_Handler
 .text.Default_Handler
                0x0000000008005538        0x2 /tmp/ccuXfbie.o
                0x0000000008005538                RTC_Alarm_IRQHandler
                0x0000000008005538                EXTI2_IRQHandler
                0x0000000008005538                DebugMon_Handler
                0x0000000008005538                SPI4_IRQHandler
                0x0000000008005538                TIM1_CC_IRQHandler
                0x0000000008005538                DMA2_Stream5_IRQHandler
                0x0000000008005538                HardFault_Handler
                0x0000000008005538                DMA1_Stream5_IRQHandler
                0x0000000008005538                PVD_IRQHandler
                0x0000000008005538                SDIO_IRQHandler
                0x0000000008005538                TAMP_STAMP_IRQHandler
                0x0000000008005538                PendSV_Handler
                0x0000000008005538                NMI_Handler
                0x0000000008005538                EXTI3_IRQHandler
                0x0000000008005538                TIM1_UP_TIM10_IRQHandler
                0x0000000008005538                I2C3_ER_IRQHandler
                0x0000000008005538                EXTI0_IRQHandler
                0x0000000008005538                I2C2_EV_IRQHandler
                0x0000000008005538                DMA1_Stream2_IRQHandler
                0x0000000008005538                FPU_IRQHandler
                0x0000000008005538                UsageFault_Handler
                0x0000000008005538                DMA2_Stream2_IRQHandler
                0x0000000008005538                SPI1_IRQHandler
                0x0000000008005538                TIM1_BRK_TIM9_IRQHandler
                0x0000000008005538                DMA2_Stream3_IRQHandler
                0x0000000008005538                USART6_IRQHandler
                0x0000000008005538                DMA2_Stream0_IRQHandler
                0x0000000008005538                TIM4_IRQHandler
                0x0000000008005538                I2C1_EV_IRQHandler
                0x0000000008005538                DMA1_Stream6_IRQHandler
                0x0000000008005538                DMA1_Stream1_IRQHandler
                0x0000000008005538                Default_Handler
                0x0000000008005538                EXTI15_10_IRQHandler
                0x0000000008005538                ADC_IRQHandler
                0x0000000008005538                DMA1_Stream7_IRQHandler
                0x0000000008005538                TIM5_IRQHandler
                0x0000000008005538                DMA2_Stream7_IRQHandler
                0x0000000008005538                I2C3_EV_IRQHandler
                0x0000000008005538                EXTI9_5_IRQHandler
                0x0000000008005538                RTC_WKUP_IRQHandler
                0x0000000008005538                SPI2_IRQHandler
                0x0000000008005538                MemManage_Handler
                0x0000000008005538                DMA1_Stream0_IRQHandler
                0x0000000008005538                SVC_Handler
                0x0000000008005538                EXTI4_IRQHandler
                0x0000000008005538                WWDG_IRQHandler
                0x0000000008005538                TIM2_IRQHandler
                0x0000000008005538                OTG_FS_WKUP_IRQHandler
                0x0000000008005538                TIM1_TRG_COM_TIM11_IRQHandler
                0x0000000008005538                EXTI1_IRQHandler
                0x0000000008005538                USART2_IRQHandler
                0x0000000008005538                I2C2_ER_IRQHandler
                0x0000000008005538                DMA2_Stream1_IRQHandler
                0x0000000008005538                FLASH_IRQHandler
                0x0000000008005538                DMA2_Stream4_IRQHandler
                0x0000000008005538                BusFault_Handler
                0x0000000008005538                USART1_IRQHandler
                0x0000000008005538                SPI3_IRQHandler
                0x0000000008005538                DMA1_Stream4_IRQHandler
                0x0000000008005538                I2C1_ER_IRQHandler
                0x0000000008005538                DMA2_Stream6_IRQHandler
                0x0000000008005538                DMA1_Stream3_IRQHandler
 *fill*         0x000000000800553a        0x2 
 .text.HAL_TIM_PeriodElapsedCallback
                0x000000000800553c       0x10 obj/main.o
                0x000000000800553c                HAL_TIM_PeriodElapsedCallback
 .text.HAL_TIM_IC_CaptureCallback
                0x000000000800554c        0x2 obj/main.o
                0x000000000800554c                HAL_TIM_IC_CaptureCallback
 *fill*         0x000000000800554e        0x2 
 .text.SystemClock_Config
                0x0000000008005550       0xa8 obj/main.o
                0x0000000008005550                SystemClock_Config
 .text.LEDsInit
                0x00000000080055f8       0x5c obj/main.o
                0x00000000080055f8                LEDsInit
 .text.startup.main
                0x0000000008005654      0x238 obj/main.o
                0x0000000008005654                main
 .text.Error_Handler
                0x000000000800588c        0x2 obj/main.o
                0x000000000800588c                Error_Handler
 *fill*         0x000000000800588e        0x2 
 .text.SystemInit
                0x0000000008005890       0x4c obj/system_stm32f4xx.o
                0x0000000008005890                SystemInit
 .text.SysTick_Handler
                0x00000000080058dc        0xe obj/stm32f4xx_it.o
                0x00000000080058dc                SysTick_Handler
 .text.RCC_IRQHandler
                0x00000000080058ea        0x2 obj/stm32f4xx_it.o
                0x00000000080058ea                RCC_IRQHandler
 .text.TIM3_IRQHandler
                0x00000000080058ec        0xc obj/stm32f4xx_it.o
                0x00000000080058ec                TIM3_IRQHandler
 .text.OTG_FS_IRQHandler
                0x00000000080058f8        0xc obj/stm32f4xx_it.o
                0x00000000080058f8                OTG_FS_IRQHandler
 .text.HAL_PCD_MspInit
                0x0000000008005904       0x74 obj/usbd_conf.o
                0x0000000008005904                HAL_PCD_MspInit
 .text.HAL_PCD_SetupStageCallback
                0x0000000008005978        0xc obj/usbd_conf.o
                0x0000000008005978                HAL_PCD_SetupStageCallback
 .text.HAL_PCD_DataOutStageCallback
                0x0000000008005984       0x12 obj/usbd_conf.o
                0x0000000008005984                HAL_PCD_DataOutStageCallback
 .text.HAL_PCD_DataInStageCallback
                0x0000000008005996       0x10 obj/usbd_conf.o
                0x0000000008005996                HAL_PCD_DataInStageCallback
 .text.HAL_PCD_SOFCallback
                0x00000000080059a6        0x8 obj/usbd_conf.o
                0x00000000080059a6                HAL_PCD_SOFCallback
 .text.HAL_PCD_ResetCallback
                0x00000000080059ae       0x20 obj/usbd_conf.o
                0x00000000080059ae                HAL_PCD_ResetCallback
 *fill*         0x00000000080059ce        0x2 
 .text.HAL_PCD_SuspendCallback
                0x00000000080059d0       0x30 obj/usbd_conf.o
                0x00000000080059d0                HAL_PCD_SuspendCallback
 .text.HAL_PCD_ResumeCallback
                0x0000000008005a00        0x8 obj/usbd_conf.o
                0x0000000008005a00                HAL_PCD_ResumeCallback
 .text.HAL_PCD_ISOOUTIncompleteCallback
                0x0000000008005a08        0x8 obj/usbd_conf.o
                0x0000000008005a08                HAL_PCD_ISOOUTIncompleteCallback
 .text.HAL_PCD_ISOINIncompleteCallback
                0x0000000008005a10        0x8 obj/usbd_conf.o
                0x0000000008005a10                HAL_PCD_ISOINIncompleteCallback
 .text.HAL_PCD_ConnectCallback
                0x0000000008005a18        0x8 obj/usbd_conf.o
                0x0000000008005a18                HAL_PCD_ConnectCallback
 .text.HAL_PCD_DisconnectCallback
                0x0000000008005a20        0x8 obj/usbd_conf.o
                0x0000000008005a20                HAL_PCD_DisconnectCallback
 .text.USBD_LL_Init
                0x0000000008005a28       0x60 obj/usbd_conf.o
                0x0000000008005a28                USBD_LL_Init
 .text.USBD_LL_Start
                0x0000000008005a88        0xe obj/usbd_conf.o
                0x0000000008005a88                USBD_LL_Start
 .text.USBD_LL_OpenEP
                0x0000000008005a96       0x14 obj/usbd_conf.o
                0x0000000008005a96                USBD_LL_OpenEP
 .text.USBD_LL_CloseEP
                0x0000000008005aaa        0xe obj/usbd_conf.o
                0x0000000008005aaa                USBD_LL_CloseEP
 .text.USBD_LL_StallEP
                0x0000000008005ab8        0xe obj/usbd_conf.o
                0x0000000008005ab8                USBD_LL_StallEP
 .text.USBD_LL_ClearStallEP
                0x0000000008005ac6        0xe obj/usbd_conf.o
                0x0000000008005ac6                USBD_LL_ClearStallEP
 .text.USBD_LL_IsStallEP
                0x0000000008005ad4       0x26 obj/usbd_conf.o
                0x0000000008005ad4                USBD_LL_IsStallEP
 .text.USBD_LL_SetUSBAddress
                0x0000000008005afa        0xe obj/usbd_conf.o
                0x0000000008005afa                USBD_LL_SetUSBAddress
 .text.USBD_LL_Transmit
                0x0000000008005b08        0xe obj/usbd_conf.o
                0x0000000008005b08                USBD_LL_Transmit
 .text.USBD_LL_PrepareReceive
                0x0000000008005b16        0xe obj/usbd_conf.o
                0x0000000008005b16                USBD_LL_PrepareReceive
 .text.USBD_LL_GetRxDataSize
                0x0000000008005b24        0xc obj/usbd_conf.o
                0x0000000008005b24                USBD_LL_GetRxDataSize
 .text.USBD_Init
                0x0000000008005b30       0x2a obj/usbd_core.o
                0x0000000008005b30                USBD_Init
 .text.USBD_RegisterClass
                0x0000000008005b5a        0xe obj/usbd_core.o
                0x0000000008005b5a                USBD_RegisterClass
 .text.USBD_Start
                0x0000000008005b68        0xa obj/usbd_core.o
                0x0000000008005b68                USBD_Start
 .text.USBD_SetClassConfig
                0x0000000008005b72       0x16 obj/usbd_core.o
                0x0000000008005b72                USBD_SetClassConfig
 .text.USBD_ClrClassConfig
                0x0000000008005b88        0xe obj/usbd_core.o
                0x0000000008005b88                USBD_ClrClassConfig
 .text.USBD_LL_SetupStage
                0x0000000008005b96       0x5a obj/usbd_core.o
                0x0000000008005b96                USBD_LL_SetupStage
 .text.USBD_LL_DataOutStage
                0x0000000008005bf0       0x64 obj/usbd_core.o
                0x0000000008005bf0                USBD_LL_DataOutStage
 .text.USBD_LL_DataInStage
                0x0000000008005c54       0x9e obj/usbd_core.o
                0x0000000008005c54                USBD_LL_DataInStage
 .text.USBD_LL_Reset
                0x0000000008005cf2       0x3e obj/usbd_core.o
                0x0000000008005cf2                USBD_LL_Reset
 .text.USBD_LL_SetSpeed
                0x0000000008005d30        0x6 obj/usbd_core.o
                0x0000000008005d30                USBD_LL_SetSpeed
 .text.USBD_LL_Suspend
                0x0000000008005d36       0x12 obj/usbd_core.o
                0x0000000008005d36                USBD_LL_Suspend
 .text.USBD_LL_Resume
                0x0000000008005d48        0xc obj/usbd_core.o
                0x0000000008005d48                USBD_LL_Resume
 .text.USBD_LL_SOF
                0x0000000008005d54       0x18 obj/usbd_core.o
                0x0000000008005d54                USBD_LL_SOF
 .text.USBD_LL_IsoINIncomplete
                0x0000000008005d6c        0x4 obj/usbd_core.o
                0x0000000008005d6c                USBD_LL_IsoINIncomplete
 .text.USBD_LL_IsoOUTIncomplete
                0x0000000008005d70        0x4 obj/usbd_core.o
                0x0000000008005d70                USBD_LL_IsoOUTIncomplete
 .text.USBD_LL_DevConnected
                0x0000000008005d74        0x4 obj/usbd_core.o
                0x0000000008005d74                USBD_LL_DevConnected
 .text.USBD_LL_DevDisconnected
                0x0000000008005d78       0x16 obj/usbd_core.o
                0x0000000008005d78                USBD_LL_DevDisconnected
 .text.USBD_CtlError.constprop.0
                0x0000000008005d8e       0x16 obj/usbd_ctlreq.o
 .text.USBD_StdDevReq
                0x0000000008005da4      0x1f4 obj/usbd_ctlreq.o
                0x0000000008005da4                USBD_StdDevReq
 .text.USBD_StdItfReq
                0x0000000008005f98       0x30 obj/usbd_ctlreq.o
                0x0000000008005f98                USBD_StdItfReq
 .text.USBD_StdEPReq
                0x0000000008005fc8       0xc6 obj/usbd_ctlreq.o
                0x0000000008005fc8                USBD_StdEPReq
 .text.USBD_ParseSetupRequest
                0x000000000800608e       0x28 obj/usbd_ctlreq.o
                0x000000000800608e                USBD_ParseSetupRequest
 .text.USBD_GetString
                0x00000000080060b6       0x38 obj/usbd_ctlreq.o
                0x00000000080060b6                USBD_GetString
 .text.USBD_CtlSendData
                0x00000000080060ee       0x1a obj/usbd_ioreq.o
                0x00000000080060ee                USBD_CtlSendData
 .text.USBD_CtlContinueSendData
                0x0000000008006108       0x10 obj/usbd_ioreq.o
                0x0000000008006108                USBD_CtlContinueSendData
 .text.USBD_CtlPrepareRx
                0x0000000008006118       0x1e obj/usbd_ioreq.o
                0x0000000008006118                USBD_CtlPrepareRx
 .text.USBD_CtlContinueRx
                0x0000000008006136       0x10 obj/usbd_ioreq.o
                0x0000000008006136                USBD_CtlContinueRx
 .text.USBD_CtlSendStatus
                0x0000000008006146       0x16 obj/usbd_ioreq.o
                0x0000000008006146                USBD_CtlSendStatus
 .text.USBD_CtlReceiveStatus
                0x000000000800615c       0x16 obj/usbd_ioreq.o
                0x000000000800615c                USBD_CtlReceiveStatus
 *fill*         0x0000000008006172        0x2 
 .text.USBD_FS_DeviceDescriptor
                0x0000000008006174        0xc obj/usbd_desc.o
                0x0000000008006174                USBD_FS_DeviceDescriptor
 .text.USBD_FS_LangIDStrDescriptor
                0x0000000008006180        0xc obj/usbd_desc.o
                0x0000000008006180                USBD_FS_LangIDStrDescriptor
 .text.USBD_FS_ManufacturerStrDescriptor
                0x000000000800618c       0x1c obj/usbd_desc.o
                0x000000000800618c                USBD_FS_ManufacturerStrDescriptor
 .text.USBD_FS_ProductStrDescriptor
                0x00000000080061a8       0x1c obj/usbd_desc.o
                0x00000000080061a8                USBD_FS_ProductStrDescriptor
 .text.USBD_FS_SerialStrDescriptor
                0x00000000080061c4       0x1c obj/usbd_desc.o
                0x00000000080061c4                USBD_FS_SerialStrDescriptor
 .text.USBD_FS_ConfigStrDescriptor
                0x00000000080061e0       0x1c obj/usbd_desc.o
                0x00000000080061e0                USBD_FS_ConfigStrDescriptor
 .text.USBD_FS_InterfaceStrDescriptor
                0x00000000080061fc       0x1c obj/usbd_desc.o
                0x00000000080061fc                USBD_FS_InterfaceStrDescriptor
 .text.MX_USB_DEVICE_Init
                0x0000000008006218       0x38 obj/usb_device.o
                0x0000000008006218                MX_USB_DEVICE_Init
 .text.USBD_CDC_DataIn
                0x0000000008006250       0x12 obj/usbd_cdc.o
 .text.USBD_CDC_EP0_RxReady
                0x0000000008006262       0x28 obj/usbd_cdc.o
 *fill*         0x000000000800628a        0x2 
 .text.USBD_CDC_GetFSCfgDesc
                0x000000000800628c        0xc obj/usbd_cdc.o
 .text.USBD_CDC_GetHSCfgDesc
                0x0000000008006298        0xc obj/usbd_cdc.o
 .text.USBD_CDC_GetOtherSpeedCfgDesc
                0x00000000080062a4        0xc obj/usbd_cdc.o
 .text.USBD_CDC_GetDeviceQualifierDescriptor
                0x00000000080062b0        0xc obj/usbd_cdc.o
                0x00000000080062b0                USBD_CDC_GetDeviceQualifierDescriptor
 .text.USBD_CDC_DataOut
                0x00000000080062bc       0x2e obj/usbd_cdc.o
 *fill*         0x00000000080062ea        0x2 
 .text.USBD_CDC_Setup
                0x00000000080062ec       0x68 obj/usbd_cdc.o
 .text.USBD_CDC_DeInit
                0x0000000008006354       0x3a obj/usbd_cdc.o
 .text.USBD_CDC_Init
                0x000000000800638e       0x8c obj/usbd_cdc.o
 .text.USBD_CDC_RegisterInterface
                0x000000000800641a        0xe obj/usbd_cdc.o
                0x000000000800641a                USBD_CDC_RegisterInterface
 .text.USBD_CDC_SetTxBuffer
                0x0000000008006428       0x10 obj/usbd_cdc.o
                0x0000000008006428                USBD_CDC_SetTxBuffer
 .text.USBD_CDC_SetRxBuffer
                0x0000000008006438        0xc obj/usbd_cdc.o
                0x0000000008006438                USBD_CDC_SetRxBuffer
 .text.USBD_CDC_ReceivePacket
                0x0000000008006444       0x26 obj/usbd_cdc.o
                0x0000000008006444                USBD_CDC_ReceivePacket
 .text.CDC_DeInit_FS
                0x000000000800646a        0x4 obj/usbd_cdc_if.o
 .text.CDC_Control_FS
                0x000000000800646e        0x4 obj/usbd_cdc_if.o
 *fill*         0x0000000008006472        0x2 
 .text.CDC_Receive_FS
                0x0000000008006474       0x1c obj/usbd_cdc_if.o
 .text.CDC_Init_FS
                0x0000000008006490       0x28 obj/usbd_cdc_if.o
 .text.HAL_PCD_Init
                0x00000000080064b8       0xd8 obj/stm32f4xx_hal_pcd.o
                0x00000000080064b8                HAL_PCD_Init
 .text.HAL_PCD_Start
                0x0000000008006590       0x2a obj/stm32f4xx_hal_pcd.o
                0x0000000008006590                HAL_PCD_Start
 .text.HAL_PCD_IRQHandler
                0x00000000080065ba      0x46a obj/stm32f4xx_hal_pcd.o
                0x00000000080065ba                HAL_PCD_IRQHandler
 .text.HAL_PCD_SetAddress
                0x0000000008006a24       0x24 obj/stm32f4xx_hal_pcd.o
                0x0000000008006a24                HAL_PCD_SetAddress
 .text.HAL_PCD_EP_Open
                0x0000000008006a48       0x5c obj/stm32f4xx_hal_pcd.o
                0x0000000008006a48                HAL_PCD_EP_Open
 .text.HAL_PCD_EP_Close
                0x0000000008006aa4       0x46 obj/stm32f4xx_hal_pcd.o
                0x0000000008006aa4                HAL_PCD_EP_Close
 .text.HAL_PCD_EP_Receive
                0x0000000008006aea       0x62 obj/stm32f4xx_hal_pcd.o
                0x0000000008006aea                HAL_PCD_EP_Receive
 .text.HAL_PCD_EP_GetRxCount
                0x0000000008006b4c       0x10 obj/stm32f4xx_hal_pcd.o
                0x0000000008006b4c                HAL_PCD_EP_GetRxCount
 .text.HAL_PCD_EP_Transmit
                0x0000000008006b5c       0x5a obj/stm32f4xx_hal_pcd.o
                0x0000000008006b5c                HAL_PCD_EP_Transmit
 .text.HAL_PCD_EP_SetStall
                0x0000000008006bb6       0x58 obj/stm32f4xx_hal_pcd.o
                0x0000000008006bb6                HAL_PCD_EP_SetStall
 .text.HAL_PCD_EP_ClrStall
                0x0000000008006c0e       0x4a obj/stm32f4xx_hal_pcd.o
                0x0000000008006c0e                HAL_PCD_EP_ClrStall
 .text.__errno  0x0000000008006c58        0xc /usr/lib/gcc/arm-none-eabi/6.1.1/../../../../arm-none-eabi/lib/armv7e-m/fpu/libg.a(lib_a-errno.o)
                0x0000000008006c58                __errno
 .text.malloc   0x0000000008006c64       0x10 /usr/lib/gcc/arm-none-eabi/6.1.1/../../../../arm-none-eabi/lib/armv7e-m/fpu/libg.a(lib_a-malloc.o)
                0x0000000008006c64                malloc
 .text.free     0x0000000008006c74       0x10 /usr/lib/gcc/arm-none-eabi/6.1.1/../../../../arm-none-eabi/lib/armv7e-m/fpu/libg.a(lib_a-malloc.o)
                0x0000000008006c74                free
 .text._malloc_r
                0x0000000008006c84      0x560 /usr/lib/gcc/arm-none-eabi/6.1.1/../../../../arm-none-eabi/lib/armv7e-m/fpu/libg.a(lib_a-mallocr.o)
                0x0000000008006c84                _malloc_r
 .text.__malloc_lock
                0x00000000080071e4        0x4 /usr/lib/gcc/arm-none-eabi/6.1.1/../../../../arm-none-eabi/lib/armv7e-m/fpu/libg.a(lib_a-mlock.o)
                0x00000000080071e4                __malloc_lock
 .text.__malloc_unlock
                0x00000000080071e8        0x4 /usr/lib/gcc/arm-none-eabi/6.1.1/../../../../arm-none-eabi/lib/armv7e-m/fpu/libg.a(lib_a-mlock.o)
                0x00000000080071e8                __malloc_unlock
 .text._sbrk_r  0x00000000080071ec       0x24 /usr/lib/gcc/arm-none-eabi/6.1.1/../../../../arm-none-eabi/lib/armv7e-m/fpu/libg.a(lib_a-sbrkr.o)
                0x00000000080071ec                _sbrk_r
 .text._malloc_trim_r
                0x0000000008007210       0xa0 /usr/lib/gcc/arm-none-eabi/6.1.1/../../../../arm-none-eabi/lib/armv7e-m/fpu/libg.a(lib_a-freer.o)
                0x0000000008007210                _malloc_trim_r
 .text._free_r  0x00000000080072b0      0x1cc /usr/lib/gcc/arm-none-eabi/6.1.1/../../../../arm-none-eabi/lib/armv7e-m/fpu/libg.a(lib_a-freer.o)
                0x00000000080072b0                _free_r
 *(.glue_7)
 .glue_7        0x000000000800747c        0x0 linker stubs
 *(.glue_7t)
 .glue_7t       0x000000000800747c        0x0 linker stubs
 *(.eh_frame)
 .eh_frame      0x000000000800747c        0x0 /usr/lib/gcc/arm-none-eabi/6.1.1/armv7e-m/fpu/crtbegin.o
 *(.init)
 .init          0x000000000800747c        0x4 /usr/lib/gcc/arm-none-eabi/6.1.1/armv7e-m/fpu/crti.o
                0x000000000800747c                _init
 .init          0x0000000008007480        0x8 /usr/lib/gcc/arm-none-eabi/6.1.1/armv7e-m/fpu/crtn.o
 *(.fini)
 .fini          0x0000000008007488        0x4 /usr/lib/gcc/arm-none-eabi/6.1.1/armv7e-m/fpu/crti.o
                0x0000000008007488                _fini
 .fini          0x000000000800748c        0x8 /usr/lib/gcc/arm-none-eabi/6.1.1/armv7e-m/fpu/crtn.o
                0x0000000008007494                . = ALIGN (0x4)
                0x0000000008007494                _etext = .

.vfp11_veneer   0x0000000008007494        0x0
 .vfp11_veneer  0x0000000008007494        0x0 linker stubs

.v4_bx          0x0000000008007494        0x0
 .v4_bx         0x0000000008007494        0x0 linker stubs

.iplt           0x0000000008007494        0x0
 .iplt          0x0000000008007494        0x0 /usr/lib/gcc/arm-none-eabi/6.1.1/armv7e-m/fpu/crtbegin.o

.rodata         0x0000000008007494       0x70
                0x0000000008007494                . = ALIGN (0x4)
 *(.rodata)
 .rodata        0x0000000008007494       0x10 ./Drivers/STM32F4xx_HAL_Driver/libstm32f4_hal.a(stm32f4xx_hal_rcc.o)
                0x0000000008007494                APBAHBPrescTable
 .rodata        0x00000000080074a4        0x8 ./Drivers/STM32F4xx_HAL_Driver/libstm32f4_hal.a(stm32f4xx_hal_dma.o)
 *(.rodata*)
 .rodata._global_impure_ptr
                0x00000000080074ac        0x4 /usr/lib/gcc/arm-none-eabi/6.1.1/../../../../arm-none-eabi/lib/armv7e-m/fpu/libc.a(lib_a-impure.o)
                0x00000000080074ac                _global_impure_ptr
 .rodata.str1.4
                0x00000000080074b0        0x4 /usr/lib/gcc/arm-none-eabi/6.1.1/../../../../arm-none-eabi/lib/armv7e-m/fpu/libc.a(lib_a-impure.o)
                                          0x2 (size before relaxing)
 .rodata.USBD_FS_ConfigStrDescriptor.str1.1
                0x00000000080074b4        0xb obj/usbd_desc.o
 .rodata.USBD_FS_InterfaceStrDescriptor.str1.1
                0x00000000080074bf        0xe obj/usbd_desc.o
 .rodata.USBD_FS_ManufacturerStrDescriptor.str1.1
                0x00000000080074cd       0x13 obj/usbd_desc.o
 .rodata.USBD_FS_ProductStrDescriptor.str1.1
                0x00000000080074e0       0x16 obj/usbd_desc.o
 .rodata.USBD_FS_SerialStrDescriptor.str1.1
                0x00000000080074f6        0xd obj/usbd_desc.o
                0x0000000008007504                . = ALIGN (0x4)
 *fill*         0x0000000008007503        0x1 

.rel.dyn        0x0000000008007504        0x0
 .rel.iplt      0x0000000008007504        0x0 /usr/lib/gcc/arm-none-eabi/6.1.1/armv7e-m/fpu/crtbegin.o

.ARM.extab
 *(.ARM.extab* .gnu.linkonce.armextab.*)

.ARM            0x0000000008007504        0x0
                0x0000000008007504                __exidx_start = .
 *(.ARM.exidx*)
                0x0000000008007504                __exidx_end = .

.preinit_array  0x0000000008007504        0x0
                0x0000000008007504                PROVIDE (__preinit_array_start, .)
 *(.preinit_array*)
                0x0000000008007504                PROVIDE (__preinit_array_end, .)

.init_array     0x0000000008007504        0x8
                0x0000000008007504                PROVIDE (__init_array_start, .)
 *(SORT(.init_array.*))
 .init_array.00000
                0x0000000008007504        0x4 /usr/lib/gcc/arm-none-eabi/6.1.1/../../../../arm-none-eabi/lib/armv7e-m/fpu/libc.a(lib_a-__call_atexit.o)
 *(.init_array*)
 .init_array    0x0000000008007508        0x4 /usr/lib/gcc/arm-none-eabi/6.1.1/armv7e-m/fpu/crtbegin.o
                0x000000000800750c                PROVIDE (__init_array_end, .)

.fini_array     0x000000000800750c        0x4
                0x000000000800750c                PROVIDE (__fini_array_start, .)
 *(SORT(.fini_array.*))
 *(.fini_array*)
 .fini_array    0x000000000800750c        0x4 /usr/lib/gcc/arm-none-eabi/6.1.1/armv7e-m/fpu/crtbegin.o
                0x0000000008007510                PROVIDE (__fini_array_end, .)
                0x0000000008007510                _sidata = LOADADDR (.data)

.data           0x0000000020000000      0x99c load address 0x0000000008007510
                0x0000000020000000                . = ALIGN (0x4)
                0x0000000020000000                _sdata = .
 *(.data)
 *(.data*)
 .data._impure_ptr
                0x0000000020000000        0x4 /usr/lib/gcc/arm-none-eabi/6.1.1/../../../../arm-none-eabi/lib/armv7e-m/fpu/libc.a(lib_a-impure.o)
                0x0000000020000000                _impure_ptr
 *fill*         0x0000000020000004        0x4 
 .data.impure_data
                0x0000000020000008      0x428 /usr/lib/gcc/arm-none-eabi/6.1.1/../../../../arm-none-eabi/lib/armv7e-m/fpu/libc.a(lib_a-impure.o)
 .data.__heap_limit
                0x0000000020000430        0x4 /usr/lib/gcc/arm-none-eabi/6.1.1/../../../../arm-none-eabi/lib/armv7e-m/fpu/librdimon.a(rdimon-syscalls.o)
                0x0000000020000430                __heap_limit
 .data.SystemCoreClock
                0x0000000020000434        0x4 obj/system_stm32f4xx.o
                0x0000000020000434                SystemCoreClock
 .data.FS_Desc  0x0000000020000438       0x1c obj/usbd_desc.o
                0x0000000020000438                FS_Desc
 .data.USBD_FS_DeviceDesc
                0x0000000020000454       0x12 obj/usbd_desc.o
                0x0000000020000454                USBD_FS_DeviceDesc
 *fill*         0x0000000020000466        0x2 
 .data.USBD_LangIDDesc
                0x0000000020000468        0x4 obj/usbd_desc.o
                0x0000000020000468                USBD_LangIDDesc
 .data.USBD_CDC
                0x000000002000046c       0x38 obj/usbd_cdc.o
                0x000000002000046c                USBD_CDC
 .data.USBD_CDC_CfgFSDesc
                0x00000000200004a4       0x43 obj/usbd_cdc.o
                0x00000000200004a4                USBD_CDC_CfgFSDesc
 *fill*         0x00000000200004e7        0x1 
 .data.USBD_CDC_CfgHSDesc
                0x00000000200004e8       0x43 obj/usbd_cdc.o
                0x00000000200004e8                USBD_CDC_CfgHSDesc
 *fill*         0x000000002000052b        0x1 
 .data.USBD_CDC_DeviceQualifierDesc
                0x000000002000052c        0xa obj/usbd_cdc.o
 *fill*         0x0000000020000536        0x2 
 .data.USBD_CDC_OtherSpeedCfgDesc
                0x0000000020000538       0x43 obj/usbd_cdc.o
                0x0000000020000538                USBD_CDC_OtherSpeedCfgDesc
 *fill*         0x000000002000057b        0x1 
 .data.USBD_Interface_fops_FS
                0x000000002000057c       0x10 obj/usbd_cdc_if.o
                0x000000002000057c                USBD_Interface_fops_FS
 .data.__malloc_av_
                0x000000002000058c      0x408 /usr/lib/gcc/arm-none-eabi/6.1.1/../../../../arm-none-eabi/lib/armv7e-m/fpu/libg.a(lib_a-mallocr.o)
                0x000000002000058c                __malloc_av_
 .data.__malloc_sbrk_base
                0x0000000020000994        0x4 /usr/lib/gcc/arm-none-eabi/6.1.1/../../../../arm-none-eabi/lib/armv7e-m/fpu/libg.a(lib_a-mallocr.o)
                0x0000000020000994                __malloc_sbrk_base
 .data.__malloc_trim_threshold
                0x0000000020000998        0x4 /usr/lib/gcc/arm-none-eabi/6.1.1/../../../../arm-none-eabi/lib/armv7e-m/fpu/libg.a(lib_a-mallocr.o)
                0x0000000020000998                __malloc_trim_threshold
                0x000000002000099c                . = ALIGN (0x4)
                0x000000002000099c                _edata = .
                0x0000000008007eac                _siccmram = LOADADDR (.ccmram)

.jcr            0x000000002000099c        0x0 load address 0x0000000008007eac
 .jcr           0x000000002000099c        0x0 /usr/lib/gcc/arm-none-eabi/6.1.1/armv7e-m/fpu/crtbegin.o

.igot.plt       0x000000002000099c        0x0 load address 0x0000000008007eac
 .igot.plt      0x000000002000099c        0x0 /usr/lib/gcc/arm-none-eabi/6.1.1/armv7e-m/fpu/crtbegin.o

.ccmram         0x0000000010000000        0x0 load address 0x0000000008007eac
                0x0000000010000000                . = ALIGN (0x4)
                0x0000000010000000                _sccmram = .
 *(.ccmram)
 *(.ccmram*)
                0x0000000010000000                . = ALIGN (0x4)
                0x0000000010000000                _eccmram = .
                0x0000000010000000                . = ALIGN (0x4)

.bss            0x000000002000099c      0x884
                0x000000002000099c                _sbss = .
                0x000000002000099c                __bss_start__ = _sbss
 *(.bss)
 .bss           0x000000002000099c        0x4 ./Drivers/STM32F4xx_HAL_Driver/libstm32f4_hal.a(stm32f4xx_ll_usb.o)
 *(.bss*)
 .bss.completed.9605
                0x00000000200009a0        0x1 /usr/lib/gcc/arm-none-eabi/6.1.1/armv7e-m/fpu/crtbegin.o
 *fill*         0x00000000200009a1        0x3 
 .bss.object.9610
                0x00000000200009a4       0x18 /usr/lib/gcc/arm-none-eabi/6.1.1/armv7e-m/fpu/crtbegin.o
 .bss.heap_end.7228
                0x00000000200009bc        0x4 /usr/lib/gcc/arm-none-eabi/6.1.1/../../../../arm-none-eabi/lib/armv7e-m/fpu/librdimon.a(rdimon-syscalls.o)
 .bss.cfgidx.9162
                0x00000000200009c0        0x1 obj/usbd_ctlreq.o
 .bss.ifalt.9157
                0x00000000200009c1        0x1 obj/usbd_cdc.o
 *fill*         0x00000000200009c2        0x2 
 .bss.__malloc_current_mallinfo
                0x00000000200009c4       0x28 /usr/lib/gcc/arm-none-eabi/6.1.1/../../../../arm-none-eabi/lib/armv7e-m/fpu/libg.a(lib_a-mallocr.o)
                0x00000000200009c4                __malloc_current_mallinfo
 .bss.__malloc_max_sbrked_mem
                0x00000000200009ec        0x4 /usr/lib/gcc/arm-none-eabi/6.1.1/../../../../arm-none-eabi/lib/armv7e-m/fpu/libg.a(lib_a-mallocr.o)
                0x00000000200009ec                __malloc_max_sbrked_mem
 .bss.__malloc_max_total_mem
                0x00000000200009f0        0x4 /usr/lib/gcc/arm-none-eabi/6.1.1/../../../../arm-none-eabi/lib/armv7e-m/fpu/libg.a(lib_a-mallocr.o)
                0x00000000200009f0                __malloc_max_total_mem
 .bss.__malloc_top_pad
                0x00000000200009f4        0x4 /usr/lib/gcc/arm-none-eabi/6.1.1/../../../../arm-none-eabi/lib/armv7e-m/fpu/libg.a(lib_a-mallocr.o)
                0x00000000200009f4                __malloc_top_pad
 *(COMMON)
 COMMON         0x00000000200009f8       0x3c obj/main.o
                0x00000000200009f8                htim3
 COMMON         0x0000000020000a34      0x3b8 obj/usbd_conf.o
                0x0000000020000a34                hpcd_USB_OTG_FS
 COMMON         0x0000000020000dec      0x200 obj/usbd_desc.o
                0x0000000020000dec                USBD_StrDesc
 COMMON         0x0000000020000fec      0x224 obj/usb_device.o
                0x0000000020000fec                hUsbDeviceFS
 COMMON         0x0000000020001210        0x8 obj/usbd_cdc_if.o
                0x0000000020001210                UserRxBufferFS
                0x0000000020001214                UserTxBufferFS
 COMMON         0x0000000020001218        0x4 ./Drivers/STM32F4xx_HAL_Driver/libstm32f4_hal.a(stm32f4xx_hal.o)
                0x0000000020001218                uwTick
 COMMON         0x000000002000121c        0x4 /usr/lib/gcc/arm-none-eabi/6.1.1/../../../../arm-none-eabi/lib/armv7e-m/fpu/libg.a(lib_a-reent.o)
                0x000000002000121c                errno
                0x0000000020001220                . = ALIGN (0x4)
                0x0000000020001220                _ebss = .
                0x0000000020001220                __bss_end__ = _ebss

._user_heap_stack
                0x0000000020001220      0x600
                0x0000000020001220                . = ALIGN (0x4)
                0x0000000020001220                PROVIDE (end, .)
                [!provide]                        PROVIDE (_end, .)
                0x0000000020001420                . = (. + _Min_Heap_Size)
 *fill*         0x0000000020001220      0x200 
                0x0000000020001820                . = (. + _Min_Stack_Size)
 *fill*         0x0000000020001420      0x400 
                0x0000000020001820                . = ALIGN (0x4)

/DISCARD/
 libc.a(*)
 libm.a(*)
 libgcc.a(*)

.ARM.attributes
                0x0000000000000000       0x30
 *(.ARM.attributes)
 .ARM.attributes
                0x0000000000000000       0x22 /usr/lib/gcc/arm-none-eabi/6.1.1/armv7e-m/fpu/crti.o
 .ARM.attributes
                0x0000000000000022       0x34 /usr/lib/gcc/arm-none-eabi/6.1.1/armv7e-m/fpu/crtbegin.o
 .ARM.attributes
                0x0000000000000056       0x34 /usr/lib/gcc/arm-none-eabi/6.1.1/../../../../arm-none-eabi/lib/armv7e-m/fpu/libc.a(lib_a-atexit.o)
 .ARM.attributes
                0x000000000000008a       0x34 /usr/lib/gcc/arm-none-eabi/6.1.1/../../../../arm-none-eabi/lib/armv7e-m/fpu/libc.a(lib_a-fini.o)
 .ARM.attributes
                0x00000000000000be       0x34 /usr/lib/gcc/arm-none-eabi/6.1.1/../../../../arm-none-eabi/lib/armv7e-m/fpu/libc.a(lib_a-impure.o)
 .ARM.attributes
                0x00000000000000f2       0x34 /usr/lib/gcc/arm-none-eabi/6.1.1/../../../../arm-none-eabi/lib/armv7e-m/fpu/libc.a(lib_a-init.o)
 .ARM.attributes
                0x0000000000000126       0x34 /usr/lib/gcc/arm-none-eabi/6.1.1/../../../../arm-none-eabi/lib/armv7e-m/fpu/libc.a(lib_a-__atexit.o)
 .ARM.attributes
                0x000000000000015a       0x34 /usr/lib/gcc/arm-none-eabi/6.1.1/../../../../arm-none-eabi/lib/armv7e-m/fpu/libc.a(lib_a-__call_atexit.o)
 .ARM.attributes
                0x000000000000018e       0x34 /usr/lib/gcc/arm-none-eabi/6.1.1/../../../../arm-none-eabi/lib/armv7e-m/fpu/librdimon.a(rdimon-syscalls.o)
 .ARM.attributes
                0x00000000000001c2       0x21 /tmp/ccuXfbie.o
 .ARM.attributes
                0x00000000000001e3       0x39 obj/main.o
 .ARM.attributes
                0x000000000000021c       0x39 obj/system_stm32f4xx.o
 .ARM.attributes
                0x0000000000000255       0x39 obj/stm32f4xx_it.o
 .ARM.attributes
                0x000000000000028e       0x39 obj/usbd_conf.o
 .ARM.attributes
                0x00000000000002c7       0x39 obj/usbd_core.o
 .ARM.attributes
                0x0000000000000300       0x39 obj/usbd_ctlreq.o
 .ARM.attributes
                0x0000000000000339       0x39 obj/usbd_ioreq.o
 .ARM.attributes
                0x0000000000000372       0x39 obj/usbd_desc.o
 .ARM.attributes
                0x00000000000003ab       0x39 obj/usb_device.o
 .ARM.attributes
                0x00000000000003e4       0x39 obj/usbd_cdc.o
 .ARM.attributes
                0x000000000000041d       0x39 obj/usbd_cdc_if.o
 .ARM.attributes
                0x0000000000000456       0x39 obj/stm32f4xx_hal_pcd.o
 .ARM.attributes
                0x000000000000048f       0x39 ./Drivers/STM32F4xx_HAL_Driver/libstm32f4_hal.a(stm32f4xx_hal.o)
 .ARM.attributes
                0x00000000000004c8       0x39 ./Drivers/STM32F4xx_HAL_Driver/libstm32f4_hal.a(stm32f4xx_hal_cortex.o)
 .ARM.attributes
                0x0000000000000501       0x39 ./Drivers/STM32F4xx_HAL_Driver/libstm32f4_hal.a(stm32f4xx_hal_gpio.o)
 .ARM.attributes
                0x000000000000053a       0x39 ./Drivers/STM32F4xx_HAL_Driver/libstm32f4_hal.a(stm32f4xx_hal_pcd_ex.o)
 .ARM.attributes
                0x0000000000000573       0x39 ./Drivers/STM32F4xx_HAL_Driver/libstm32f4_hal.a(stm32f4xx_hal_rcc.o)
 .ARM.attributes
                0x00000000000005ac       0x39 ./Drivers/STM32F4xx_HAL_Driver/libstm32f4_hal.a(stm32f4xx_hal_tim.o)
 .ARM.attributes
                0x00000000000005e5       0x39 ./Drivers/STM32F4xx_HAL_Driver/libstm32f4_hal.a(stm32f4xx_hal_tim_ex.o)
 .ARM.attributes
                0x000000000000061e       0x39 ./Drivers/STM32F4xx_HAL_Driver/libstm32f4_hal.a(stm32f4xx_ll_usb.o)
 .ARM.attributes
                0x0000000000000657       0x39 ./Drivers/STM32F4xx_HAL_Driver/libstm32f4_hal.a(stm32f4xx_hal_dma.o)
 .ARM.attributes
                0x0000000000000690       0x34 /usr/lib/gcc/arm-none-eabi/6.1.1/../../../../arm-none-eabi/lib/armv7e-m/fpu/libg.a(lib_a-errno.o)
 .ARM.attributes
                0x00000000000006c4       0x34 /usr/lib/gcc/arm-none-eabi/6.1.1/../../../../arm-none-eabi/lib/armv7e-m/fpu/libg.a(lib_a-malloc.o)
 .ARM.attributes
                0x00000000000006f8       0x34 /usr/lib/gcc/arm-none-eabi/6.1.1/../../../../arm-none-eabi/lib/armv7e-m/fpu/libg.a(lib_a-mallocr.o)
 .ARM.attributes
                0x000000000000072c       0x34 /usr/lib/gcc/arm-none-eabi/6.1.1/../../../../arm-none-eabi/lib/armv7e-m/fpu/libg.a(lib_a-mlock.o)
 .ARM.attributes
                0x0000000000000760       0x34 /usr/lib/gcc/arm-none-eabi/6.1.1/../../../../arm-none-eabi/lib/armv7e-m/fpu/libg.a(lib_a-sbrkr.o)
 .ARM.attributes
                0x0000000000000794       0x34 /usr/lib/gcc/arm-none-eabi/6.1.1/../../../../arm-none-eabi/lib/armv7e-m/fpu/libg.a(lib_a-freer.o)
 .ARM.attributes
                0x00000000000007c8       0x34 /usr/lib/gcc/arm-none-eabi/6.1.1/../../../../arm-none-eabi/lib/armv7e-m/fpu/libg.a(lib_a-reent.o)
 .ARM.attributes
                0x00000000000007fc       0x22 /usr/lib/gcc/arm-none-eabi/6.1.1/armv7e-m/fpu/crtn.o
OUTPUT(demo.elf elf32-littlearm)

.debug_frame    0x0000000000000000     0x2af4
 .debug_frame   0x0000000000000000       0x20 /usr/lib/gcc/arm-none-eabi/6.1.1/../../../../arm-none-eabi/lib/armv7e-m/fpu/libc.a(lib_a-atexit.o)
 .debug_frame   0x0000000000000020       0x34 /usr/lib/gcc/arm-none-eabi/6.1.1/../../../../arm-none-eabi/lib/armv7e-m/fpu/libc.a(lib_a-fini.o)
 .debug_frame   0x0000000000000054       0x2c /usr/lib/gcc/arm-none-eabi/6.1.1/../../../../arm-none-eabi/lib/armv7e-m/fpu/libc.a(lib_a-init.o)
 .debug_frame   0x0000000000000080       0x34 /usr/lib/gcc/arm-none-eabi/6.1.1/../../../../arm-none-eabi/lib/armv7e-m/fpu/libc.a(lib_a-__atexit.o)
 .debug_frame   0x00000000000000b4       0x50 /usr/lib/gcc/arm-none-eabi/6.1.1/../../../../arm-none-eabi/lib/armv7e-m/fpu/libc.a(lib_a-__call_atexit.o)
 .debug_frame   0x0000000000000104      0x388 /usr/lib/gcc/arm-none-eabi/6.1.1/../../../../arm-none-eabi/lib/armv7e-m/fpu/librdimon.a(rdimon-syscalls.o)
 .debug_frame   0x000000000000048c       0xc4 obj/main.o
 .debug_frame   0x0000000000000550       0x38 obj/system_stm32f4xx.o
 .debug_frame   0x0000000000000588       0x5c obj/stm32f4xx_it.o
 .debug_frame   0x00000000000005e4      0x26c obj/usbd_conf.o
 .debug_frame   0x0000000000000850      0x1c0 obj/usbd_core.o
 .debug_frame   0x0000000000000a10       0xcc obj/usbd_ctlreq.o
 .debug_frame   0x0000000000000adc       0xb8 obj/usbd_ioreq.o
 .debug_frame   0x0000000000000b94       0xa8 obj/usbd_desc.o
 .debug_frame   0x0000000000000c3c       0x2c obj/usb_device.o
 .debug_frame   0x0000000000000c68      0x14c obj/usbd_cdc.o
 .debug_frame   0x0000000000000db4       0x80 obj/usbd_cdc_if.o
 .debug_frame   0x0000000000000e34      0x2c4 obj/stm32f4xx_hal_pcd.o
 .debug_frame   0x00000000000010f8      0x188 ./Drivers/STM32F4xx_HAL_Driver/libstm32f4_hal.a(stm32f4xx_hal.o)
 .debug_frame   0x0000000000001280      0x16c ./Drivers/STM32F4xx_HAL_Driver/libstm32f4_hal.a(stm32f4xx_hal_cortex.o)
 .debug_frame   0x00000000000013ec       0xd8 ./Drivers/STM32F4xx_HAL_Driver/libstm32f4_hal.a(stm32f4xx_hal_gpio.o)
 .debug_frame   0x00000000000014c4       0x44 ./Drivers/STM32F4xx_HAL_Driver/libstm32f4_hal.a(stm32f4xx_hal_pcd_ex.o)
 .debug_frame   0x0000000000001508      0x164 ./Drivers/STM32F4xx_HAL_Driver/libstm32f4_hal.a(stm32f4xx_hal_rcc.o)
 .debug_frame   0x000000000000166c      0x960 ./Drivers/STM32F4xx_HAL_Driver/libstm32f4_hal.a(stm32f4xx_hal_tim.o)
 .debug_frame   0x0000000000001fcc      0x328 ./Drivers/STM32F4xx_HAL_Driver/libstm32f4_hal.a(stm32f4xx_hal_tim_ex.o)
 .debug_frame   0x00000000000022f4      0x4a4 ./Drivers/STM32F4xx_HAL_Driver/libstm32f4_hal.a(stm32f4xx_ll_usb.o)
 .debug_frame   0x0000000000002798      0x18c ./Drivers/STM32F4xx_HAL_Driver/libstm32f4_hal.a(stm32f4xx_hal_dma.o)
 .debug_frame   0x0000000000002924       0x20 /usr/lib/gcc/arm-none-eabi/6.1.1/../../../../arm-none-eabi/lib/armv7e-m/fpu/libg.a(lib_a-errno.o)
 .debug_frame   0x0000000000002944       0x30 /usr/lib/gcc/arm-none-eabi/6.1.1/../../../../arm-none-eabi/lib/armv7e-m/fpu/libg.a(lib_a-malloc.o)
 .debug_frame   0x0000000000002974       0x58 /usr/lib/gcc/arm-none-eabi/6.1.1/../../../../arm-none-eabi/lib/armv7e-m/fpu/libg.a(lib_a-mallocr.o)
 .debug_frame   0x00000000000029cc       0x30 /usr/lib/gcc/arm-none-eabi/6.1.1/../../../../arm-none-eabi/lib/armv7e-m/fpu/libg.a(lib_a-mlock.o)
 .debug_frame   0x00000000000029fc       0x2c /usr/lib/gcc/arm-none-eabi/6.1.1/../../../../arm-none-eabi/lib/armv7e-m/fpu/libg.a(lib_a-sbrkr.o)
 .debug_frame   0x0000000000002a28       0x74 /usr/lib/gcc/arm-none-eabi/6.1.1/../../../../arm-none-eabi/lib/armv7e-m/fpu/libg.a(lib_a-freer.o)
 .debug_frame   0x0000000000002a9c       0x58 /usr/lib/gcc/arm-none-eabi/6.1.1/../../../../arm-none-eabi/lib/armv7e-m/fpu/libg.a(lib_a-reent.o)

.debug_line     0x0000000000000000     0x5927
 .debug_line    0x0000000000000000       0x78 /tmp/ccuXfbie.o
 .debug_line    0x0000000000000078      0x410 obj/main.o
 .debug_line    0x0000000000000488      0x1de obj/system_stm32f4xx.o
 .debug_line    0x0000000000000666      0x26d obj/stm32f4xx_it.o
 .debug_line    0x00000000000008d3      0x4bf obj/usbd_conf.o
 .debug_line    0x0000000000000d92      0x3c5 obj/usbd_core.o
 .debug_line    0x0000000000001157      0x345 obj/usbd_ctlreq.o
 .debug_line    0x000000000000149c      0x25b obj/usbd_ioreq.o
 .debug_line    0x00000000000016f7      0x236 obj/usbd_desc.o
 .debug_line    0x000000000000192d      0x233 obj/usb_device.o
 .debug_line    0x0000000000001b60      0x3ef obj/usbd_cdc.o
 .debug_line    0x0000000000001f4f      0x254 obj/usbd_cdc_if.o
 .debug_line    0x00000000000021a3      0x6ba obj/stm32f4xx_hal_pcd.o
 .debug_line    0x000000000000285d      0x1fa ./Drivers/STM32F4xx_HAL_Driver/libstm32f4_hal.a(stm32f4xx_hal.o)
 .debug_line    0x0000000000002a57      0x2d3 ./Drivers/STM32F4xx_HAL_Driver/libstm32f4_hal.a(stm32f4xx_hal_cortex.o)
 .debug_line    0x0000000000002d2a      0x31b ./Drivers/STM32F4xx_HAL_Driver/libstm32f4_hal.a(stm32f4xx_hal_gpio.o)
 .debug_line    0x0000000000003045      0x1bf ./Drivers/STM32F4xx_HAL_Driver/libstm32f4_hal.a(stm32f4xx_hal_pcd_ex.o)
 .debug_line    0x0000000000003204      0x4b5 ./Drivers/STM32F4xx_HAL_Driver/libstm32f4_hal.a(stm32f4xx_hal_rcc.o)
 .debug_line    0x00000000000036b9     0x111e ./Drivers/STM32F4xx_HAL_Driver/libstm32f4_hal.a(stm32f4xx_hal_tim.o)
 .debug_line    0x00000000000047d7      0x5c6 ./Drivers/STM32F4xx_HAL_Driver/libstm32f4_hal.a(stm32f4xx_hal_tim_ex.o)
 .debug_line    0x0000000000004d9d      0x65e ./Drivers/STM32F4xx_HAL_Driver/libstm32f4_hal.a(stm32f4xx_ll_usb.o)
 .debug_line    0x00000000000053fb      0x52c ./Drivers/STM32F4xx_HAL_Driver/libstm32f4_hal.a(stm32f4xx_hal_dma.o)

.debug_info     0x0000000000000000    0x1d5fb
 .debug_info    0x0000000000000000       0x83 /tmp/ccuXfbie.o
 .debug_info    0x0000000000000083     0x1f01 obj/main.o
 .debug_info    0x0000000000001f84      0xcdb obj/system_stm32f4xx.o
 .debug_info    0x0000000000002c5f     0x11f5 obj/stm32f4xx_it.o
 .debug_info    0x0000000000003e54     0x20bd obj/usbd_conf.o
 .debug_info    0x0000000000005f11     0x1409 obj/usbd_core.o
 .debug_info    0x000000000000731a     0x143c obj/usbd_ctlreq.o
 .debug_info    0x0000000000008756      0xf68 obj/usbd_ioreq.o
 .debug_info    0x00000000000096be      0xd1a obj/usbd_desc.o
 .debug_info    0x000000000000a3d8      0xe23 obj/usb_device.o
 .debug_info    0x000000000000b1fb     0x1499 obj/usbd_cdc.o
 .debug_info    0x000000000000c694     0x102f obj/usbd_cdc_if.o
 .debug_info    0x000000000000d6c3     0x1bfe obj/stm32f4xx_hal_pcd.o
 .debug_info    0x000000000000f2c1     0x10d6 ./Drivers/STM32F4xx_HAL_Driver/libstm32f4_hal.a(stm32f4xx_hal.o)
 .debug_info    0x0000000000010397     0x165c ./Drivers/STM32F4xx_HAL_Driver/libstm32f4_hal.a(stm32f4xx_hal_cortex.o)
 .debug_info    0x00000000000119f3      0xf11 ./Drivers/STM32F4xx_HAL_Driver/libstm32f4_hal.a(stm32f4xx_hal_gpio.o)
 .debug_info    0x0000000000012904      0xd4e ./Drivers/STM32F4xx_HAL_Driver/libstm32f4_hal.a(stm32f4xx_hal_pcd_ex.o)
 .debug_info    0x0000000000013652     0x148f ./Drivers/STM32F4xx_HAL_Driver/libstm32f4_hal.a(stm32f4xx_hal_rcc.o)
 .debug_info    0x0000000000014ae1     0x3d68 ./Drivers/STM32F4xx_HAL_Driver/libstm32f4_hal.a(stm32f4xx_hal_tim.o)
 .debug_info    0x0000000000018849     0x1aa3 ./Drivers/STM32F4xx_HAL_Driver/libstm32f4_hal.a(stm32f4xx_hal_tim_ex.o)
 .debug_info    0x000000000001a2ec     0x20ca ./Drivers/STM32F4xx_HAL_Driver/libstm32f4_hal.a(stm32f4xx_ll_usb.o)
 .debug_info    0x000000000001c3b6     0x1245 ./Drivers/STM32F4xx_HAL_Driver/libstm32f4_hal.a(stm32f4xx_hal_dma.o)

.debug_abbrev   0x0000000000000000     0x40c8
 .debug_abbrev  0x0000000000000000       0x12 /tmp/ccuXfbie.o
 .debug_abbrev  0x0000000000000012      0x375 obj/main.o
 .debug_abbrev  0x0000000000000387      0x20a obj/system_stm32f4xx.o
 .debug_abbrev  0x0000000000000591      0x24a obj/stm32f4xx_it.o
 .debug_abbrev  0x00000000000007db      0x2f9 obj/usbd_conf.o
 .debug_abbrev  0x0000000000000ad4      0x335 obj/usbd_core.o
 .debug_abbrev  0x0000000000000e09      0x3d7 obj/usbd_ctlreq.o
 .debug_abbrev  0x00000000000011e0      0x207 obj/usbd_ioreq.o
 .debug_abbrev  0x00000000000013e7      0x2ca obj/usbd_desc.o
 .debug_abbrev  0x00000000000016b1      0x20d obj/usb_device.o
 .debug_abbrev  0x00000000000018be      0x315 obj/usbd_cdc.o
 .debug_abbrev  0x0000000000001bd3      0x2b5 obj/usbd_cdc_if.o
 .debug_abbrev  0x0000000000001e88      0x3c6 obj/stm32f4xx_hal_pcd.o
 .debug_abbrev  0x000000000000224e      0x335 ./Drivers/STM32F4xx_HAL_Driver/libstm32f4_hal.a(stm32f4xx_hal.o)
 .debug_abbrev  0x0000000000002583      0x3b9 ./Drivers/STM32F4xx_HAL_Driver/libstm32f4_hal.a(stm32f4xx_hal_cortex.o)
 .debug_abbrev  0x000000000000293c      0x297 ./Drivers/STM32F4xx_HAL_Driver/libstm32f4_hal.a(stm32f4xx_hal_gpio.o)
 .debug_abbrev  0x0000000000002bd3      0x240 ./Drivers/STM32F4xx_HAL_Driver/libstm32f4_hal.a(stm32f4xx_hal_pcd_ex.o)
 .debug_abbrev  0x0000000000002e13      0x3f3 ./Drivers/STM32F4xx_HAL_Driver/libstm32f4_hal.a(stm32f4xx_hal_rcc.o)
 .debug_abbrev  0x0000000000003206      0x3f2 ./Drivers/STM32F4xx_HAL_Driver/libstm32f4_hal.a(stm32f4xx_hal_tim.o)
 .debug_abbrev  0x00000000000035f8      0x361 ./Drivers/STM32F4xx_HAL_Driver/libstm32f4_hal.a(stm32f4xx_hal_tim_ex.o)
 .debug_abbrev  0x0000000000003959      0x40f ./Drivers/STM32F4xx_HAL_Driver/libstm32f4_hal.a(stm32f4xx_ll_usb.o)
 .debug_abbrev  0x0000000000003d68      0x360 ./Drivers/STM32F4xx_HAL_Driver/libstm32f4_hal.a(stm32f4xx_hal_dma.o)

.debug_aranges  0x0000000000000000      0x638
 .debug_aranges
                0x0000000000000000       0x28 /tmp/ccuXfbie.o
 .debug_aranges
                0x0000000000000028       0x50 obj/main.o
 .debug_aranges
                0x0000000000000078       0x28 obj/system_stm32f4xx.o
 .debug_aranges
                0x00000000000000a0       0x38 obj/stm32f4xx_it.o
 .debug_aranges
                0x00000000000000d8       0xf8 obj/usbd_conf.o
 .debug_aranges
                0x00000000000001d0       0xa8 obj/usbd_core.o
 .debug_aranges
                0x0000000000000278       0x50 obj/usbd_ctlreq.o
 .debug_aranges
                0x00000000000002c8       0x50 obj/usbd_ioreq.o
 .debug_aranges
                0x0000000000000318       0x50 obj/usbd_desc.o
 .debug_aranges
                0x0000000000000368       0x20 obj/usb_device.o
 .debug_aranges
                0x0000000000000388       0x90 obj/usbd_cdc.o
 .debug_aranges
                0x0000000000000418       0x40 obj/usbd_cdc_if.o
 .debug_aranges
                0x0000000000000458       0xc0 obj/stm32f4xx_hal_pcd.o
 .debug_aranges
                0x0000000000000518       0x20 ./Drivers/STM32F4xx_HAL_Driver/libstm32f4_hal.a(stm32f4xx_hal.o)
 .debug_aranges
                0x0000000000000538       0x20 ./Drivers/STM32F4xx_HAL_Driver/libstm32f4_hal.a(stm32f4xx_hal_cortex.o)
 .debug_aranges
                0x0000000000000558       0x20 ./Drivers/STM32F4xx_HAL_Driver/libstm32f4_hal.a(stm32f4xx_hal_gpio.o)
 .debug_aranges
                0x0000000000000578       0x20 ./Drivers/STM32F4xx_HAL_Driver/libstm32f4_hal.a(stm32f4xx_hal_pcd_ex.o)
 .debug_aranges
                0x0000000000000598       0x20 ./Drivers/STM32F4xx_HAL_Driver/libstm32f4_hal.a(stm32f4xx_hal_rcc.o)
 .debug_aranges
                0x00000000000005b8       0x20 ./Drivers/STM32F4xx_HAL_Driver/libstm32f4_hal.a(stm32f4xx_hal_tim.o)
 .debug_aranges
                0x00000000000005d8       0x20 ./Drivers/STM32F4xx_HAL_Driver/libstm32f4_hal.a(stm32f4xx_hal_tim_ex.o)
 .debug_aranges
                0x00000000000005f8       0x20 ./Drivers/STM32F4xx_HAL_Driver/libstm32f4_hal.a(stm32f4xx_ll_usb.o)
 .debug_aranges
                0x0000000000000618       0x20 ./Drivers/STM32F4xx_HAL_Driver/libstm32f4_hal.a(stm32f4xx_hal_dma.o)

.debug_ranges   0x0000000000000000      0xac8
 .debug_ranges  0x0000000000000000       0x20 /tmp/ccuXfbie.o
 .debug_ranges  0x0000000000000020       0xc8 obj/main.o
 .debug_ranges  0x00000000000000e8       0x18 obj/system_stm32f4xx.o
 .debug_ranges  0x0000000000000100       0x28 obj/stm32f4xx_it.o
 .debug_ranges  0x0000000000000128      0x100 obj/usbd_conf.o
 .debug_ranges  0x0000000000000228       0x98 obj/usbd_core.o
 .debug_ranges  0x00000000000002c0       0xc0 obj/usbd_ctlreq.o
 .debug_ranges  0x0000000000000380       0x40 obj/usbd_ioreq.o
 .debug_ranges  0x00000000000003c0       0x40 obj/usbd_desc.o
 .debug_ranges  0x0000000000000400       0x10 obj/usb_device.o
 .debug_ranges  0x0000000000000410       0x80 obj/usbd_cdc.o
 .debug_ranges  0x0000000000000490       0x30 obj/usbd_cdc_if.o
 .debug_ranges  0x00000000000004c0       0xc8 obj/stm32f4xx_hal_pcd.o
 .debug_ranges  0x0000000000000588       0xc8 ./Drivers/STM32F4xx_HAL_Driver/libstm32f4_hal.a(stm32f4xx_hal_cortex.o)
 .debug_ranges  0x0000000000000650       0x20 ./Drivers/STM32F4xx_HAL_Driver/libstm32f4_hal.a(stm32f4xx_hal_gpio.o)
 .debug_ranges  0x0000000000000670      0x118 ./Drivers/STM32F4xx_HAL_Driver/libstm32f4_hal.a(stm32f4xx_hal_rcc.o)
 .debug_ranges  0x0000000000000788      0x238 ./Drivers/STM32F4xx_HAL_Driver/libstm32f4_hal.a(stm32f4xx_hal_tim.o)
 .debug_ranges  0x00000000000009c0       0x68 ./Drivers/STM32F4xx_HAL_Driver/libstm32f4_hal.a(stm32f4xx_ll_usb.o)
 .debug_ranges  0x0000000000000a28       0xa0 ./Drivers/STM32F4xx_HAL_Driver/libstm32f4_hal.a(stm32f4xx_hal_dma.o)

.debug_loc      0x0000000000000000     0xad08
 .debug_loc     0x0000000000000000       0x59 obj/main.o
 .debug_loc     0x0000000000000059      0x11c obj/system_stm32f4xx.o
 .debug_loc     0x0000000000000175      0x6b1 obj/usbd_conf.o
 .debug_loc     0x0000000000000826      0x5f2 obj/usbd_core.o
 .debug_loc     0x0000000000000e18      0x7cd obj/usbd_ctlreq.o
 .debug_loc     0x00000000000015e5      0x23c obj/usbd_ioreq.o
 .debug_loc     0x0000000000001821      0x273 obj/usbd_desc.o
 .debug_loc     0x0000000000001a94      0x4cf obj/usbd_cdc.o
 .debug_loc     0x0000000000001f63      0x10c obj/usbd_cdc_if.o
 .debug_loc     0x000000000000206f      0xbdb obj/stm32f4xx_hal_pcd.o
 .debug_loc     0x0000000000002c4a       0x92 ./Drivers/STM32F4xx_HAL_Driver/libstm32f4_hal.a(stm32f4xx_hal.o)
 .debug_loc     0x0000000000002cdc      0x619 ./Drivers/STM32F4xx_HAL_Driver/libstm32f4_hal.a(stm32f4xx_hal_cortex.o)
 .debug_loc     0x00000000000032f5      0x444 ./Drivers/STM32F4xx_HAL_Driver/libstm32f4_hal.a(stm32f4xx_hal_gpio.o)
 .debug_loc     0x0000000000003739       0xe7 ./Drivers/STM32F4xx_HAL_Driver/libstm32f4_hal.a(stm32f4xx_hal_pcd_ex.o)
 .debug_loc     0x0000000000003820      0x4e4 ./Drivers/STM32F4xx_HAL_Driver/libstm32f4_hal.a(stm32f4xx_hal_rcc.o)
 .debug_loc     0x0000000000003d04     0x400c ./Drivers/STM32F4xx_HAL_Driver/libstm32f4_hal.a(stm32f4xx_hal_tim.o)
 .debug_loc     0x0000000000007d10      0xd39 ./Drivers/STM32F4xx_HAL_Driver/libstm32f4_hal.a(stm32f4xx_hal_tim_ex.o)
 .debug_loc     0x0000000000008a49     0x1aa6 ./Drivers/STM32F4xx_HAL_Driver/libstm32f4_hal.a(stm32f4xx_ll_usb.o)
 .debug_loc     0x000000000000a4ef      0x819 ./Drivers/STM32F4xx_HAL_Driver/libstm32f4_hal.a(stm32f4xx_hal_dma.o)

.debug_str      0x0000000000000000     0x4a84
 .debug_str     0x0000000000000000     0x164e obj/main.o
                                       0x1796 (size before relaxing)
 .debug_str     0x000000000000164e       0xd8 obj/system_stm32f4xx.o
                                        0x79d (size before relaxing)
 .debug_str     0x0000000000001726      0x34d obj/stm32f4xx_it.o
                                        0xd56 (size before relaxing)
 .debug_str     0x0000000000001a73      0x4f5 obj/usbd_conf.o
                                       0x1860 (size before relaxing)
 .debug_str     0x0000000000001f68      0x16f obj/usbd_core.o
                                        0xc4d (size before relaxing)
 .debug_str     0x00000000000020d7       0xf3 obj/usbd_ctlreq.o
                                        0xb67 (size before relaxing)
 .debug_str     0x00000000000021ca       0x62 obj/usbd_ioreq.o
                                        0xa94 (size before relaxing)
 .debug_str     0x000000000000222c      0x115 obj/usbd_desc.o
                                        0x808 (size before relaxing)
 .debug_str     0x0000000000002341       0x81 obj/usb_device.o
                                        0xa2d (size before relaxing)
 .debug_str     0x00000000000023c2      0x235 obj/usbd_cdc.o
                                        0xcc3 (size before relaxing)
 .debug_str     0x00000000000025f7       0x7a obj/usbd_cdc_if.o
                                        0xb27 (size before relaxing)
 .debug_str     0x0000000000002671      0x494 obj/stm32f4xx_hal_pcd.o
                                        0xff0 (size before relaxing)
 .debug_str     0x0000000000002b05      0x32d ./Drivers/STM32F4xx_HAL_Driver/libstm32f4_hal.a(stm32f4xx_hal.o)
                                        0xe57 (size before relaxing)
 .debug_str     0x0000000000002e32      0x2cc ./Drivers/STM32F4xx_HAL_Driver/libstm32f4_hal.a(stm32f4xx_hal_cortex.o)
                                        0xfb1 (size before relaxing)
 .debug_str     0x00000000000030fe       0xf0 ./Drivers/STM32F4xx_HAL_Driver/libstm32f4_hal.a(stm32f4xx_hal_gpio.o)
                                        0x8ae (size before relaxing)
 .debug_str     0x00000000000031ee       0x2a ./Drivers/STM32F4xx_HAL_Driver/libstm32f4_hal.a(stm32f4xx_hal_pcd_ex.o)
                                        0x93a (size before relaxing)
 .debug_str     0x0000000000003218      0x141 ./Drivers/STM32F4xx_HAL_Driver/libstm32f4_hal.a(stm32f4xx_hal_rcc.o)
                                        0xa79 (size before relaxing)
 .debug_str     0x0000000000003359      0xc66 ./Drivers/STM32F4xx_HAL_Driver/libstm32f4_hal.a(stm32f4xx_hal_tim.o)
                                       0x176b (size before relaxing)
 .debug_str     0x0000000000003fbf      0x475 ./Drivers/STM32F4xx_HAL_Driver/libstm32f4_hal.a(stm32f4xx_hal_tim_ex.o)
                                       0x1023 (size before relaxing)
 .debug_str     0x0000000000004434      0x388 ./Drivers/STM32F4xx_HAL_Driver/libstm32f4_hal.a(stm32f4xx_ll_usb.o)
                                        0xf5e (size before relaxing)
 .debug_str     0x00000000000047bc      0x2c8 ./Drivers/STM32F4xx_HAL_Driver/libstm32f4_hal.a(stm32f4xx_hal_dma.o)
                                        0xb35 (size before relaxing)

.comment        0x0000000000000000       0x26
 .comment       0x0000000000000000       0x26 obj/main.o
                                         0x27 (size before relaxing)
 .comment       0x0000000000000026       0x27 obj/system_stm32f4xx.o
 .comment       0x0000000000000026       0x27 obj/stm32f4xx_it.o
 .comment       0x0000000000000026       0x27 obj/usbd_conf.o
 .comment       0x0000000000000026       0x27 obj/usbd_core.o
 .comment       0x0000000000000026       0x27 obj/usbd_ctlreq.o
 .comment       0x0000000000000026       0x27 obj/usbd_ioreq.o
 .comment       0x0000000000000026       0x27 obj/usbd_desc.o
 .comment       0x0000000000000026       0x27 obj/usb_device.o
 .comment       0x0000000000000026       0x27 obj/usbd_cdc.o
 .comment       0x0000000000000026       0x27 obj/usbd_cdc_if.o
 .comment       0x0000000000000026       0x27 obj/stm32f4xx_hal_pcd.o
 .comment       0x0000000000000026       0x27 ./Drivers/STM32F4xx_HAL_Driver/libstm32f4_hal.a(stm32f4xx_hal.o)
 .comment       0x0000000000000026       0x27 ./Drivers/STM32F4xx_HAL_Driver/libstm32f4_hal.a(stm32f4xx_hal_cortex.o)
 .comment       0x0000000000000026       0x27 ./Drivers/STM32F4xx_HAL_Driver/libstm32f4_hal.a(stm32f4xx_hal_gpio.o)
 .comment       0x0000000000000026       0x27 ./Drivers/STM32F4xx_HAL_Driver/libstm32f4_hal.a(stm32f4xx_hal_pcd_ex.o)
 .comment       0x0000000000000026       0x27 ./Drivers/STM32F4xx_HAL_Driver/libstm32f4_hal.a(stm32f4xx_hal_rcc.o)
 .comment       0x0000000000000026       0x27 ./Drivers/STM32F4xx_HAL_Driver/libstm32f4_hal.a(stm32f4xx_hal_tim.o)
 .comment       0x0000000000000026       0x27 ./Drivers/STM32F4xx_HAL_Driver/libstm32f4_hal.a(stm32f4xx_hal_tim_ex.o)
 .comment       0x0000000000000026       0x27 ./Drivers/STM32F4xx_HAL_Driver/libstm32f4_hal.a(stm32f4xx_ll_usb.o)
 .comment       0x0000000000000026       0x27 ./Drivers/STM32F4xx_HAL_Driver/libstm32f4_hal.a(stm32f4xx_hal_dma.o)
