Archive member included to satisfy reference by file (symbol)

/usr/lib/gcc/arm-none-eabi/6.2.0/../../../../arm-none-eabi/lib/armv7e-m/fpu/libc.a(lib_a-atexit.o)
                              /usr/lib/gcc/arm-none-eabi/6.2.0/../../../../arm-none-eabi/lib/armv7e-m/fpu/rdimon-crt0.o (atexit)
/usr/lib/gcc/arm-none-eabi/6.2.0/../../../../arm-none-eabi/lib/armv7e-m/fpu/libc.a(lib_a-exit.o)
                              /usr/lib/gcc/arm-none-eabi/6.2.0/../../../../arm-none-eabi/lib/armv7e-m/fpu/rdimon-crt0.o (exit)
/usr/lib/gcc/arm-none-eabi/6.2.0/../../../../arm-none-eabi/lib/armv7e-m/fpu/libc.a(lib_a-fini.o)
                              /usr/lib/gcc/arm-none-eabi/6.2.0/../../../../arm-none-eabi/lib/armv7e-m/fpu/rdimon-crt0.o (__libc_fini_array)
/usr/lib/gcc/arm-none-eabi/6.2.0/../../../../arm-none-eabi/lib/armv7e-m/fpu/libc.a(lib_a-impure.o)
                              /usr/lib/gcc/arm-none-eabi/6.2.0/../../../../arm-none-eabi/lib/armv7e-m/fpu/libc.a(lib_a-exit.o) (_global_impure_ptr)
/usr/lib/gcc/arm-none-eabi/6.2.0/../../../../arm-none-eabi/lib/armv7e-m/fpu/libc.a(lib_a-init.o)
                              /usr/lib/gcc/arm-none-eabi/6.2.0/../../../../arm-none-eabi/lib/armv7e-m/fpu/rdimon-crt0.o (__libc_init_array)
/usr/lib/gcc/arm-none-eabi/6.2.0/../../../../arm-none-eabi/lib/armv7e-m/fpu/libc.a(lib_a-memset.o)
                              /usr/lib/gcc/arm-none-eabi/6.2.0/../../../../arm-none-eabi/lib/armv7e-m/fpu/rdimon-crt0.o (memset)
/usr/lib/gcc/arm-none-eabi/6.2.0/../../../../arm-none-eabi/lib/armv7e-m/fpu/libc.a(lib_a-__atexit.o)
                              /usr/lib/gcc/arm-none-eabi/6.2.0/../../../../arm-none-eabi/lib/armv7e-m/fpu/libc.a(lib_a-atexit.o) (__register_exitproc)
/usr/lib/gcc/arm-none-eabi/6.2.0/../../../../arm-none-eabi/lib/armv7e-m/fpu/libc.a(lib_a-__call_atexit.o)
                              /usr/lib/gcc/arm-none-eabi/6.2.0/../../../../arm-none-eabi/lib/armv7e-m/fpu/libc.a(lib_a-exit.o) (__call_exitprocs)
/usr/lib/gcc/arm-none-eabi/6.2.0/../../../../arm-none-eabi/lib/armv7e-m/fpu/librdimon.a(rdimon-syscalls.o)
                              /usr/lib/gcc/arm-none-eabi/6.2.0/../../../../arm-none-eabi/lib/armv7e-m/fpu/rdimon-crt0.o (initialise_monitor_handles)
/usr/lib/gcc/arm-none-eabi/6.2.0/../../../../arm-none-eabi/lib/armv7e-m/fpu/librdimon.a(rdimon-_exit.o)
                              /usr/lib/gcc/arm-none-eabi/6.2.0/../../../../arm-none-eabi/lib/armv7e-m/fpu/libc.a(lib_a-exit.o) (_exit)
/usr/lib/gcc/arm-none-eabi/6.2.0/../../../../arm-none-eabi/lib/armv7e-m/fpu/librdimon.a(rdimon-_kill.o)
                              /usr/lib/gcc/arm-none-eabi/6.2.0/../../../../arm-none-eabi/lib/armv7e-m/fpu/librdimon.a(rdimon-_exit.o) (_kill)
./Drivers/STM32F4xx_HAL_Driver/libstm32f4_hal.a(stm32f4xx_hal.o)
                              Obj/main.o (HAL_Init)
./Drivers/STM32F4xx_HAL_Driver/libstm32f4_hal.a(stm32f4xx_hal_cortex.o)
                              Obj/stm32f4xx_hal_msp.o (HAL_NVIC_SetPriorityGrouping)
./Drivers/STM32F4xx_HAL_Driver/libstm32f4_hal.a(stm32f4xx_hal_gpio.o)
                              Obj/main.o (HAL_GPIO_Init)
./Drivers/STM32F4xx_HAL_Driver/libstm32f4_hal.a(stm32f4xx_hal_pcd.o)
                              Obj/usbd_conf.o (HAL_PCD_Init)
./Drivers/STM32F4xx_HAL_Driver/libstm32f4_hal.a(stm32f4xx_hal_pcd_ex.o)
                              Obj/usbd_conf.o (HAL_PCDEx_SetTxFiFo)
./Drivers/STM32F4xx_HAL_Driver/libstm32f4_hal.a(stm32f4xx_hal_rcc.o)
                              Obj/main.o (HAL_RCC_OscConfig)
./Drivers/STM32F4xx_HAL_Driver/libstm32f4_hal.a(stm32f4xx_hal_tim.o)
                              Obj/main.o (HAL_TIM_Base_Start_IT)
./Drivers/STM32F4xx_HAL_Driver/libstm32f4_hal.a(stm32f4xx_hal_tim_ex.o)
                              ./Drivers/STM32F4xx_HAL_Driver/libstm32f4_hal.a(stm32f4xx_hal_tim.o) (TIMEx_DMACommutationCplt)
./Drivers/STM32F4xx_HAL_Driver/libstm32f4_hal.a(stm32f4xx_ll_usb.o)
                              ./Drivers/STM32F4xx_HAL_Driver/libstm32f4_hal.a(stm32f4xx_hal_pcd.o) (USB_CoreInit)
./Drivers/STM32F4xx_HAL_Driver/libstm32f4_hal.a(stm32f4xx_hal_dma.o)
                              ./Drivers/STM32F4xx_HAL_Driver/libstm32f4_hal.a(stm32f4xx_hal_tim.o) (HAL_DMA_Start_IT)
/usr/lib/gcc/arm-none-eabi/6.2.0/../../../../arm-none-eabi/lib/armv7e-m/fpu/libg.a(lib_a-errno.o)
                              /usr/lib/gcc/arm-none-eabi/6.2.0/../../../../arm-none-eabi/lib/armv7e-m/fpu/librdimon.a(rdimon-syscalls.o) (__errno)
/usr/lib/gcc/arm-none-eabi/6.2.0/../../../../arm-none-eabi/lib/armv7e-m/fpu/libg.a(lib_a-findfp.o)
                              /usr/lib/gcc/arm-none-eabi/6.2.0/../../../../arm-none-eabi/lib/armv7e-m/fpu/librdimon.a(rdimon-syscalls.o) (__sinit)
/usr/lib/gcc/arm-none-eabi/6.2.0/../../../../arm-none-eabi/lib/armv7e-m/fpu/libg.a(lib_a-fwalk.o)
                              /usr/lib/gcc/arm-none-eabi/6.2.0/../../../../arm-none-eabi/lib/armv7e-m/fpu/libg.a(lib_a-findfp.o) (_fwalk)
[...]
Memory Configuration

Name             Origin             Length             Attributes
FLASH            0x0000000008000000 0x0000000000100000 xr
RAM              0x0000000020000000 0x0000000000020000 xrw
CCMRAM           0x0000000010000000 0x0000000000010000 rw
*default*        0x0000000000000000 0xffffffffffffffff

Linker script and memory map

LOAD /usr/lib/gcc/arm-none-eabi/6.2.0/armv7e-m/fpu/crti.o
LOAD /usr/lib/gcc/arm-none-eabi/6.2.0/armv7e-m/fpu/crtbegin.o
LOAD /usr/lib/gcc/arm-none-eabi/6.2.0/../../../../arm-none-eabi/lib/armv7e-m/fpu/rdimon-crt0.o
LOAD /usr/lib/gcc/arm-none-eabi/6.2.0/../../../../arm-none-eabi/lib/armv7e-m/fpu/libc.a
LOAD /usr/lib/gcc/arm-none-eabi/6.2.0/../../../../arm-none-eabi/lib/armv7e-m/fpu/librdimon.a
LOAD /tmp/ccSMpayZ.o
LOAD Obj/main.o
LOAD Obj/stm32f4xx_hal_msp.o
LOAD Obj/stm32f4xx_it.o
LOAD Obj/usb_device.o
LOAD Obj/usb_usr.o
LOAD Obj/usbd_cdc_if.o
LOAD Obj/usbd_conf.o
LOAD Obj/usbd_desc.o
LOAD Obj/system_stm32f4xx.o
LOAD Obj/usbd_core.o
LOAD Obj/usbd_ctlreq.o
LOAD Obj/usbd_ioreq.o
LOAD Obj/usbd_cdc.o
LOAD ./Drivers/STM32F4xx_HAL_Driver/libstm32f4_hal.a
START GROUP
LOAD /usr/lib/gcc/arm-none-eabi/6.2.0/armv7e-m/fpu/libgcc.a
LOAD /usr/lib/gcc/arm-none-eabi/6.2.0/../../../../arm-none-eabi/lib/armv7e-m/fpu/libg.a
LOAD /usr/lib/gcc/arm-none-eabi/6.2.0/../../../../arm-none-eabi/lib/armv7e-m/fpu/libc.a
END GROUP
START GROUP
LOAD /usr/lib/gcc/arm-none-eabi/6.2.0/armv7e-m/fpu/libgcc.a
LOAD /usr/lib/gcc/arm-none-eabi/6.2.0/../../../../arm-none-eabi/lib/armv7e-m/fpu/libc.a
LOAD /usr/lib/gcc/arm-none-eabi/6.2.0/../../../../arm-none-eabi/lib/armv7e-m/fpu/librdimon.a
END GROUP
LOAD /usr/lib/gcc/arm-none-eabi/6.2.0/armv7e-m/fpu/crtend.o
LOAD /usr/lib/gcc/arm-none-eabi/6.2.0/armv7e-m/fpu/crtn.o
                0x000000002001ffff                _estack = 0x2001ffff
                0x0000000000000200                _Min_Heap_Size = 0x200
                0x0000000000000400                _Min_Stack_Size = 0x400

.isr_vector     0x0000000008000000      0x194
                0x0000000008000000                . = ALIGN (0x4)
 *(.isr_vector)
 .isr_vector    0x0000000008000000      0x194 /tmp/ccSMpayZ.o
                0x0000000008000000                g_pfnVectors
                0x0000000008000194                . = ALIGN (0x4)

.text           0x00000000080001a0     0x833c
                0x00000000080001a0                . = ALIGN (0x4)
 *(.text)
 .text          0x00000000080001a0      0x1a4 ./Drivers/STM32F4xx_HAL_Driver/libstm32f4_hal.a(stm32f4xx_hal.o)
                0x00000000080001a4                HAL_MspDeInit
                0x00000000080001a8                HAL_DeInit
                0x00000000080001d4                HAL_InitTick
                0x0000000008000200                HAL_Init
                0x0000000008000234                HAL_IncTick
                0x0000000008000244                HAL_GetTick
                0x0000000008000250                HAL_Delay
                0x000000000800026c                HAL_SuspendTick
                0x000000000800027c                HAL_ResumeTick
                0x000000000800028c                HAL_GetHalVersion
                0x0000000008000294                HAL_GetREVID
                0x00000000080002a0                HAL_GetDEVID
                0x00000000080002b0                HAL_DBGMCU_EnableDBGSleepMode
                0x00000000080002c0                HAL_DBGMCU_DisableDBGSleepMode
                0x00000000080002d0                HAL_DBGMCU_EnableDBGStopMode
                0x00000000080002e0                HAL_DBGMCU_DisableDBGStopMode
                0x00000000080002f0                HAL_DBGMCU_EnableDBGStandbyMode
                0x0000000008000300                HAL_DBGMCU_DisableDBGStandbyMode
                0x0000000008000310                HAL_EnableCompensationCell
                0x0000000008000328                HAL_DisableCompensationCell
 .text          0x0000000008000344      0x274 ./Drivers/STM32F4xx_HAL_Driver/libstm32f4_hal.a(stm32f4xx_hal_cortex.o)
                0x0000000008000344                HAL_NVIC_SetPriorityGrouping
                0x0000000008000368                HAL_NVIC_SetPriority
                0x00000000080003d4                HAL_NVIC_EnableIRQ
                0x00000000080003ec                HAL_NVIC_DisableIRQ
                0x0000000008000408                HAL_NVIC_SystemReset
                0x000000000800042c                HAL_SYSTICK_Config
                0x0000000008000460                HAL_MPU_ConfigRegion
                0x00000000080004b4                HAL_NVIC_GetPriorityGrouping
                0x00000000080004c4                HAL_NVIC_GetPriority
                0x0000000008000524                HAL_NVIC_SetPendingIRQ
                0x0000000008000540                HAL_NVIC_GetPendingIRQ
                0x000000000800055c                HAL_NVIC_ClearPendingIRQ
                0x0000000008000578                HAL_NVIC_GetActive
                0x0000000008000594                HAL_SYSTICK_CLKSourceConfig
                0x00000000080005ac                HAL_SYSTICK_Callback
                0x00000000080005b0                HAL_SYSTICK_IRQHandler
 .text          0x00000000080005b8      0x40c ./Drivers/STM32F4xx_HAL_Driver/libstm32f4_hal.a(stm32f4xx_hal_gpio.o)
                0x00000000080005b8                HAL_GPIO_Init
                0x00000000080007fc                HAL_GPIO_DeInit
                0x0000000008000960                HAL_GPIO_ReadPin
                0x000000000800096c                HAL_GPIO_WritePin
                0x0000000008000974                HAL_GPIO_TogglePin
                0x000000000800097c                HAL_GPIO_LockPin
                0x00000000080009a8                HAL_GPIO_EXTI_Callback
                0x00000000080009ac                HAL_GPIO_EXTI_IRQHandler
 .text          0x00000000080009c4      0x9f8 ./Drivers/STM32F4xx_HAL_Driver/libstm32f4_hal.a(stm32f4xx_hal_pcd.o)
                0x00000000080009c8                HAL_PCD_Init
                0x0000000008000aa8                HAL_PCD_DeInit
                0x0000000008000aec                HAL_PCD_Start
                0x0000000008000b18                HAL_PCD_Stop
                0x0000000008000b74                HAL_PCD_IRQHandler
                0x0000000008001080                HAL_PCD_DevConnect
                0x00000000080010a4                HAL_PCD_DevDisconnect
                0x00000000080010c8                HAL_PCD_SetAddress
                0x00000000080010ec                HAL_PCD_EP_Open
                0x000000000800116c                HAL_PCD_EP_Close
                0x00000000080011b8                HAL_PCD_EP_Receive
                0x0000000008001224                HAL_PCD_EP_GetRxCount
                0x0000000008001238                HAL_PCD_EP_Transmit
                0x000000000800129c                HAL_PCD_EP_SetStall
                0x00000000080012f8                HAL_PCD_EP_ClrStall
                0x0000000008001348                HAL_PCD_EP_Flush
                0x0000000008001384                HAL_PCD_ActivateRemoteWakeup
                0x00000000080013a0                HAL_PCD_DeActivateRemoteWakeup
                0x00000000080013b4                HAL_PCD_GetState
 .text          0x00000000080013bc       0x50 ./Drivers/STM32F4xx_HAL_Driver/libstm32f4_hal.a(stm32f4xx_hal_pcd_ex.o)
                0x00000000080013bc                HAL_PCDEx_SetTxFiFo
                0x0000000008001404                HAL_PCDEx_SetRxFiFo
 .text          0x000000000800140c      0x760 ./Drivers/STM32F4xx_HAL_Driver/libstm32f4_hal.a(stm32f4xx_hal_rcc.o)
                0x000000000800140c                HAL_RCC_DeInit
                0x0000000008001410                HAL_RCC_OscConfig
                0x000000000800171c                HAL_RCC_MCOConfig
                0x00000000080017c0                HAL_RCC_EnableCSS
                0x00000000080017cc                HAL_RCC_DisableCSS
                0x00000000080017d8                HAL_RCC_GetSysClockFreq
                0x000000000800184c                HAL_RCC_ClockConfig
                0x00000000080019bc                HAL_RCC_GetHCLKFreq
                0x00000000080019c8                HAL_RCC_GetPCLK1Freq
                0x00000000080019f8                HAL_RCC_GetPCLK2Freq
                0x0000000008001a28                HAL_RCC_GetOscConfig
                0x0000000008001b04                HAL_RCC_GetClockConfig
                0x0000000008001b48                HAL_RCC_CSSCallback
                0x0000000008001b4c                HAL_RCC_NMI_IRQHandler
 .text          0x0000000008001b6c     0x1f6c ./Drivers/STM32F4xx_HAL_Driver/libstm32f4_hal.a(stm32f4xx_hal_tim.o)
                0x0000000008001d38                HAL_TIM_Base_DeInit
                0x0000000008001d74                HAL_TIM_Base_Start
                0x0000000008001d94                HAL_TIM_Base_Stop
                0x0000000008001dc4                HAL_TIM_Base_Start_IT
                0x0000000008001ddc                HAL_TIM_Base_Stop_IT
                0x0000000008001e08                HAL_TIM_Base_Start_DMA
                0x0000000008001e64                HAL_TIM_Base_Stop_DMA
                0x0000000008001e94                HAL_TIM_OC_MspInit
                0x0000000008001e98                HAL_TIM_OC_MspDeInit
                0x0000000008001e9c                HAL_TIM_OC_DeInit
                0x0000000008001ed8                HAL_TIM_OC_Stop
                0x0000000008001f44                HAL_TIM_PWM_MspInit
                0x0000000008001f48                HAL_TIM_PWM_MspDeInit
                0x0000000008001f4c                HAL_TIM_PWM_DeInit
                0x0000000008001f88                HAL_TIM_PWM_Start
                0x0000000008001fd0                HAL_TIM_OC_Start
                0x0000000008001fd4                HAL_TIM_PWM_Stop
                0x0000000008002044                HAL_TIM_PWM_Start_IT
                0x00000000080020d4                HAL_TIM_OC_Start_IT
                0x00000000080020d8                HAL_TIM_PWM_Stop_IT
                0x000000000800218c                HAL_TIM_OC_Stop_IT
                0x0000000008002190                HAL_TIM_PWM_Start_DMA
                0x00000000080022a8                HAL_TIM_OC_Start_DMA
                0x00000000080022ac                HAL_TIM_PWM_Stop_DMA
                0x0000000008002364                HAL_TIM_OC_Stop_DMA
                0x0000000008002368                HAL_TIM_IC_MspInit
                0x000000000800236c                HAL_TIM_IC_MspDeInit
                0x0000000008002370                HAL_TIM_IC_DeInit
                0x00000000080023ac                HAL_TIM_IC_Start
                0x00000000080023d0                HAL_TIM_IC_Stop
                0x0000000008002404                HAL_TIM_IC_Start_IT
                0x000000000800246c                HAL_TIM_IC_Stop_IT
                0x00000000080024e8                HAL_TIM_IC_Start_DMA
                0x00000000080025cc                HAL_TIM_IC_Stop_DMA
                0x0000000008002654                HAL_TIM_OnePulse_MspInit
                0x0000000008002658                HAL_TIM_OnePulse_MspDeInit
                0x000000000800265c                HAL_TIM_OnePulse_DeInit
                0x0000000008002698                HAL_TIM_OnePulse_Start
                0x00000000080026e0                HAL_TIM_OnePulse_Stop
                0x000000000800274c                HAL_TIM_OnePulse_Start_IT
                0x00000000080027a4                HAL_TIM_OnePulse_Stop_IT
                0x0000000008002820                HAL_TIM_Encoder_MspInit
                0x0000000008002824                HAL_TIM_Encoder_MspDeInit
                0x0000000008002828                HAL_TIM_Encoder_DeInit
                0x0000000008002864                HAL_TIM_Encoder_Start
                0x00000000080028b0                HAL_TIM_Encoder_Stop
                0x0000000008002904                HAL_TIM_Encoder_Start_IT
                0x0000000008002984                HAL_TIM_Encoder_Stop_IT
                0x0000000008002a04                HAL_TIM_Encoder_Start_DMA
                0x0000000008002b4c                HAL_TIM_Encoder_Stop_DMA
                0x0000000008002bcc                HAL_TIM_DMABurst_WriteStart
                0x0000000008002cb0                HAL_TIM_DMABurst_ReadStart
                0x0000000008002d94                HAL_TIM_DMABurst_ReadStop
                0x0000000008002e0c                HAL_TIM_DMABurst_WriteStop
                0x0000000008002e10                HAL_TIM_GenerateEvent
                0x0000000008002e3c                HAL_TIM_ConfigOCrefClear
                0x0000000008002f08                HAL_TIM_ConfigClockSource
                0x0000000008003088                HAL_TIM_ConfigTI1Input
                0x0000000008003098                HAL_TIM_SlaveConfigSynchronization
                0x00000000080030d8                HAL_TIM_SlaveConfigSynchronization_IT
                0x0000000008003118                HAL_TIM_ReadCapturedValue
                0x0000000008003184                HAL_TIM_OC_DelayElapsedCallback
                0x0000000008003188                HAL_TIM_IC_CaptureCallback
                0x000000000800318c                TIM_DMACaptureCplt
                0x00000000080031d8                HAL_TIM_PWM_PulseFinishedCallback
                0x00000000080031dc                TIM_DMADelayPulseCplt
                0x0000000008003228                HAL_TIM_TriggerCallback
                0x000000000800322c                HAL_TIM_IRQHandler
                0x0000000008003390                HAL_TIM_ErrorCallback
                0x0000000008003394                TIM_DMAError
                0x00000000080033a4                HAL_TIM_Base_GetState
                0x00000000080033ac                HAL_TIM_OC_GetState
                0x00000000080033b4                HAL_TIM_PWM_GetState
                0x00000000080033bc                HAL_TIM_IC_GetState
                0x00000000080033c4                HAL_TIM_OnePulse_GetState
                0x00000000080033cc                HAL_TIM_Encoder_GetState
                0x00000000080033d4                TIM_Base_SetConfig
                0x00000000080034b8                HAL_TIM_Base_Init
                0x00000000080034f0                HAL_TIM_OC_Init
                0x0000000008003528                HAL_TIM_PWM_Init
                0x0000000008003560                HAL_TIM_IC_Init
                0x0000000008003598                HAL_TIM_OnePulse_Init
                0x00000000080035e0                HAL_TIM_Encoder_Init
                0x0000000008003684                TIM_TI1_SetConfig
                0x0000000008003700                HAL_TIM_IC_ConfigChannel
                0x0000000008003828                TIM_OC2_SetConfig
                0x000000000800388c                HAL_TIM_OC_ConfigChannel
                0x00000000080038ec                HAL_TIM_PWM_ConfigChannel
                0x00000000080039c0                HAL_TIM_OnePulse_ConfigChannel
                0x0000000008003abc                TIM_CCxChannelCmd
 .text          0x0000000008003ad8      0x834 ./Drivers/STM32F4xx_HAL_Driver/libstm32f4_hal.a(stm32f4xx_hal_tim_ex.o)
                0x0000000008003ad8                HAL_TIMEx_HallSensor_MspInit
                0x0000000008003adc                HAL_TIMEx_HallSensor_Init
                0x0000000008003b7c                HAL_TIMEx_HallSensor_MspDeInit
                0x0000000008003b80                HAL_TIMEx_HallSensor_DeInit
                0x0000000008003bbc                HAL_TIMEx_HallSensor_Start
                0x0000000008003bd8                HAL_TIMEx_HallSensor_Stop
                0x0000000008003c08                HAL_TIMEx_HallSensor_Start_IT
                0x0000000008003c2c                HAL_TIMEx_HallSensor_Stop_IT
                0x0000000008003c64                HAL_TIMEx_HallSensor_Start_DMA
                0x0000000008003cd0                HAL_TIMEx_HallSensor_Stop_DMA
                0x0000000008003d08                HAL_TIMEx_PWMN_Start
                0x0000000008003d34                HAL_TIMEx_OCN_Start
                0x0000000008003d38                HAL_TIMEx_PWMN_Start_IT
                0x0000000008003db0                HAL_TIMEx_OCN_Start_IT
                0x0000000008003db4                HAL_TIMEx_PWMN_Stop_IT
                0x0000000008003e5c                HAL_TIMEx_OCN_Stop_IT
                0x0000000008003e60                HAL_TIMEx_PWMN_Start_DMA
                0x0000000008003f60                HAL_TIMEx_OCN_Start_DMA
                0x0000000008003f64                HAL_TIMEx_PWMN_Stop_DMA
                0x0000000008004008                HAL_TIMEx_OCN_Stop_DMA
                0x000000000800400c                HAL_TIMEx_OnePulseN_Start
                0x0000000008004030                HAL_TIMEx_OnePulseN_Stop
                0x0000000008004084                HAL_TIMEx_PWMN_Stop
                0x0000000008004088                HAL_TIMEx_OCN_Stop
                0x000000000800408c                HAL_TIMEx_OnePulseN_Start_IT
                0x00000000080040c0                HAL_TIMEx_OnePulseN_Stop_IT
                0x0000000008004124                HAL_TIMEx_ConfigCommutationEvent
                0x0000000008004174                HAL_TIMEx_ConfigCommutationEvent_IT
                0x00000000080041cc                HAL_TIMEx_ConfigCommutationEvent_DMA
                0x0000000008004234                HAL_TIMEx_MasterConfigSynchronization
                0x0000000008004280                HAL_TIMEx_ConfigBreakDeadTime
                0x00000000080042c4                HAL_TIMEx_RemapConfig
                0x00000000080042ec                HAL_TIMEx_CommutationCallback
                0x00000000080042f0                TIMEx_DMACommutationCplt
                0x0000000008004300                HAL_TIMEx_BreakCallback
                0x0000000008004304                HAL_TIMEx_HallSensor_GetState
 .text          0x000000000800430c     0x1300 ./Drivers/STM32F4xx_HAL_Driver/libstm32f4_hal.a(stm32f4xx_ll_usb.o)
                0x000000000800430c                USB_CoreInit
                0x000000000800437c                USB_EnableGlobalInt
                0x000000000800438c                USB_DisableGlobalInt
                0x000000000800439c                USB_SetCurrentMode
                0x00000000080043d0                USB_DevInit
                0x0000000008004544                USB_FlushTxFifo
                0x0000000008004568                USB_FlushRxFifo
                0x0000000008004588                USB_SetDevSpeed
                0x0000000008004598                USB_GetDevSpeed
                0x00000000080045d0                USB_ActivateEndpoint
                0x0000000008004660                USB_ActivateDedicatedEndpoint
                0x0000000008004720                USB_DeactivateEndpoint
                0x000000000800477c                USB_DeactivateDedicatedEndpoint
                0x00000000080047d8                USB_EPStartXfer
                0x0000000008004994                USB_EP0StartXfer
                0x0000000008004a9c                USB_WritePacket
                0x0000000008004ac8                USB_ReadPacket
                0x0000000008004ae4                USB_EPSetStall
                0x0000000008004b20                USB_EPClearStall
                0x0000000008004b50                USB_StopDevice
                0x0000000008004bb4                USB_SetDevAddress
                0x0000000008004bd4                USB_DevConnect
                0x0000000008004bec                USB_DevDisconnect
                0x0000000008004c04                USB_ReadInterrupts
                0x0000000008004c0c                USB_ReadDevAllOutEpInterrupt
                0x0000000008004c1c                USB_ReadDevAllInEpInterrupt
                0x0000000008004c2c                USB_ReadDevOutEPInterrupt
                0x0000000008004c40                USB_ReadDevInEPInterrupt
                0x0000000008004c64                USB_ClearInterrupts
                0x0000000008004c6c                USB_GetMode
                0x0000000008004c74                USB_ActivateSetup
                0x0000000008004cac                USB_EP0_OutStart
                0x0000000008004d24                USB_HostInit
                0x0000000008004e44                USB_InitFSLSPClkSel
                0x0000000008004e80                USB_ResetPort
                0x0000000008004eb4                USB_DriveVbus
                0x0000000008004ef8                USB_GetHostSpeed
                0x0000000008004f0c                USB_GetCurrentFrame
                0x0000000008004f18                USB_HC_Init
                0x000000000800501c                USB_HC_StartXfer
                0x0000000008005298                USB_HC_ReadInterrupt
                0x00000000080052b8                USB_HC_Halt
                0x000000000800548c                USB_DoPing
                0x0000000008005504                USB_StopHost
 .text          0x000000000800560c      0x6f4 ./Drivers/STM32F4xx_HAL_Driver/libstm32f4_hal.a(stm32f4xx_hal_dma.o)
                0x000000000800560c                HAL_DMA_Init
                0x000000000800573c                HAL_DMA_DeInit
                0x00000000080057b0                HAL_DMA_Start
                0x000000000800580c                HAL_DMA_Start_IT
                0x0000000008005890                HAL_DMA_Abort
                0x0000000008005920                HAL_DMA_Abort_IT
                0x0000000008005944                HAL_DMA_PollForTransfer
                0x0000000008005a80                HAL_DMA_IRQHandler
                0x0000000008005c28                HAL_DMA_RegisterCallback
                0x0000000008005c88                HAL_DMA_UnRegisterCallback
                0x0000000008005cf4                HAL_DMA_GetState
                0x0000000008005cfc                HAL_DMA_GetError
 .text          0x0000000008005d00      0x2dc /usr/lib/gcc/arm-none-eabi/6.2.0/../../../../arm-none-eabi/lib/armv7e-m/fpu/libg.a(lib_a-strcmp.o)
                0x0000000008005d08                strcmp
 *(.text*)
 .text.__do_global_dtors_aux
                0x0000000008005fdc       0x24 /usr/lib/gcc/arm-none-eabi/6.2.0/armv7e-m/fpu/crtbegin.o
 .text.frame_dummy
                0x0000000008006000       0x34 /usr/lib/gcc/arm-none-eabi/6.2.0/armv7e-m/fpu/crtbegin.o
 .text.atexit   0x0000000008006034        0xc /usr/lib/gcc/arm-none-eabi/6.2.0/../../../../arm-none-eabi/lib/armv7e-m/fpu/libc.a(lib_a-atexit.o)
                0x0000000008006034                atexit
 .text.__libc_fini_array
                0x0000000008006040       0x34 /usr/lib/gcc/arm-none-eabi/6.2.0/../../../../arm-none-eabi/lib/armv7e-m/fpu/libc.a(lib_a-fini.o)
                0x0000000008006040                __libc_fini_array
 .text.__libc_init_array
                0x0000000008006074       0x50 /usr/lib/gcc/arm-none-eabi/6.2.0/../../../../arm-none-eabi/lib/armv7e-m/fpu/libc.a(lib_a-init.o)
                0x0000000008006074                __libc_init_array
 .text.__register_exitproc
                0x00000000080060c4       0xa4 /usr/lib/gcc/arm-none-eabi/6.2.0/../../../../arm-none-eabi/lib/armv7e-m/fpu/libc.a(lib_a-__atexit.o)
                0x00000000080060c4                __register_exitproc
 .text.startup.register_fini
                0x0000000008006168       0x14 /usr/lib/gcc/arm-none-eabi/6.2.0/../../../../arm-none-eabi/lib/armv7e-m/fpu/libc.a(lib_a-__call_atexit.o)
 .text._sbrk    0x000000000800617c       0x4c /usr/lib/gcc/arm-none-eabi/6.2.0/../../../../arm-none-eabi/lib/armv7e-m/fpu/librdimon.a(rdimon-syscalls.o)
                0x000000000800617c                _sbrk
 .text.Reset_Handler
                0x00000000080061c8       0x50 /tmp/ccSMpayZ.o
                0x00000000080061c8                Reset_Handler
 .text.Default_Handler
                0x0000000008006218        0x2 /tmp/ccSMpayZ.o
                0x0000000008006218                RTC_Alarm_IRQHandler
                0x0000000008006218                EXTI2_IRQHandler
                0x0000000008006218                DebugMon_Handler
                0x0000000008006218                SPI4_IRQHandler
                0x0000000008006218                TIM1_CC_IRQHandler
                0x0000000008006218                DMA2_Stream5_IRQHandler
                0x0000000008006218                HardFault_Handler
                0x0000000008006218                DMA1_Stream5_IRQHandler
                0x0000000008006218                PVD_IRQHandler
                0x0000000008006218                SDIO_IRQHandler
                0x0000000008006218                TAMP_STAMP_IRQHandler
                0x0000000008006218                PendSV_Handler
                0x0000000008006218                NMI_Handler
                0x0000000008006218                EXTI3_IRQHandler
                0x0000000008006218                TIM1_UP_TIM10_IRQHandler
                0x0000000008006218                I2C3_ER_IRQHandler
                0x0000000008006218                I2C2_EV_IRQHandler
                0x0000000008006218                DMA1_Stream2_IRQHandler
                0x0000000008006218                FPU_IRQHandler
                0x0000000008006218                UsageFault_Handler
                0x0000000008006218                DMA2_Stream2_IRQHandler
                0x0000000008006218                SPI1_IRQHandler
                0x0000000008006218                DMA2_Stream3_IRQHandler
                0x0000000008006218                USART6_IRQHandler
                0x0000000008006218                DMA2_Stream0_IRQHandler
                0x0000000008006218                TIM4_IRQHandler
                0x0000000008006218                I2C1_EV_IRQHandler
                0x0000000008006218                DMA1_Stream6_IRQHandler
                0x0000000008006218                DMA1_Stream1_IRQHandler
                0x0000000008006218                Default_Handler
                0x0000000008006218                EXTI15_10_IRQHandler
                0x0000000008006218                ADC_IRQHandler
                0x0000000008006218                DMA1_Stream7_IRQHandler
                0x0000000008006218                DMA2_Stream7_IRQHandler
                0x0000000008006218                I2C3_EV_IRQHandler
                0x0000000008006218                EXTI9_5_IRQHandler
                0x0000000008006218                RTC_WKUP_IRQHandler
                0x0000000008006218                SPI2_IRQHandler
                0x0000000008006218                MemManage_Handler
                0x0000000008006218                DMA1_Stream0_IRQHandler
                0x0000000008006218                SVC_Handler
                0x0000000008006218                EXTI4_IRQHandler
                0x0000000008006218                WWDG_IRQHandler
                0x0000000008006218                OTG_FS_WKUP_IRQHandler
                0x0000000008006218                TIM1_TRG_COM_TIM11_IRQHandler
                0x0000000008006218                EXTI1_IRQHandler
                0x0000000008006218                USART2_IRQHandler
                0x0000000008006218                I2C2_ER_IRQHandler
                0x0000000008006218                DMA2_Stream1_IRQHandler
                0x0000000008006218                FLASH_IRQHandler
                0x0000000008006218                DMA2_Stream4_IRQHandler
                0x0000000008006218                BusFault_Handler
                0x0000000008006218                USART1_IRQHandler
                0x0000000008006218                SPI3_IRQHandler
                0x0000000008006218                DMA1_Stream4_IRQHandler
                0x0000000008006218                I2C1_ER_IRQHandler
                0x0000000008006218                DMA2_Stream6_IRQHandler
                0x0000000008006218                DMA1_Stream3_IRQHandler
 .text.EXTI0_IRQ_Callback
                0x000000000800621a        0x2 Obj/main.o
                0x000000000800621a                EXTI0_IRQ_Callback
 .text.HAL_TIM_PeriodElapsedCallback
                0x000000000800621c       0x50 Obj/main.o
                0x000000000800621c                HAL_TIM_PeriodElapsedCallback
 .text.ProcessUSBCommand
                0x000000000800626c       0xb4 Obj/main.o
                0x000000000800626c                ProcessUSBCommand
 .text.SystemClock_Config
                0x0000000008006320       0xa8 Obj/main.o
                0x0000000008006320                SystemClock_Config
 .text.LEDsInit
                0x00000000080063c8       0x5c Obj/main.o
                0x00000000080063c8                LEDsInit
 .text.startup.main
                0x0000000008006424      0x370 Obj/main.o
                0x0000000008006424                main
 .text.Error_Handler
                0x0000000008006794        0x2 Obj/main.o
                0x0000000008006794                Error_Handler
 .text.HAL_MspInit
                0x0000000008006796       0x70 Obj/stm32f4xx_hal_msp.o
                0x0000000008006796                HAL_MspInit
 *fill*         0x0000000008006806        0x2 
 .text.HAL_TIM_Base_MspInit
                0x0000000008006808       0xec Obj/stm32f4xx_hal_msp.o
                0x0000000008006808                HAL_TIM_Base_MspInit
 .text.HAL_TIM_Base_MspDeInit
                0x00000000080068f4       0x80 Obj/stm32f4xx_hal_msp.o
                0x00000000080068f4                HAL_TIM_Base_MspDeInit
 .text.SysTick_Handler
                0x0000000008006974        0xe Obj/stm32f4xx_it.o
                0x0000000008006974                SysTick_Handler
 .text.RCC_IRQHandler
                0x0000000008006982        0x2 Obj/stm32f4xx_it.o
                0x0000000008006982                RCC_IRQHandler
 .text.EXTI0_IRQHandler
                0x0000000008006984       0x10 Obj/stm32f4xx_it.o
                0x0000000008006984                EXTI0_IRQHandler
 .text.TIM1_BRK_TIM9_IRQHandler
                0x0000000008006994       0x1c Obj/stm32f4xx_it.o
                0x0000000008006994                TIM1_BRK_TIM9_IRQHandler
 .text.TIM2_IRQHandler
                0x00000000080069b0        0xc Obj/stm32f4xx_it.o
                0x00000000080069b0                TIM2_IRQHandler
 .text.TIM3_IRQHandler
                0x00000000080069bc        0xc Obj/stm32f4xx_it.o
                0x00000000080069bc                TIM3_IRQHandler
 .text.TIM5_IRQHandler
                0x00000000080069c8        0xc Obj/stm32f4xx_it.o
                0x00000000080069c8                TIM5_IRQHandler
 .text.OTG_FS_IRQHandler
                0x00000000080069d4        0xc Obj/stm32f4xx_it.o
                0x00000000080069d4                OTG_FS_IRQHandler
 .text.MX_USB_DEVICE_Init
                0x00000000080069e0       0x38 Obj/usb_device.o
                0x00000000080069e0                MX_USB_DEVICE_Init
 .text.Queue_Create
                0x0000000008006a18       0x20 Obj/usb_usr.o
                0x0000000008006a18                Queue_Create
 .text.Queue_PushBack
                0x0000000008006a38       0x68 Obj/usb_usr.o
                0x0000000008006a38                Queue_PushBack
 .text.Queue_PopFront
                0x0000000008006aa0       0x34 Obj/usb_usr.o
                0x0000000008006aa0                Queue_PopFront
 .text.Queue_Front
                0x0000000008006ad4       0x1c Obj/usb_usr.o
                0x0000000008006ad4                Queue_Front
 .text.USB_Init
                0x0000000008006af0       0x28 Obj/usb_usr.o
                0x0000000008006af0                USB_Init
 .text.USB_Transmit
                0x0000000008006b18       0x36 Obj/usb_usr.o
                0x0000000008006b18                USB_Transmit
 .text.USB_Send
                0x0000000008006b4e        0xa Obj/usb_usr.o
                0x0000000008006b4e                USB_Send
 .text.USB_AssembleTransmission
                0x0000000008006b58       0xa0 Obj/usb_usr.o
                0x0000000008006b58                USB_AssembleTransmission
 .text.USB_DataReceivedCallback3
                0x0000000008006bf8        0xa Obj/usb_usr.o
                0x0000000008006bf8                USB_DataReceivedCallback3
 .text.CDC_DeInit_FS
                0x0000000008006c02        0x4 Obj/usbd_cdc_if.o
 *fill*         0x0000000008006c06        0x2 
 .text.CDC_Receive_FS
                0x0000000008006c08       0x28 Obj/usbd_cdc_if.o
 .text.CDC_Init_FS
                0x0000000008006c30       0x28 Obj/usbd_cdc_if.o
 .text.CDC_Control_FS
                0x0000000008006c58       0x20 Obj/usbd_cdc_if.o
 .text.CDC_Transmit_FS
                0x0000000008006c78       0x2c Obj/usbd_cdc_if.o
                0x0000000008006c78                CDC_Transmit_FS
 .text.HAL_PCD_MspInit
                0x0000000008006ca4       0x74 Obj/usbd_conf.o
                0x0000000008006ca4                HAL_PCD_MspInit
 .text.HAL_PCD_MspDeInit
                0x0000000008006d18       0x34 Obj/usbd_conf.o
                0x0000000008006d18                HAL_PCD_MspDeInit
 .text.HAL_PCD_SetupStageCallback
                0x0000000008006d4c        0xc Obj/usbd_conf.o
                0x0000000008006d4c                HAL_PCD_SetupStageCallback
 .text.HAL_PCD_DataOutStageCallback
                0x0000000008006d58       0x12 Obj/usbd_conf.o
                0x0000000008006d58                HAL_PCD_DataOutStageCallback
 .text.HAL_PCD_DataInStageCallback
                0x0000000008006d6a       0x10 Obj/usbd_conf.o
                0x0000000008006d6a                HAL_PCD_DataInStageCallback
 .text.HAL_PCD_SOFCallback
                0x0000000008006d7a        0x8 Obj/usbd_conf.o
                0x0000000008006d7a                HAL_PCD_SOFCallback
 .text.HAL_PCD_ResetCallback
                0x0000000008006d82       0x20 Obj/usbd_conf.o
                0x0000000008006d82                HAL_PCD_ResetCallback
 *fill*         0x0000000008006da2        0x2 
 .text.HAL_PCD_SuspendCallback
                0x0000000008006da4       0x30 Obj/usbd_conf.o
                0x0000000008006da4                HAL_PCD_SuspendCallback
 .text.HAL_PCD_ResumeCallback
                0x0000000008006dd4        0x8 Obj/usbd_conf.o
                0x0000000008006dd4                HAL_PCD_ResumeCallback
 .text.HAL_PCD_ISOOUTIncompleteCallback
                0x0000000008006ddc        0x8 Obj/usbd_conf.o
                0x0000000008006ddc                HAL_PCD_ISOOUTIncompleteCallback
 .text.HAL_PCD_ISOINIncompleteCallback
                0x0000000008006de4        0x8 Obj/usbd_conf.o
                0x0000000008006de4                HAL_PCD_ISOINIncompleteCallback
 .text.HAL_PCD_ConnectCallback
                0x0000000008006dec        0x8 Obj/usbd_conf.o
                0x0000000008006dec                HAL_PCD_ConnectCallback
 .text.HAL_PCD_DisconnectCallback
                0x0000000008006df4        0x8 Obj/usbd_conf.o
                0x0000000008006df4                HAL_PCD_DisconnectCallback
 .text.USBD_LL_Init
                0x0000000008006dfc       0x60 Obj/usbd_conf.o
                0x0000000008006dfc                USBD_LL_Init
 .text.USBD_LL_Start
                0x0000000008006e5c        0xe Obj/usbd_conf.o
                0x0000000008006e5c                USBD_LL_Start
 .text.USBD_LL_OpenEP
                0x0000000008006e6a       0x14 Obj/usbd_conf.o
                0x0000000008006e6a                USBD_LL_OpenEP
 .text.USBD_LL_CloseEP
                0x0000000008006e7e        0xe Obj/usbd_conf.o
                0x0000000008006e7e                USBD_LL_CloseEP
 .text.USBD_LL_StallEP
                0x0000000008006e8c        0xe Obj/usbd_conf.o
                0x0000000008006e8c                USBD_LL_StallEP
 .text.USBD_LL_ClearStallEP
                0x0000000008006e9a        0xe Obj/usbd_conf.o
                0x0000000008006e9a                USBD_LL_ClearStallEP
 .text.USBD_LL_IsStallEP
                0x0000000008006ea8       0x26 Obj/usbd_conf.o
                0x0000000008006ea8                USBD_LL_IsStallEP
 .text.USBD_LL_SetUSBAddress
                0x0000000008006ece        0xe Obj/usbd_conf.o
                0x0000000008006ece                USBD_LL_SetUSBAddress
 .text.USBD_LL_Transmit
                0x0000000008006edc        0xe Obj/usbd_conf.o
                0x0000000008006edc                USBD_LL_Transmit
 .text.USBD_LL_PrepareReceive
                0x0000000008006eea        0xe Obj/usbd_conf.o
                0x0000000008006eea                USBD_LL_PrepareReceive
 .text.USBD_LL_GetRxDataSize
                0x0000000008006ef8        0xc Obj/usbd_conf.o
                0x0000000008006ef8                USBD_LL_GetRxDataSize
 .text.USBD_FS_DeviceDescriptor
                0x0000000008006f04        0xc Obj/usbd_desc.o
                0x0000000008006f04                USBD_FS_DeviceDescriptor
 .text.USBD_FS_LangIDStrDescriptor
                0x0000000008006f10        0xc Obj/usbd_desc.o
                0x0000000008006f10                USBD_FS_LangIDStrDescriptor
 .text.USBD_FS_ManufacturerStrDescriptor
                0x0000000008006f1c       0x1c Obj/usbd_desc.o
                0x0000000008006f1c                USBD_FS_ManufacturerStrDescriptor
 .text.USBD_FS_ProductStrDescriptor
                0x0000000008006f38       0x1c Obj/usbd_desc.o
                0x0000000008006f38                USBD_FS_ProductStrDescriptor
 .text.USBD_FS_SerialStrDescriptor
                0x0000000008006f54       0x1c Obj/usbd_desc.o
                0x0000000008006f54                USBD_FS_SerialStrDescriptor
 .text.USBD_FS_ConfigStrDescriptor
                0x0000000008006f70       0x1c Obj/usbd_desc.o
                0x0000000008006f70                USBD_FS_ConfigStrDescriptor
 .text.USBD_FS_InterfaceStrDescriptor
                0x0000000008006f8c       0x1c Obj/usbd_desc.o
                0x0000000008006f8c                USBD_FS_InterfaceStrDescriptor
 .text.SystemInit
                0x0000000008006fa8       0x4c Obj/system_stm32f4xx.o
                0x0000000008006fa8                SystemInit
 .text.USBD_Init
                0x0000000008006ff4       0x2a Obj/usbd_core.o
                0x0000000008006ff4                USBD_Init
 .text.USBD_RegisterClass
                0x000000000800701e        0xe Obj/usbd_core.o
                0x000000000800701e                USBD_RegisterClass
 .text.USBD_Start
                0x000000000800702c        0xa Obj/usbd_core.o
                0x000000000800702c                USBD_Start
 .text.USBD_SetClassConfig
                0x0000000008007036       0x16 Obj/usbd_core.o
                0x0000000008007036                USBD_SetClassConfig
 .text.USBD_ClrClassConfig
                0x000000000800704c        0xe Obj/usbd_core.o
                0x000000000800704c                USBD_ClrClassConfig
 .text.USBD_LL_SetupStage
                0x000000000800705a       0x5a Obj/usbd_core.o
                0x000000000800705a                USBD_LL_SetupStage
 .text.USBD_LL_DataOutStage
                0x00000000080070b4       0x64 Obj/usbd_core.o
                0x00000000080070b4                USBD_LL_DataOutStage
 .text.USBD_LL_DataInStage
                0x0000000008007118       0x9e Obj/usbd_core.o
                0x0000000008007118                USBD_LL_DataInStage
 .text.USBD_LL_Reset
                0x00000000080071b6       0x3e Obj/usbd_core.o
                0x00000000080071b6                USBD_LL_Reset
 .text.USBD_LL_SetSpeed
                0x00000000080071f4        0x6 Obj/usbd_core.o
                0x00000000080071f4                USBD_LL_SetSpeed
 .text.USBD_LL_Suspend
                0x00000000080071fa       0x12 Obj/usbd_core.o
                0x00000000080071fa                USBD_LL_Suspend
 .text.USBD_LL_Resume
                0x000000000800720c        0xc Obj/usbd_core.o
                0x000000000800720c                USBD_LL_Resume
 .text.USBD_LL_SOF
                0x0000000008007218       0x18 Obj/usbd_core.o
                0x0000000008007218                USBD_LL_SOF
 .text.USBD_LL_IsoINIncomplete
                0x0000000008007230        0x4 Obj/usbd_core.o
                0x0000000008007230                USBD_LL_IsoINIncomplete
 .text.USBD_LL_IsoOUTIncomplete
                0x0000000008007234        0x4 Obj/usbd_core.o
                0x0000000008007234                USBD_LL_IsoOUTIncomplete
 .text.USBD_LL_DevConnected
                0x0000000008007238        0x4 Obj/usbd_core.o
                0x0000000008007238                USBD_LL_DevConnected
 .text.USBD_LL_DevDisconnected
                0x000000000800723c       0x16 Obj/usbd_core.o
                0x000000000800723c                USBD_LL_DevDisconnected
 .text.USBD_CtlError.constprop.0
                0x0000000008007252       0x16 Obj/usbd_ctlreq.o
 .text.USBD_StdDevReq
                0x0000000008007268      0x1f4 Obj/usbd_ctlreq.o
                0x0000000008007268                USBD_StdDevReq
 .text.USBD_StdItfReq
                0x000000000800745c       0x30 Obj/usbd_ctlreq.o
                0x000000000800745c                USBD_StdItfReq
 .text.USBD_StdEPReq
                0x000000000800748c       0xc6 Obj/usbd_ctlreq.o
                0x000000000800748c                USBD_StdEPReq
 .text.USBD_ParseSetupRequest
                0x0000000008007552       0x28 Obj/usbd_ctlreq.o
                0x0000000008007552                USBD_ParseSetupRequest
 .text.USBD_GetString
                0x000000000800757a       0x38 Obj/usbd_ctlreq.o
                0x000000000800757a                USBD_GetString
 .text.USBD_CtlSendData
                0x00000000080075b2       0x1a Obj/usbd_ioreq.o
                0x00000000080075b2                USBD_CtlSendData
 .text.USBD_CtlContinueSendData
                0x00000000080075cc       0x10 Obj/usbd_ioreq.o
                0x00000000080075cc                USBD_CtlContinueSendData
 .text.USBD_CtlPrepareRx
                0x00000000080075dc       0x1e Obj/usbd_ioreq.o
                0x00000000080075dc                USBD_CtlPrepareRx
 .text.USBD_CtlContinueRx
                0x00000000080075fa       0x10 Obj/usbd_ioreq.o
                0x00000000080075fa                USBD_CtlContinueRx
 .text.USBD_CtlSendStatus
                0x000000000800760a       0x16 Obj/usbd_ioreq.o
                0x000000000800760a                USBD_CtlSendStatus
 .text.USBD_CtlReceiveStatus
                0x0000000008007620       0x16 Obj/usbd_ioreq.o
                0x0000000008007620                USBD_CtlReceiveStatus
 .text.USBD_CDC_DataIn
                0x0000000008007636       0x12 Obj/usbd_cdc.o
 .text.USBD_CDC_EP0_RxReady
                0x0000000008007648       0x28 Obj/usbd_cdc.o
 .text.USBD_CDC_GetFSCfgDesc
                0x0000000008007670        0xc Obj/usbd_cdc.o
 .text.USBD_CDC_GetHSCfgDesc
                0x000000000800767c        0xc Obj/usbd_cdc.o
 .text.USBD_CDC_GetOtherSpeedCfgDesc
                0x0000000008007688        0xc Obj/usbd_cdc.o
 .text.USBD_CDC_GetDeviceQualifierDescriptor
                0x0000000008007694        0xc Obj/usbd_cdc.o
                0x0000000008007694                USBD_CDC_GetDeviceQualifierDescriptor
 .text.USBD_CDC_DataOut
                0x00000000080076a0       0x2e Obj/usbd_cdc.o
 *fill*         0x00000000080076ce        0x2 
 .text.USBD_CDC_Setup
                0x00000000080076d0       0x68 Obj/usbd_cdc.o
 .text.USBD_CDC_DeInit
                0x0000000008007738       0x3a Obj/usbd_cdc.o
 .text.USBD_CDC_Init
                0x0000000008007772       0x8c Obj/usbd_cdc.o
 .text.USBD_CDC_RegisterInterface
                0x00000000080077fe        0xe Obj/usbd_cdc.o
                0x00000000080077fe                USBD_CDC_RegisterInterface
 .text.USBD_CDC_SetTxBuffer
                0x000000000800780c       0x10 Obj/usbd_cdc.o
                0x000000000800780c                USBD_CDC_SetTxBuffer
 .text.USBD_CDC_SetRxBuffer
                0x000000000800781c        0xc Obj/usbd_cdc.o
                0x000000000800781c                USBD_CDC_SetRxBuffer
 .text.USBD_CDC_TransmitPacket
                0x0000000008007828       0x2e Obj/usbd_cdc.o
                0x0000000008007828                USBD_CDC_TransmitPacket
 .text.USBD_CDC_ReceivePacket
                0x0000000008007856       0x26 Obj/usbd_cdc.o
                0x0000000008007856                USBD_CDC_ReceivePacket
 .text.__errno  0x000000000800787c        0xc /usr/lib/gcc/arm-none-eabi/6.2.0/../../../../arm-none-eabi/lib/armv7e-m/fpu/libg.a(lib_a-errno.o)
                0x000000000800787c                __errno
 .text.malloc   0x0000000008007888       0x10 /usr/lib/gcc/arm-none-eabi/6.2.0/../../../../arm-none-eabi/lib/armv7e-m/fpu/libg.a(lib_a-malloc.o)
                0x0000000008007888                malloc
 .text.free     0x0000000008007898       0x10 /usr/lib/gcc/arm-none-eabi/6.2.0/../../../../arm-none-eabi/lib/armv7e-m/fpu/libg.a(lib_a-malloc.o)
                0x0000000008007898                free
 .text._malloc_r
                0x00000000080078a8      0x560 /usr/lib/gcc/arm-none-eabi/6.2.0/../../../../arm-none-eabi/lib/armv7e-m/fpu/libg.a(lib_a-mallocr.o)
                0x00000000080078a8                _malloc_r
 .text.__malloc_lock
                0x0000000008007e08        0x4 /usr/lib/gcc/arm-none-eabi/6.2.0/../../../../arm-none-eabi/lib/armv7e-m/fpu/libg.a(lib_a-mlock.o)
                0x0000000008007e08                __malloc_lock
 .text.__malloc_unlock
                0x0000000008007e0c        0x4 /usr/lib/gcc/arm-none-eabi/6.2.0/../../../../arm-none-eabi/lib/armv7e-m/fpu/libg.a(lib_a-mlock.o)
                0x0000000008007e0c                __malloc_unlock
 .text.realloc  0x0000000008007e10       0x10 /usr/lib/gcc/arm-none-eabi/6.2.0/../../../../arm-none-eabi/lib/armv7e-m/fpu/libg.a(lib_a-realloc.o)
                0x0000000008007e10                realloc
 .text._realloc_r
                0x0000000008007e20      0x34c /usr/lib/gcc/arm-none-eabi/6.2.0/../../../../arm-none-eabi/lib/armv7e-m/fpu/libg.a(lib_a-reallocr.o)
                0x0000000008007e20                _realloc_r
 .text._sbrk_r  0x000000000800816c       0x24 /usr/lib/gcc/arm-none-eabi/6.2.0/../../../../arm-none-eabi/lib/armv7e-m/fpu/libg.a(lib_a-sbrkr.o)
                0x000000000800816c                _sbrk_r
 .text._malloc_trim_r
                0x0000000008008190       0xa0 /usr/lib/gcc/arm-none-eabi/6.2.0/../../../../arm-none-eabi/lib/armv7e-m/fpu/libg.a(lib_a-freer.o)
                0x0000000008008190                _malloc_trim_r
 .text._free_r  0x0000000008008230      0x1cc /usr/lib/gcc/arm-none-eabi/6.2.0/../../../../arm-none-eabi/lib/armv7e-m/fpu/libg.a(lib_a-freer.o)
                0x0000000008008230                _free_r
 .text.memmove  0x00000000080083fc       0xc8 /usr/lib/gcc/arm-none-eabi/6.2.0/../../../../arm-none-eabi/lib/armv7e-m/fpu/libg.a(lib_a-memmove.o)
                0x00000000080083fc                memmove
 *(.glue_7)
 .glue_7        0x00000000080084c4        0x0 linker stubs
 *(.glue_7t)
 .glue_7t       0x00000000080084c4        0x0 linker stubs
 *(.eh_frame)
 .eh_frame      0x00000000080084c4        0x0 /usr/lib/gcc/arm-none-eabi/6.2.0/armv7e-m/fpu/crtbegin.o
 *(.init)
 .init          0x00000000080084c4        0x4 /usr/lib/gcc/arm-none-eabi/6.2.0/armv7e-m/fpu/crti.o
                0x00000000080084c4                _init
 .init          0x00000000080084c8        0x8 /usr/lib/gcc/arm-none-eabi/6.2.0/armv7e-m/fpu/crtn.o
 *(.fini)
 .fini          0x00000000080084d0        0x4 /usr/lib/gcc/arm-none-eabi/6.2.0/armv7e-m/fpu/crti.o
                0x00000000080084d0                _fini
 .fini          0x00000000080084d4        0x8 /usr/lib/gcc/arm-none-eabi/6.2.0/armv7e-m/fpu/crtn.o
                0x00000000080084dc                . = ALIGN (0x4)
                0x00000000080084dc                _etext = .

.vfp11_veneer   0x00000000080084dc        0x0
 .vfp11_veneer  0x00000000080084dc        0x0 linker stubs

.v4_bx          0x00000000080084dc        0x0
 .v4_bx         0x00000000080084dc        0x0 linker stubs

.iplt           0x00000000080084dc        0x0
 .iplt          0x00000000080084dc        0x0 /usr/lib/gcc/arm-none-eabi/6.2.0/armv7e-m/fpu/crtbegin.o

.rodata         0x00000000080084dc       0xbc
                0x00000000080084dc                . = ALIGN (0x4)
 *(.rodata)
 .rodata        0x00000000080084dc       0x10 ./Drivers/STM32F4xx_HAL_Driver/libstm32f4_hal.a(stm32f4xx_hal_rcc.o)
                0x00000000080084dc                APBAHBPrescTable
 .rodata        0x00000000080084ec        0x8 ./Drivers/STM32F4xx_HAL_Driver/libstm32f4_hal.a(stm32f4xx_hal_dma.o)
 *(.rodata*)
 .rodata._global_impure_ptr
                0x00000000080084f4        0x4 /usr/lib/gcc/arm-none-eabi/6.2.0/../../../../arm-none-eabi/lib/armv7e-m/fpu/libc.a(lib_a-impure.o)
                0x00000000080084f4                _global_impure_ptr
 .rodata.str1.4
                0x00000000080084f8        0x4 /usr/lib/gcc/arm-none-eabi/6.2.0/../../../../arm-none-eabi/lib/armv7e-m/fpu/libc.a(lib_a-impure.o)
                                          0x2 (size before relaxing)
 .rodata.ProcessUSBCommand.str1.1
                0x00000000080084fc       0x4b Obj/main.o
 .rodata.USBD_FS_ConfigStrDescriptor.str1.1
                0x0000000008008547        0xb Obj/usbd_desc.o
 .rodata.USBD_FS_InterfaceStrDescriptor.str1.1
                0x0000000008008552        0xe Obj/usbd_desc.o
 .rodata.USBD_FS_ManufacturerStrDescriptor.str1.1
                0x0000000008008560       0x13 Obj/usbd_desc.o
 .rodata.USBD_FS_ProductStrDescriptor.str1.1
                0x0000000008008573       0x16 Obj/usbd_desc.o
 .rodata.USBD_FS_SerialStrDescriptor.str1.1
                0x0000000008008589        0xd Obj/usbd_desc.o
                0x0000000008008598                . = ALIGN (0x4)
 *fill*         0x0000000008008596        0x2 

.rel.dyn        0x0000000008008598        0x0
 .rel.iplt      0x0000000008008598        0x0 /usr/lib/gcc/arm-none-eabi/6.2.0/armv7e-m/fpu/crtbegin.o

.ARM.extab
 *(.ARM.extab* .gnu.linkonce.armextab.*)

.ARM            0x0000000008008598        0x0
                0x0000000008008598                __exidx_start = .
 *(.ARM.exidx*)
                0x0000000008008598                __exidx_end = .

.preinit_array  0x0000000008008598        0x0
                0x0000000008008598                PROVIDE (__preinit_array_start, .)
 *(.preinit_array*)
                0x0000000008008598                PROVIDE (__preinit_array_end, .)

.init_array     0x0000000008008598        0x8
                0x0000000008008598                PROVIDE (__init_array_start, .)
 *(SORT(.init_array.*))
 .init_array.00000
                0x0000000008008598        0x4 /usr/lib/gcc/arm-none-eabi/6.2.0/../../../../arm-none-eabi/lib/armv7e-m/fpu/libc.a(lib_a-__call_atexit.o)
 *(.init_array*)
 .init_array    0x000000000800859c        0x4 /usr/lib/gcc/arm-none-eabi/6.2.0/armv7e-m/fpu/crtbegin.o
                0x00000000080085a0                PROVIDE (__init_array_end, .)

.fini_array     0x00000000080085a0        0x4
                0x00000000080085a0                PROVIDE (__fini_array_start, .)
 *(SORT(.fini_array.*))
 *(.fini_array*)
 .fini_array    0x00000000080085a0        0x4 /usr/lib/gcc/arm-none-eabi/6.2.0/armv7e-m/fpu/crtbegin.o
                0x00000000080085a4                PROVIDE (__fini_array_end, .)
                0x00000000080085a4                _sidata = LOADADDR (.data)

.data           0x0000000020000000      0x9a0 load address 0x00000000080085a4
                0x0000000020000000                . = ALIGN (0x4)
                0x0000000020000000                _sdata = .
 *(.data)
 *(.data*)
 .data._impure_ptr
                0x0000000020000000        0x4 /usr/lib/gcc/arm-none-eabi/6.2.0/../../../../arm-none-eabi/lib/armv7e-m/fpu/libc.a(lib_a-impure.o)
                0x0000000020000000                _impure_ptr
 *fill*         0x0000000020000004        0x4 
 .data.impure_data
                0x0000000020000008      0x428 /usr/lib/gcc/arm-none-eabi/6.2.0/../../../../arm-none-eabi/lib/armv7e-m/fpu/libc.a(lib_a-impure.o)
 .data.__heap_limit
                0x0000000020000430        0x4 /usr/lib/gcc/arm-none-eabi/6.2.0/../../../../arm-none-eabi/lib/armv7e-m/fpu/librdimon.a(rdimon-syscalls.o)
                0x0000000020000430                __heap_limit
 .data.mystring
                0x0000000020000434        0x4 Obj/usb_usr.o
                0x0000000020000434                mystring
 .data.USBD_Interface_fops_FS
                0x0000000020000438       0x10 Obj/usbd_cdc_if.o
                0x0000000020000438                USBD_Interface_fops_FS
 .data.FS_Desc  0x0000000020000448       0x1c Obj/usbd_desc.o
                0x0000000020000448                FS_Desc
 .data.USBD_FS_DeviceDesc
                0x0000000020000464       0x12 Obj/usbd_desc.o
                0x0000000020000464                USBD_FS_DeviceDesc
 *fill*         0x0000000020000476        0x2 
 .data.USBD_LangIDDesc
                0x0000000020000478        0x4 Obj/usbd_desc.o
                0x0000000020000478                USBD_LangIDDesc
 .data.SystemCoreClock
                0x000000002000047c        0x4 Obj/system_stm32f4xx.o
                0x000000002000047c                SystemCoreClock
 .data.USBD_CDC
                0x0000000020000480       0x38 Obj/usbd_cdc.o
                0x0000000020000480                USBD_CDC
 .data.USBD_CDC_CfgFSDesc
                0x00000000200004b8       0x43 Obj/usbd_cdc.o
                0x00000000200004b8                USBD_CDC_CfgFSDesc
 *fill*         0x00000000200004fb        0x1 
 .data.USBD_CDC_CfgHSDesc
                0x00000000200004fc       0x43 Obj/usbd_cdc.o
                0x00000000200004fc                USBD_CDC_CfgHSDesc
 *fill*         0x000000002000053f        0x1 
 .data.USBD_CDC_DeviceQualifierDesc
                0x0000000020000540        0xa Obj/usbd_cdc.o
 *fill*         0x000000002000054a        0x2 
 .data.USBD_CDC_OtherSpeedCfgDesc
                0x000000002000054c       0x43 Obj/usbd_cdc.o
                0x000000002000054c                USBD_CDC_OtherSpeedCfgDesc
 *fill*         0x000000002000058f        0x1 
 .data.__malloc_av_
                0x0000000020000590      0x408 /usr/lib/gcc/arm-none-eabi/6.2.0/../../../../arm-none-eabi/lib/armv7e-m/fpu/libg.a(lib_a-mallocr.o)
                0x0000000020000590                __malloc_av_
 .data.__malloc_sbrk_base
                0x0000000020000998        0x4 /usr/lib/gcc/arm-none-eabi/6.2.0/../../../../arm-none-eabi/lib/armv7e-m/fpu/libg.a(lib_a-mallocr.o)
                0x0000000020000998                __malloc_sbrk_base
 .data.__malloc_trim_threshold
                0x000000002000099c        0x4 /usr/lib/gcc/arm-none-eabi/6.2.0/../../../../arm-none-eabi/lib/armv7e-m/fpu/libg.a(lib_a-mallocr.o)
                0x000000002000099c                __malloc_trim_threshold
                0x00000000200009a0                . = ALIGN (0x4)
                0x00000000200009a0                _edata = .
                0x0000000008008f44                _siccmram = LOADADDR (.ccmram)

.jcr            0x00000000200009a0        0x0 load address 0x0000000008008f44
 .jcr           0x00000000200009a0        0x0 /usr/lib/gcc/arm-none-eabi/6.2.0/armv7e-m/fpu/crtbegin.o

.igot.plt       0x00000000200009a0        0x0 load address 0x0000000008008f44
 .igot.plt      0x00000000200009a0        0x0 /usr/lib/gcc/arm-none-eabi/6.2.0/armv7e-m/fpu/crtbegin.o

.ccmram         0x0000000010000000        0x0 load address 0x0000000008008f44
                0x0000000010000000                . = ALIGN (0x4)
                0x0000000010000000                _sccmram = .
 *(.ccmram)
 *(.ccmram*)
                0x0000000010000000                . = ALIGN (0x4)
                0x0000000010000000                _eccmram = .
                0x0000000010000000                . = ALIGN (0x4)

.bss            0x00000000200009a0      0xa84
                0x00000000200009a0                _sbss = .
                0x00000000200009a0                __bss_start__ = _sbss
 *(.bss)
 .bss           0x00000000200009a0        0x4 ./Drivers/STM32F4xx_HAL_Driver/libstm32f4_hal.a(stm32f4xx_ll_usb.o)
 *(.bss*)
 .bss.completed.9630
                0x00000000200009a4        0x1 /usr/lib/gcc/arm-none-eabi/6.2.0/armv7e-m/fpu/crtbegin.o
 *fill*         0x00000000200009a5        0x3 
 .bss.object.9635
                0x00000000200009a8       0x18 /usr/lib/gcc/arm-none-eabi/6.2.0/armv7e-m/fpu/crtbegin.o
 .bss.heap_end.7228
                0x00000000200009c0        0x4 /usr/lib/gcc/arm-none-eabi/6.2.0/../../../../arm-none-eabi/lib/armv7e-m/fpu/librdimon.a(rdimon-syscalls.o)
 .bss.queue     0x00000000200009c4        0x4 Obj/usb_usr.o
                0x00000000200009c4                queue
 .bss.cfgidx.9162
                0x00000000200009c8        0x1 Obj/usbd_ctlreq.o
 .bss.ifalt.9157
                0x00000000200009c9        0x1 Obj/usbd_cdc.o
 *fill*         0x00000000200009ca        0x2 
 .bss.__malloc_current_mallinfo
                0x00000000200009cc       0x28 /usr/lib/gcc/arm-none-eabi/6.2.0/../../../../arm-none-eabi/lib/armv7e-m/fpu/libg.a(lib_a-mallocr.o)
                0x00000000200009cc                __malloc_current_mallinfo
 .bss.__malloc_max_sbrked_mem
                0x00000000200009f4        0x4 /usr/lib/gcc/arm-none-eabi/6.2.0/../../../../arm-none-eabi/lib/armv7e-m/fpu/libg.a(lib_a-mallocr.o)
                0x00000000200009f4                __malloc_max_sbrked_mem
 .bss.__malloc_max_total_mem
                0x00000000200009f8        0x4 /usr/lib/gcc/arm-none-eabi/6.2.0/../../../../arm-none-eabi/lib/armv7e-m/fpu/libg.a(lib_a-mallocr.o)
                0x00000000200009f8                __malloc_max_total_mem
 .bss.__malloc_top_pad
                0x00000000200009fc        0x4 /usr/lib/gcc/arm-none-eabi/6.2.0/../../../../arm-none-eabi/lib/armv7e-m/fpu/libg.a(lib_a-mallocr.o)
                0x00000000200009fc                __malloc_top_pad
 *(COMMON)
 COMMON         0x0000000020000a00      0x12c Obj/main.o
                0x0000000020000a00                htim5
                0x0000000020000a3c                htim3
                0x0000000020000a78                htim1
                0x0000000020000ab4                htim9
                0x0000000020000af0                htim2
 COMMON         0x0000000020000b2c      0x224 Obj/usb_device.o
                0x0000000020000b2c                hUsbDeviceFS
 COMMON         0x0000000020000d50      0x109 Obj/usb_usr.o
                0x0000000020000d50                transmission
                0x0000000020000d54                transmission_length
                0x0000000020000d58                new_transmission
                0x0000000020000d59                command_buffer
 COMMON         0x0000000020000e59        0x8 Obj/usbd_cdc_if.o
                0x0000000020000e59                UserRxBufferFS
                0x0000000020000e5d                UserTxBufferFS
 *fill*         0x0000000020000e61        0x3 
 COMMON         0x0000000020000e64      0x3b8 Obj/usbd_conf.o
                0x0000000020000e64                hpcd_USB_OTG_FS
 COMMON         0x000000002000121c      0x200 Obj/usbd_desc.o
                0x000000002000121c                USBD_StrDesc
 COMMON         0x000000002000141c        0x4 ./Drivers/STM32F4xx_HAL_Driver/libstm32f4_hal.a(stm32f4xx_hal.o)
                0x000000002000141c                uwTick
 COMMON         0x0000000020001420        0x4 /usr/lib/gcc/arm-none-eabi/6.2.0/../../../../arm-none-eabi/lib/armv7e-m/fpu/libg.a(lib_a-reent.o)
                0x0000000020001420                errno
                0x0000000020001424                . = ALIGN (0x4)
                0x0000000020001424                _ebss = .
                0x0000000020001424                __bss_end__ = _ebss

._user_heap_stack
                0x0000000020001424      0x600
                0x0000000020001424                . = ALIGN (0x4)
                0x0000000020001424                PROVIDE (end, .)
                [!provide]                        PROVIDE (_end, .)
                0x0000000020001624                . = (. + _Min_Heap_Size)
 *fill*         0x0000000020001424      0x200 
                0x0000000020001a24                . = (. + _Min_Stack_Size)
 *fill*         0x0000000020001624      0x400 
                0x0000000020001a24                . = ALIGN (0x4)

/DISCARD/
 libc.a(*)
 libm.a(*)
 libgcc.a(*)

.ARM.attributes
                0x0000000000000000       0x30
 *(.ARM.attributes)
 .ARM.attributes
                0x0000000000000000       0x22 /usr/lib/gcc/arm-none-eabi/6.2.0/armv7e-m/fpu/crti.o
 .ARM.attributes
                0x0000000000000022       0x34 /usr/lib/gcc/arm-none-eabi/6.2.0/armv7e-m/fpu/crtbegin.o
 .ARM.attributes
                0x0000000000000056       0x34 /usr/lib/gcc/arm-none-eabi/6.2.0/../../../../arm-none-eabi/lib/armv7e-m/fpu/libc.a(lib_a-atexit.o)
 .ARM.attributes
                0x000000000000008a       0x34 /usr/lib/gcc/arm-none-eabi/6.2.0/../../../../arm-none-eabi/lib/armv7e-m/fpu/libc.a(lib_a-fini.o)
 .ARM.attributes
                0x00000000000000be       0x34 /usr/lib/gcc/arm-none-eabi/6.2.0/../../../../arm-none-eabi/lib/armv7e-m/fpu/libc.a(lib_a-impure.o)
 .ARM.attributes
                0x00000000000000f2       0x34 /usr/lib/gcc/arm-none-eabi/6.2.0/../../../../arm-none-eabi/lib/armv7e-m/fpu/libc.a(lib_a-init.o)
 .ARM.attributes
                0x0000000000000126       0x34 /usr/lib/gcc/arm-none-eabi/6.2.0/../../../../arm-none-eabi/lib/armv7e-m/fpu/libc.a(lib_a-__atexit.o)
 .ARM.attributes
                0x000000000000015a       0x34 /usr/lib/gcc/arm-none-eabi/6.2.0/../../../../arm-none-eabi/lib/armv7e-m/fpu/libc.a(lib_a-__call_atexit.o)
 .ARM.attributes
                0x000000000000018e       0x34 /usr/lib/gcc/arm-none-eabi/6.2.0/../../../../arm-none-eabi/lib/armv7e-m/fpu/librdimon.a(rdimon-syscalls.o)
 .ARM.attributes
                0x00000000000001c2       0x21 /tmp/ccSMpayZ.o
 .ARM.attributes
                0x00000000000001e3       0x39 Obj/main.o
 .ARM.attributes
                0x000000000000021c       0x39 Obj/stm32f4xx_hal_msp.o
 .ARM.attributes
                0x0000000000000255       0x39 Obj/stm32f4xx_it.o
 .ARM.attributes
                0x000000000000028e       0x39 Obj/usb_device.o
 .ARM.attributes
                0x00000000000002c7       0x39 Obj/usb_usr.o
 .ARM.attributes
                0x0000000000000300       0x39 Obj/usbd_cdc_if.o
 .ARM.attributes
                0x0000000000000339       0x39 Obj/usbd_conf.o
 .ARM.attributes
                0x0000000000000372       0x39 Obj/usbd_desc.o
 .ARM.attributes
                0x00000000000003ab       0x39 Obj/system_stm32f4xx.o
 .ARM.attributes
                0x00000000000003e4       0x39 Obj/usbd_core.o
 .ARM.attributes
                0x000000000000041d       0x39 Obj/usbd_ctlreq.o
 .ARM.attributes
                0x0000000000000456       0x39 Obj/usbd_ioreq.o
 .ARM.attributes
                0x000000000000048f       0x39 Obj/usbd_cdc.o
 .ARM.attributes
                0x00000000000004c8       0x39 ./Drivers/STM32F4xx_HAL_Driver/libstm32f4_hal.a(stm32f4xx_hal.o)
 .ARM.attributes
                0x0000000000000501       0x39 ./Drivers/STM32F4xx_HAL_Driver/libstm32f4_hal.a(stm32f4xx_hal_cortex.o)
 .ARM.attributes
                0x000000000000053a       0x39 ./Drivers/STM32F4xx_HAL_Driver/libstm32f4_hal.a(stm32f4xx_hal_gpio.o)
 .ARM.attributes
                0x0000000000000573       0x39 ./Drivers/STM32F4xx_HAL_Driver/libstm32f4_hal.a(stm32f4xx_hal_pcd.o)
 .ARM.attributes
                0x00000000000005ac       0x39 ./Drivers/STM32F4xx_HAL_Driver/libstm32f4_hal.a(stm32f4xx_hal_pcd_ex.o)
 .ARM.attributes
                0x00000000000005e5       0x39 ./Drivers/STM32F4xx_HAL_Driver/libstm32f4_hal.a(stm32f4xx_hal_rcc.o)
 .ARM.attributes
                0x000000000000061e       0x39 ./Drivers/STM32F4xx_HAL_Driver/libstm32f4_hal.a(stm32f4xx_hal_tim.o)
 .ARM.attributes
                0x0000000000000657       0x39 ./Drivers/STM32F4xx_HAL_Driver/libstm32f4_hal.a(stm32f4xx_hal_tim_ex.o)
 .ARM.attributes
                0x0000000000000690       0x39 ./Drivers/STM32F4xx_HAL_Driver/libstm32f4_hal.a(stm32f4xx_ll_usb.o)
 .ARM.attributes
                0x00000000000006c9       0x39 ./Drivers/STM32F4xx_HAL_Driver/libstm32f4_hal.a(stm32f4xx_hal_dma.o)
 .ARM.attributes
                0x0000000000000702       0x34 /usr/lib/gcc/arm-none-eabi/6.2.0/../../../../arm-none-eabi/lib/armv7e-m/fpu/libg.a(lib_a-errno.o)
 .ARM.attributes
                0x0000000000000736       0x34 /usr/lib/gcc/arm-none-eabi/6.2.0/../../../../arm-none-eabi/lib/armv7e-m/fpu/libg.a(lib_a-malloc.o)
 .ARM.attributes
                0x000000000000076a       0x34 /usr/lib/gcc/arm-none-eabi/6.2.0/../../../../arm-none-eabi/lib/armv7e-m/fpu/libg.a(lib_a-mallocr.o)
 .ARM.attributes
                0x000000000000079e       0x34 /usr/lib/gcc/arm-none-eabi/6.2.0/../../../../arm-none-eabi/lib/armv7e-m/fpu/libg.a(lib_a-mlock.o)
 .ARM.attributes
                0x00000000000007d2       0x34 /usr/lib/gcc/arm-none-eabi/6.2.0/../../../../arm-none-eabi/lib/armv7e-m/fpu/libg.a(lib_a-realloc.o)
 .ARM.attributes
                0x0000000000000806       0x34 /usr/lib/gcc/arm-none-eabi/6.2.0/../../../../arm-none-eabi/lib/armv7e-m/fpu/libg.a(lib_a-reallocr.o)
 .ARM.attributes
                0x000000000000083a       0x34 /usr/lib/gcc/arm-none-eabi/6.2.0/../../../../arm-none-eabi/lib/armv7e-m/fpu/libg.a(lib_a-sbrkr.o)
 .ARM.attributes
                0x000000000000086e       0x20 /usr/lib/gcc/arm-none-eabi/6.2.0/../../../../arm-none-eabi/lib/armv7e-m/fpu/libg.a(lib_a-strcmp.o)
 .ARM.attributes
                0x000000000000088e       0x34 /usr/lib/gcc/arm-none-eabi/6.2.0/../../../../arm-none-eabi/lib/armv7e-m/fpu/libg.a(lib_a-freer.o)
 .ARM.attributes
                0x00000000000008c2       0x34 /usr/lib/gcc/arm-none-eabi/6.2.0/../../../../arm-none-eabi/lib/armv7e-m/fpu/libg.a(lib_a-memmove.o)
 .ARM.attributes
                0x00000000000008f6       0x34 /usr/lib/gcc/arm-none-eabi/6.2.0/../../../../arm-none-eabi/lib/armv7e-m/fpu/libg.a(lib_a-reent.o)
 .ARM.attributes
                0x000000000000092a       0x22 /usr/lib/gcc/arm-none-eabi/6.2.0/armv7e-m/fpu/crtn.o
OUTPUT(prog.elf elf32-littlearm)

.debug_frame    0x0000000000000000     0x2ed0
 .debug_frame   0x0000000000000000       0x20 /usr/lib/gcc/arm-none-eabi/6.2.0/../../../../arm-none-eabi/lib/armv7e-m/fpu/libc.a(lib_a-atexit.o)
 .debug_frame   0x0000000000000020       0x34 /usr/lib/gcc/arm-none-eabi/6.2.0/../../../../arm-none-eabi/lib/armv7e-m/fpu/libc.a(lib_a-fini.o)
 .debug_frame   0x0000000000000054       0x2c /usr/lib/gcc/arm-none-eabi/6.2.0/../../../../arm-none-eabi/lib/armv7e-m/fpu/libc.a(lib_a-init.o)
 .debug_frame   0x0000000000000080       0x34 /usr/lib/gcc/arm-none-eabi/6.2.0/../../../../arm-none-eabi/lib/armv7e-m/fpu/libc.a(lib_a-__atexit.o)
 .debug_frame   0x00000000000000b4       0x50 /usr/lib/gcc/arm-none-eabi/6.2.0/../../../../arm-none-eabi/lib/armv7e-m/fpu/libc.a(lib_a-__call_atexit.o)
 .debug_frame   0x0000000000000104      0x388 /usr/lib/gcc/arm-none-eabi/6.2.0/../../../../arm-none-eabi/lib/armv7e-m/fpu/librdimon.a(rdimon-syscalls.o)
 .debug_frame   0x000000000000048c       0xe4 Obj/main.o
 .debug_frame   0x0000000000000570       0x58 Obj/stm32f4xx_hal_msp.o
 .debug_frame   0x00000000000005c8       0xb4 Obj/stm32f4xx_it.o
 .debug_frame   0x000000000000067c       0x2c Obj/usb_device.o
 .debug_frame   0x00000000000006a8      0x1cc Obj/usb_usr.o
 .debug_frame   0x0000000000000874       0x8c Obj/usbd_cdc_if.o
 .debug_frame   0x0000000000000900      0x26c Obj/usbd_conf.o
 .debug_frame   0x0000000000000b6c       0xa8 Obj/usbd_desc.o
 .debug_frame   0x0000000000000c14       0x38 Obj/system_stm32f4xx.o
 .debug_frame   0x0000000000000c4c      0x1c0 Obj/usbd_core.o
 .debug_frame   0x0000000000000e0c       0xcc Obj/usbd_ctlreq.o
 .debug_frame   0x0000000000000ed8       0xb8 Obj/usbd_ioreq.o
 .debug_frame   0x0000000000000f90      0x14c Obj/usbd_cdc.o
 .debug_frame   0x00000000000010dc      0x188 ./Drivers/STM32F4xx_HAL_Driver/libstm32f4_hal.a(stm32f4xx_hal.o)
 .debug_frame   0x0000000000001264      0x16c ./Drivers/STM32F4xx_HAL_Driver/libstm32f4_hal.a(stm32f4xx_hal_cortex.o)
 .debug_frame   0x00000000000013d0       0xd8 ./Drivers/STM32F4xx_HAL_Driver/libstm32f4_hal.a(stm32f4xx_hal_gpio.o)
 .debug_frame   0x00000000000014a8      0x2d8 ./Drivers/STM32F4xx_HAL_Driver/libstm32f4_hal.a(stm32f4xx_hal_pcd.o)
 .debug_frame   0x0000000000001780       0x44 ./Drivers/STM32F4xx_HAL_Driver/libstm32f4_hal.a(stm32f4xx_hal_pcd_ex.o)
 .debug_frame   0x00000000000017c4      0x164 ./Drivers/STM32F4xx_HAL_Driver/libstm32f4_hal.a(stm32f4xx_hal_rcc.o)
 .debug_frame   0x0000000000001928      0x960 ./Drivers/STM32F4xx_HAL_Driver/libstm32f4_hal.a(stm32f4xx_hal_tim.o)
 .debug_frame   0x0000000000002288      0x328 ./Drivers/STM32F4xx_HAL_Driver/libstm32f4_hal.a(stm32f4xx_hal_tim_ex.o)
 .debug_frame   0x00000000000025b0      0x4a4 ./Drivers/STM32F4xx_HAL_Driver/libstm32f4_hal.a(stm32f4xx_ll_usb.o)
 .debug_frame   0x0000000000002a54      0x18c ./Drivers/STM32F4xx_HAL_Driver/libstm32f4_hal.a(stm32f4xx_hal_dma.o)
 .debug_frame   0x0000000000002be0       0x20 /usr/lib/gcc/arm-none-eabi/6.2.0/../../../../arm-none-eabi/lib/armv7e-m/fpu/libg.a(lib_a-errno.o)
 .debug_frame   0x0000000000002c00       0x30 /usr/lib/gcc/arm-none-eabi/6.2.0/../../../../arm-none-eabi/lib/armv7e-m/fpu/libg.a(lib_a-malloc.o)
 .debug_frame   0x0000000000002c30       0x58 /usr/lib/gcc/arm-none-eabi/6.2.0/../../../../arm-none-eabi/lib/armv7e-m/fpu/libg.a(lib_a-mallocr.o)
 .debug_frame   0x0000000000002c88       0x30 /usr/lib/gcc/arm-none-eabi/6.2.0/../../../../arm-none-eabi/lib/armv7e-m/fpu/libg.a(lib_a-mlock.o)
 .debug_frame   0x0000000000002cb8       0x20 /usr/lib/gcc/arm-none-eabi/6.2.0/../../../../arm-none-eabi/lib/armv7e-m/fpu/libg.a(lib_a-realloc.o)
 .debug_frame   0x0000000000002cd8       0x68 /usr/lib/gcc/arm-none-eabi/6.2.0/../../../../arm-none-eabi/lib/armv7e-m/fpu/libg.a(lib_a-reallocr.o)
 .debug_frame   0x0000000000002d40       0x2c /usr/lib/gcc/arm-none-eabi/6.2.0/../../../../arm-none-eabi/lib/armv7e-m/fpu/libg.a(lib_a-sbrkr.o)
 .debug_frame   0x0000000000002d6c       0x68 /usr/lib/gcc/arm-none-eabi/6.2.0/../../../../arm-none-eabi/lib/armv7e-m/fpu/libg.a(lib_a-strcmp.o)
 .debug_frame   0x0000000000002dd4       0x74 /usr/lib/gcc/arm-none-eabi/6.2.0/../../../../arm-none-eabi/lib/armv7e-m/fpu/libg.a(lib_a-freer.o)
 .debug_frame   0x0000000000002e48       0x30 /usr/lib/gcc/arm-none-eabi/6.2.0/../../../../arm-none-eabi/lib/armv7e-m/fpu/libg.a(lib_a-memmove.o)
 .debug_frame   0x0000000000002e78       0x58 /usr/lib/gcc/arm-none-eabi/6.2.0/../../../../arm-none-eabi/lib/armv7e-m/fpu/libg.a(lib_a-reent.o)

.debug_line     0x0000000000000000     0x6044
 .debug_line    0x0000000000000000       0x78 /tmp/ccSMpayZ.o
 .debug_line    0x0000000000000078      0x505 Obj/main.o
 .debug_line    0x000000000000057d      0x266 Obj/stm32f4xx_hal_msp.o
 .debug_line    0x00000000000007e3      0x2ce Obj/stm32f4xx_it.o
 .debug_line    0x0000000000000ab1      0x231 Obj/usb_device.o
 .debug_line    0x0000000000000ce2      0x448 Obj/usb_usr.o
 .debug_line    0x000000000000112a      0x2a7 Obj/usbd_cdc_if.o
 .debug_line    0x00000000000013d1      0x4bd Obj/usbd_conf.o
 .debug_line    0x000000000000188e      0x234 Obj/usbd_desc.o
 .debug_line    0x0000000000001ac2      0x188 Obj/system_stm32f4xx.o
 .debug_line    0x0000000000001c4a      0x3c5 Obj/usbd_core.o
 .debug_line    0x000000000000200f      0x345 Obj/usbd_ctlreq.o
 .debug_line    0x0000000000002354      0x25b Obj/usbd_ioreq.o
 .debug_line    0x00000000000025af      0x3ef Obj/usbd_cdc.o
 .debug_line    0x000000000000299e      0x1fa ./Drivers/STM32F4xx_HAL_Driver/libstm32f4_hal.a(stm32f4xx_hal.o)
 .debug_line    0x0000000000002b98      0x2d3 ./Drivers/STM32F4xx_HAL_Driver/libstm32f4_hal.a(stm32f4xx_hal_cortex.o)
 .debug_line    0x0000000000002e6b      0x31b ./Drivers/STM32F4xx_HAL_Driver/libstm32f4_hal.a(stm32f4xx_hal_gpio.o)
 .debug_line    0x0000000000003186      0x5dc ./Drivers/STM32F4xx_HAL_Driver/libstm32f4_hal.a(stm32f4xx_hal_pcd.o)
 .debug_line    0x0000000000003762      0x1bf ./Drivers/STM32F4xx_HAL_Driver/libstm32f4_hal.a(stm32f4xx_hal_pcd_ex.o)
 .debug_line    0x0000000000003921      0x4b5 ./Drivers/STM32F4xx_HAL_Driver/libstm32f4_hal.a(stm32f4xx_hal_rcc.o)
 .debug_line    0x0000000000003dd6     0x111e ./Drivers/STM32F4xx_HAL_Driver/libstm32f4_hal.a(stm32f4xx_hal_tim.o)
 .debug_line    0x0000000000004ef4      0x5c6 ./Drivers/STM32F4xx_HAL_Driver/libstm32f4_hal.a(stm32f4xx_hal_tim_ex.o)
 .debug_line    0x00000000000054ba      0x65e ./Drivers/STM32F4xx_HAL_Driver/libstm32f4_hal.a(stm32f4xx_ll_usb.o)
 .debug_line    0x0000000000005b18      0x52c ./Drivers/STM32F4xx_HAL_Driver/libstm32f4_hal.a(stm32f4xx_hal_dma.o)

.debug_info     0x0000000000000000    0x2002a
 .debug_info    0x0000000000000000       0x83 /tmp/ccSMpayZ.o
 .debug_info    0x0000000000000083     0x24de Obj/main.o
 .debug_info    0x0000000000002561     0x13f7 Obj/stm32f4xx_hal_msp.o
 .debug_info    0x0000000000003958     0x12dd Obj/stm32f4xx_it.o
 .debug_info    0x0000000000004c35      0xe23 Obj/usb_device.o
 .debug_info    0x0000000000005a58     0x162f Obj/usb_usr.o
 .debug_info    0x0000000000007087     0x115b Obj/usbd_cdc_if.o
 .debug_info    0x00000000000081e2     0x20bd Obj/usbd_conf.o
 .debug_info    0x000000000000a29f      0xd1a Obj/usbd_desc.o
 .debug_info    0x000000000000afb9      0x4cf Obj/system_stm32f4xx.o
 .debug_info    0x000000000000b488     0x1409 Obj/usbd_core.o
 .debug_info    0x000000000000c891     0x143c Obj/usbd_ctlreq.o
 .debug_info    0x000000000000dccd      0xf68 Obj/usbd_ioreq.o
 .debug_info    0x000000000000ec35     0x1499 Obj/usbd_cdc.o
 .debug_info    0x00000000000100ce     0x10d6 ./Drivers/STM32F4xx_HAL_Driver/libstm32f4_hal.a(stm32f4xx_hal.o)
 .debug_info    0x00000000000111a4     0x165c ./Drivers/STM32F4xx_HAL_Driver/libstm32f4_hal.a(stm32f4xx_hal_cortex.o)
 .debug_info    0x0000000000012800      0xf11 ./Drivers/STM32F4xx_HAL_Driver/libstm32f4_hal.a(stm32f4xx_hal_gpio.o)
 .debug_info    0x0000000000013711     0x1c22 ./Drivers/STM32F4xx_HAL_Driver/libstm32f4_hal.a(stm32f4xx_hal_pcd.o)
 .debug_info    0x0000000000015333      0xd4e ./Drivers/STM32F4xx_HAL_Driver/libstm32f4_hal.a(stm32f4xx_hal_pcd_ex.o)
 .debug_info    0x0000000000016081     0x148f ./Drivers/STM32F4xx_HAL_Driver/libstm32f4_hal.a(stm32f4xx_hal_rcc.o)
 .debug_info    0x0000000000017510     0x3d68 ./Drivers/STM32F4xx_HAL_Driver/libstm32f4_hal.a(stm32f4xx_hal_tim.o)
 .debug_info    0x000000000001b278     0x1aa3 ./Drivers/STM32F4xx_HAL_Driver/libstm32f4_hal.a(stm32f4xx_hal_tim_ex.o)
 .debug_info    0x000000000001cd1b     0x20ca ./Drivers/STM32F4xx_HAL_Driver/libstm32f4_hal.a(stm32f4xx_ll_usb.o)
 .debug_info    0x000000000001ede5     0x1245 ./Drivers/STM32F4xx_HAL_Driver/libstm32f4_hal.a(stm32f4xx_hal_dma.o)

.debug_abbrev   0x0000000000000000     0x4689
 .debug_abbrev  0x0000000000000000       0x12 /tmp/ccSMpayZ.o
 .debug_abbrev  0x0000000000000012      0x3bd Obj/main.o
 .debug_abbrev  0x00000000000003cf      0x274 Obj/stm32f4xx_hal_msp.o
 .debug_abbrev  0x0000000000000643      0x27c Obj/stm32f4xx_it.o
 .debug_abbrev  0x00000000000008bf      0x20d Obj/usb_device.o
 .debug_abbrev  0x0000000000000acc      0x36b Obj/usb_usr.o
 .debug_abbrev  0x0000000000000e37      0x306 Obj/usbd_cdc_if.o
 .debug_abbrev  0x000000000000113d      0x2f9 Obj/usbd_conf.o
 .debug_abbrev  0x0000000000001436      0x2ca Obj/usbd_desc.o
 .debug_abbrev  0x0000000000001700      0x11f Obj/system_stm32f4xx.o
 .debug_abbrev  0x000000000000181f      0x335 Obj/usbd_core.o
 .debug_abbrev  0x0000000000001b54      0x3d7 Obj/usbd_ctlreq.o
 .debug_abbrev  0x0000000000001f2b      0x207 Obj/usbd_ioreq.o
 .debug_abbrev  0x0000000000002132      0x315 Obj/usbd_cdc.o
 .debug_abbrev  0x0000000000002447      0x335 ./Drivers/STM32F4xx_HAL_Driver/libstm32f4_hal.a(stm32f4xx_hal.o)
 .debug_abbrev  0x000000000000277c      0x3b9 ./Drivers/STM32F4xx_HAL_Driver/libstm32f4_hal.a(stm32f4xx_hal_cortex.o)
 .debug_abbrev  0x0000000000002b35      0x297 ./Drivers/STM32F4xx_HAL_Driver/libstm32f4_hal.a(stm32f4xx_hal_gpio.o)
 .debug_abbrev  0x0000000000002dcc      0x3c8 ./Drivers/STM32F4xx_HAL_Driver/libstm32f4_hal.a(stm32f4xx_hal_pcd.o)
 .debug_abbrev  0x0000000000003194      0x240 ./Drivers/STM32F4xx_HAL_Driver/libstm32f4_hal.a(stm32f4xx_hal_pcd_ex.o)
 .debug_abbrev  0x00000000000033d4      0x3f3 ./Drivers/STM32F4xx_HAL_Driver/libstm32f4_hal.a(stm32f4xx_hal_rcc.o)
 .debug_abbrev  0x00000000000037c7      0x3f2 ./Drivers/STM32F4xx_HAL_Driver/libstm32f4_hal.a(stm32f4xx_hal_tim.o)
 .debug_abbrev  0x0000000000003bb9      0x361 ./Drivers/STM32F4xx_HAL_Driver/libstm32f4_hal.a(stm32f4xx_hal_tim_ex.o)
 .debug_abbrev  0x0000000000003f1a      0x40f ./Drivers/STM32F4xx_HAL_Driver/libstm32f4_hal.a(stm32f4xx_ll_usb.o)
 .debug_abbrev  0x0000000000004329      0x360 ./Drivers/STM32F4xx_HAL_Driver/libstm32f4_hal.a(stm32f4xx_hal_dma.o)

.debug_aranges  0x0000000000000000      0x690
 .debug_aranges
                0x0000000000000000       0x28 /tmp/ccSMpayZ.o
 .debug_aranges
                0x0000000000000028       0x58 Obj/main.o
 .debug_aranges
                0x0000000000000080       0x30 Obj/stm32f4xx_hal_msp.o
 .debug_aranges
                0x00000000000000b0       0x58 Obj/stm32f4xx_it.o
 .debug_aranges
                0x0000000000000108       0x20 Obj/usb_device.o
 .debug_aranges
                0x0000000000000128       0xa0 Obj/usb_usr.o
 .debug_aranges
                0x00000000000001c8       0x40 Obj/usbd_cdc_if.o
 .debug_aranges
                0x0000000000000208       0xf8 Obj/usbd_conf.o
 .debug_aranges
                0x0000000000000300       0x50 Obj/usbd_desc.o
 .debug_aranges
                0x0000000000000350       0x28 Obj/system_stm32f4xx.o
 .debug_aranges
                0x0000000000000378       0xa8 Obj/usbd_core.o
 .debug_aranges
                0x0000000000000420       0x50 Obj/usbd_ctlreq.o
 .debug_aranges
                0x0000000000000470       0x50 Obj/usbd_ioreq.o
 .debug_aranges
                0x00000000000004c0       0x90 Obj/usbd_cdc.o
 .debug_aranges
                0x0000000000000550       0x20 ./Drivers/STM32F4xx_HAL_Driver/libstm32f4_hal.a(stm32f4xx_hal.o)
 .debug_aranges
                0x0000000000000570       0x20 ./Drivers/STM32F4xx_HAL_Driver/libstm32f4_hal.a(stm32f4xx_hal_cortex.o)
 .debug_aranges
                0x0000000000000590       0x20 ./Drivers/STM32F4xx_HAL_Driver/libstm32f4_hal.a(stm32f4xx_hal_gpio.o)
 .debug_aranges
                0x00000000000005b0       0x20 ./Drivers/STM32F4xx_HAL_Driver/libstm32f4_hal.a(stm32f4xx_hal_pcd.o)
 .debug_aranges
                0x00000000000005d0       0x20 ./Drivers/STM32F4xx_HAL_Driver/libstm32f4_hal.a(stm32f4xx_hal_pcd_ex.o)
 .debug_aranges
                0x00000000000005f0       0x20 ./Drivers/STM32F4xx_HAL_Driver/libstm32f4_hal.a(stm32f4xx_hal_rcc.o)
 .debug_aranges
                0x0000000000000610       0x20 ./Drivers/STM32F4xx_HAL_Driver/libstm32f4_hal.a(stm32f4xx_hal_tim.o)
 .debug_aranges
                0x0000000000000630       0x20 ./Drivers/STM32F4xx_HAL_Driver/libstm32f4_hal.a(stm32f4xx_hal_tim_ex.o)
 .debug_aranges
                0x0000000000000650       0x20 ./Drivers/STM32F4xx_HAL_Driver/libstm32f4_hal.a(stm32f4xx_ll_usb.o)
 .debug_aranges
                0x0000000000000670       0x20 ./Drivers/STM32F4xx_HAL_Driver/libstm32f4_hal.a(stm32f4xx_hal_dma.o)

.debug_ranges   0x0000000000000000      0xb88
 .debug_ranges  0x0000000000000000       0x20 /tmp/ccSMpayZ.o
 .debug_ranges  0x0000000000000020       0xb0 Obj/main.o
 .debug_ranges  0x00000000000000d0       0x68 Obj/stm32f4xx_hal_msp.o
 .debug_ranges  0x0000000000000138       0x48 Obj/stm32f4xx_it.o
 .debug_ranges  0x0000000000000180       0x10 Obj/usb_device.o
 .debug_ranges  0x0000000000000190       0xe0 Obj/usb_usr.o
 .debug_ranges  0x0000000000000270       0x30 Obj/usbd_cdc_if.o
 .debug_ranges  0x00000000000002a0      0x100 Obj/usbd_conf.o
 .debug_ranges  0x00000000000003a0       0x40 Obj/usbd_desc.o
 .debug_ranges  0x00000000000003e0       0x18 Obj/system_stm32f4xx.o
 .debug_ranges  0x00000000000003f8       0x98 Obj/usbd_core.o
 .debug_ranges  0x0000000000000490       0xc0 Obj/usbd_ctlreq.o
 .debug_ranges  0x0000000000000550       0x40 Obj/usbd_ioreq.o
 .debug_ranges  0x0000000000000590       0x80 Obj/usbd_cdc.o
 .debug_ranges  0x0000000000000610       0xc8 ./Drivers/STM32F4xx_HAL_Driver/libstm32f4_hal.a(stm32f4xx_hal_cortex.o)
 .debug_ranges  0x00000000000006d8       0x20 ./Drivers/STM32F4xx_HAL_Driver/libstm32f4_hal.a(stm32f4xx_hal_gpio.o)
 .debug_ranges  0x00000000000006f8       0x38 ./Drivers/STM32F4xx_HAL_Driver/libstm32f4_hal.a(stm32f4xx_hal_pcd.o)
 .debug_ranges  0x0000000000000730      0x118 ./Drivers/STM32F4xx_HAL_Driver/libstm32f4_hal.a(stm32f4xx_hal_rcc.o)
 .debug_ranges  0x0000000000000848      0x238 ./Drivers/STM32F4xx_HAL_Driver/libstm32f4_hal.a(stm32f4xx_hal_tim.o)
 .debug_ranges  0x0000000000000a80       0x68 ./Drivers/STM32F4xx_HAL_Driver/libstm32f4_hal.a(stm32f4xx_ll_usb.o)
 .debug_ranges  0x0000000000000ae8       0xa0 ./Drivers/STM32F4xx_HAL_Driver/libstm32f4_hal.a(stm32f4xx_hal_dma.o)

.debug_loc      0x0000000000000000     0xb7f0
 .debug_loc     0x0000000000000000       0xca Obj/main.o
 .debug_loc     0x00000000000000ca       0xd5 Obj/stm32f4xx_hal_msp.o
 .debug_loc     0x000000000000019f      0x4d9 Obj/usb_usr.o
 .debug_loc     0x0000000000000678      0x1b0 Obj/usbd_cdc_if.o
 .debug_loc     0x0000000000000828      0x6b1 Obj/usbd_conf.o
 .debug_loc     0x0000000000000ed9      0x273 Obj/usbd_desc.o
 .debug_loc     0x000000000000114c      0x11c Obj/system_stm32f4xx.o
 .debug_loc     0x0000000000001268      0x5f2 Obj/usbd_core.o
 .debug_loc     0x000000000000185a      0x7cd Obj/usbd_ctlreq.o
 .debug_loc     0x0000000000002027      0x23c Obj/usbd_ioreq.o
 .debug_loc     0x0000000000002263      0x4cf Obj/usbd_cdc.o
 .debug_loc     0x0000000000002732       0x92 ./Drivers/STM32F4xx_HAL_Driver/libstm32f4_hal.a(stm32f4xx_hal.o)
 .debug_loc     0x00000000000027c4      0x619 ./Drivers/STM32F4xx_HAL_Driver/libstm32f4_hal.a(stm32f4xx_hal_cortex.o)
 .debug_loc     0x0000000000002ddd      0x444 ./Drivers/STM32F4xx_HAL_Driver/libstm32f4_hal.a(stm32f4xx_hal_gpio.o)
 .debug_loc     0x0000000000003221     0x1000 ./Drivers/STM32F4xx_HAL_Driver/libstm32f4_hal.a(stm32f4xx_hal_pcd.o)
 .debug_loc     0x0000000000004221       0xe7 ./Drivers/STM32F4xx_HAL_Driver/libstm32f4_hal.a(stm32f4xx_hal_pcd_ex.o)
 .debug_loc     0x0000000000004308      0x4e4 ./Drivers/STM32F4xx_HAL_Driver/libstm32f4_hal.a(stm32f4xx_hal_rcc.o)
 .debug_loc     0x00000000000047ec     0x400c ./Drivers/STM32F4xx_HAL_Driver/libstm32f4_hal.a(stm32f4xx_hal_tim.o)
 .debug_loc     0x00000000000087f8      0xd39 ./Drivers/STM32F4xx_HAL_Driver/libstm32f4_hal.a(stm32f4xx_hal_tim_ex.o)
 .debug_loc     0x0000000000009531     0x1aa6 ./Drivers/STM32F4xx_HAL_Driver/libstm32f4_hal.a(stm32f4xx_ll_usb.o)
 .debug_loc     0x000000000000afd7      0x819 ./Drivers/STM32F4xx_HAL_Driver/libstm32f4_hal.a(stm32f4xx_hal_dma.o)

.debug_str      0x0000000000000000     0x4dd5
 .debug_str     0x0000000000000000     0x172e Obj/main.o
                                       0x188b (size before relaxing)
 .debug_str     0x000000000000172e       0x8b Obj/stm32f4xx_hal_msp.o
                                       0x1056 (size before relaxing)
 .debug_str     0x00000000000017b9      0x3ae Obj/stm32f4xx_it.o
                                        0xdd9 (size before relaxing)
 .debug_str     0x0000000000001b67       0x5c Obj/usb_device.o
                                        0xa22 (size before relaxing)
 .debug_str     0x0000000000001bc3      0x29a Obj/usb_usr.o
                                        0xcfa (size before relaxing)
 .debug_str     0x0000000000001e5d      0x134 Obj/usbd_cdc_if.o
                                        0xb7b (size before relaxing)
 .debug_str     0x0000000000001f91      0x509 Obj/usbd_conf.o
                                       0x1855 (size before relaxing)
 .debug_str     0x000000000000249a      0x11a Obj/usbd_desc.o
                                        0x7fd (size before relaxing)
 .debug_str     0x00000000000025b4       0x84 Obj/system_stm32f4xx.o
                                        0x3ba (size before relaxing)
 .debug_str     0x0000000000002638      0x147 Obj/usbd_core.o
                                        0xc44 (size before relaxing)
 .debug_str     0x000000000000277f       0xe4 Obj/usbd_ctlreq.o
                                        0xb5e (size before relaxing)
 .debug_str     0x0000000000002863       0x62 Obj/usbd_ioreq.o
                                        0xa8b (size before relaxing)
 .debug_str     0x00000000000028c5      0x185 Obj/usbd_cdc.o
                                        0xcba (size before relaxing)
 .debug_str     0x0000000000002a4a      0x316 ./Drivers/STM32F4xx_HAL_Driver/libstm32f4_hal.a(stm32f4xx_hal.o)
                                        0xe57 (size before relaxing)
 .debug_str     0x0000000000002d60      0x2cc ./Drivers/STM32F4xx_HAL_Driver/libstm32f4_hal.a(stm32f4xx_hal_cortex.o)
                                        0xfb1 (size before relaxing)
 .debug_str     0x000000000000302c       0xdc ./Drivers/STM32F4xx_HAL_Driver/libstm32f4_hal.a(stm32f4xx_hal_gpio.o)
                                        0x8ae (size before relaxing)
 .debug_str     0x0000000000003108      0x45e ./Drivers/STM32F4xx_HAL_Driver/libstm32f4_hal.a(stm32f4xx_hal_pcd.o)
                                        0xfa2 (size before relaxing)
 .debug_str     0x0000000000003566       0x2a ./Drivers/STM32F4xx_HAL_Driver/libstm32f4_hal.a(stm32f4xx_hal_pcd_ex.o)
                                        0x93a (size before relaxing)
 .debug_str     0x0000000000003590      0x141 ./Drivers/STM32F4xx_HAL_Driver/libstm32f4_hal.a(stm32f4xx_hal_rcc.o)
                                        0xa79 (size before relaxing)
 .debug_str     0x00000000000036d1      0xc3f ./Drivers/STM32F4xx_HAL_Driver/libstm32f4_hal.a(stm32f4xx_hal_tim.o)
                                       0x176b (size before relaxing)
 .debug_str     0x0000000000004310      0x475 ./Drivers/STM32F4xx_HAL_Driver/libstm32f4_hal.a(stm32f4xx_hal_tim_ex.o)
                                       0x1023 (size before relaxing)
 .debug_str     0x0000000000004785      0x388 ./Drivers/STM32F4xx_HAL_Driver/libstm32f4_hal.a(stm32f4xx_ll_usb.o)
                                        0xf5e (size before relaxing)
 .debug_str     0x0000000000004b0d      0x2c8 ./Drivers/STM32F4xx_HAL_Driver/libstm32f4_hal.a(stm32f4xx_hal_dma.o)
                                        0xb35 (size before relaxing)

.comment        0x0000000000000000       0x43
 .comment       0x0000000000000000       0x1d Obj/main.o
                                         0x1e (size before relaxing)
 .comment       0x000000000000001d       0x1e Obj/stm32f4xx_hal_msp.o
 .comment       0x000000000000001d       0x1e Obj/stm32f4xx_it.o
 .comment       0x000000000000001d       0x1e Obj/usb_device.o
 .comment       0x000000000000001d       0x1e Obj/usb_usr.o
 .comment       0x000000000000001d       0x1e Obj/usbd_cdc_if.o
 .comment       0x000000000000001d       0x1e Obj/usbd_conf.o
 .comment       0x000000000000001d       0x1e Obj/usbd_desc.o
 .comment       0x000000000000001d       0x1e Obj/system_stm32f4xx.o
 .comment       0x000000000000001d       0x1e Obj/usbd_core.o
 .comment       0x000000000000001d       0x1e Obj/usbd_ctlreq.o
 .comment       0x000000000000001d       0x1e Obj/usbd_ioreq.o
 .comment       0x000000000000001d       0x1e Obj/usbd_cdc.o
 .comment       0x000000000000001d       0x26 ./Drivers/STM32F4xx_HAL_Driver/libstm32f4_hal.a(stm32f4xx_hal.o)
                                         0x27 (size before relaxing)
 .comment       0x0000000000000043       0x27 ./Drivers/STM32F4xx_HAL_Driver/libstm32f4_hal.a(stm32f4xx_hal_cortex.o)
 .comment       0x0000000000000043       0x27 ./Drivers/STM32F4xx_HAL_Driver/libstm32f4_hal.a(stm32f4xx_hal_gpio.o)
 .comment       0x0000000000000043       0x27 ./Drivers/STM32F4xx_HAL_Driver/libstm32f4_hal.a(stm32f4xx_hal_pcd.o)
 .comment       0x0000000000000043       0x27 ./Drivers/STM32F4xx_HAL_Driver/libstm32f4_hal.a(stm32f4xx_hal_pcd_ex.o)
 .comment       0x0000000000000043       0x27 ./Drivers/STM32F4xx_HAL_Driver/libstm32f4_hal.a(stm32f4xx_hal_rcc.o)
 .comment       0x0000000000000043       0x27 ./Drivers/STM32F4xx_HAL_Driver/libstm32f4_hal.a(stm32f4xx_hal_tim.o)
 .comment       0x0000000000000043       0x27 ./Drivers/STM32F4xx_HAL_Driver/libstm32f4_hal.a(stm32f4xx_hal_tim_ex.o)
 .comment       0x0000000000000043       0x27 ./Drivers/STM32F4xx_HAL_Driver/libstm32f4_hal.a(stm32f4xx_ll_usb.o)
 .comment       0x0000000000000043       0x27 ./Drivers/STM32F4xx_HAL_Driver/libstm32f4_hal.a(stm32f4xx_hal_dma.o)
